Archive member included to satisfy reference by file (symbol)

c:/st/stm32cubeide_1.0.0/stm32cubeide/plugins/com.st.stm32cube.ide.mcu.externaltools.gnu-tools-for-stm32.7-2018-q2-update.win32_1.0.0.201904181610/tools/bin/../lib/gcc/arm-none-eabi/7.3.1/../../../../arm-none-eabi/lib/thumb/v7-m\libstdc++_nano.a(del_opv.o)
                              Src/Class/CUart.o (operator delete[](void*))
c:/st/stm32cubeide_1.0.0/stm32cubeide/plugins/com.st.stm32cube.ide.mcu.externaltools.gnu-tools-for-stm32.7-2018-q2-update.win32_1.0.0.201904181610/tools/bin/../lib/gcc/arm-none-eabi/7.3.1/../../../../arm-none-eabi/lib/thumb/v7-m\libstdc++_nano.a(pure.o)
                              Src/Class/CAnalysisOfFrame.o (__cxa_pure_virtual)
c:/st/stm32cubeide_1.0.0/stm32cubeide/plugins/com.st.stm32cube.ide.mcu.externaltools.gnu-tools-for-stm32.7-2018-q2-update.win32_1.0.0.201904181610/tools/bin/../lib/gcc/arm-none-eabi/7.3.1/../../../../arm-none-eabi/lib/thumb/v7-m\libstdc++_nano.a(new_opv.o)
                              Src/Class/CUart.o (operator new[](unsigned int))
c:/st/stm32cubeide_1.0.0/stm32cubeide/plugins/com.st.stm32cube.ide.mcu.externaltools.gnu-tools-for-stm32.7-2018-q2-update.win32_1.0.0.201904181610/tools/bin/../lib/gcc/arm-none-eabi/7.3.1/../../../../arm-none-eabi/lib/thumb/v7-m\libstdc++_nano.a(del_ops.o)
                              Src/Class/CKeyboard/CKeyboard.o (operator delete(void*, unsigned int))
c:/st/stm32cubeide_1.0.0/stm32cubeide/plugins/com.st.stm32cube.ide.mcu.externaltools.gnu-tools-for-stm32.7-2018-q2-update.win32_1.0.0.201904181610/tools/bin/../lib/gcc/arm-none-eabi/7.3.1/../../../../arm-none-eabi/lib/thumb/v7-m\libstdc++_nano.a(new_op.o)
                              Src/Class/CGPSModule.o (operator new(unsigned int))
c:/st/stm32cubeide_1.0.0/stm32cubeide/plugins/com.st.stm32cube.ide.mcu.externaltools.gnu-tools-for-stm32.7-2018-q2-update.win32_1.0.0.201904181610/tools/bin/../lib/gcc/arm-none-eabi/7.3.1/../../../../arm-none-eabi/lib/thumb/v7-m\libstdc++_nano.a(new_handler.o)
                              c:/st/stm32cubeide_1.0.0/stm32cubeide/plugins/com.st.stm32cube.ide.mcu.externaltools.gnu-tools-for-stm32.7-2018-q2-update.win32_1.0.0.201904181610/tools/bin/../lib/gcc/arm-none-eabi/7.3.1/../../../../arm-none-eabi/lib/thumb/v7-m\libstdc++_nano.a(new_op.o) (std::get_new_handler())
c:/st/stm32cubeide_1.0.0/stm32cubeide/plugins/com.st.stm32cube.ide.mcu.externaltools.gnu-tools-for-stm32.7-2018-q2-update.win32_1.0.0.201904181610/tools/bin/../lib/gcc/arm-none-eabi/7.3.1/../../../../arm-none-eabi/lib/thumb/v7-m\libstdc++_nano.a(del_op.o)
                              Src/Class/CGPSModule.o (operator delete(void*))
c:/st/stm32cubeide_1.0.0/stm32cubeide/plugins/com.st.stm32cube.ide.mcu.externaltools.gnu-tools-for-stm32.7-2018-q2-update.win32_1.0.0.201904181610/tools/bin/../lib/gcc/arm-none-eabi/7.3.1/../../../../arm-none-eabi/lib/thumb/v7-m\libstdc++_nano.a(eh_terminate.o)
                              c:/st/stm32cubeide_1.0.0/stm32cubeide/plugins/com.st.stm32cube.ide.mcu.externaltools.gnu-tools-for-stm32.7-2018-q2-update.win32_1.0.0.201904181610/tools/bin/../lib/gcc/arm-none-eabi/7.3.1/../../../../arm-none-eabi/lib/thumb/v7-m\libstdc++_nano.a(pure.o) (std::terminate())
c:/st/stm32cubeide_1.0.0/stm32cubeide/plugins/com.st.stm32cube.ide.mcu.externaltools.gnu-tools-for-stm32.7-2018-q2-update.win32_1.0.0.201904181610/tools/bin/../lib/gcc/arm-none-eabi/7.3.1/../../../../arm-none-eabi/lib/thumb/v7-m\libstdc++_nano.a(allocator-inst.o)
                              Src/main.o (std::allocator<char>::allocator())
c:/st/stm32cubeide_1.0.0/stm32cubeide/plugins/com.st.stm32cube.ide.mcu.externaltools.gnu-tools-for-stm32.7-2018-q2-update.win32_1.0.0.201904181610/tools/bin/../lib/gcc/arm-none-eabi/7.3.1/../../../../arm-none-eabi/lib/thumb/v7-m\libstdc++_nano.a(list.o)
                              Src/Class/CGPSModule.o (std::__detail::_List_node_base::_M_hook(std::__detail::_List_node_base*))
c:/st/stm32cubeide_1.0.0/stm32cubeide/plugins/com.st.stm32cube.ide.mcu.externaltools.gnu-tools-for-stm32.7-2018-q2-update.win32_1.0.0.201904181610/tools/bin/../lib/gcc/arm-none-eabi/7.3.1/../../../../arm-none-eabi/lib/thumb/v7-m\libstdc++_nano.a(tree.o)
                              Src/Class/CKeyboard/CKeyboard.o (std::_Rb_tree_increment(std::_Rb_tree_node_base*))
c:/st/stm32cubeide_1.0.0/stm32cubeide/plugins/com.st.stm32cube.ide.mcu.externaltools.gnu-tools-for-stm32.7-2018-q2-update.win32_1.0.0.201904181610/tools/bin/../lib/gcc/arm-none-eabi/7.3.1/../../../../arm-none-eabi/lib/thumb/v7-m\libstdc++_nano.a(functexcept.o)
                              Src/Class/CGPSModule.o (std::__throw_bad_alloc())
c:/st/stm32cubeide_1.0.0/stm32cubeide/plugins/com.st.stm32cube.ide.mcu.externaltools.gnu-tools-for-stm32.7-2018-q2-update.win32_1.0.0.201904181610/tools/bin/../lib/gcc/arm-none-eabi/7.3.1/../../../../arm-none-eabi/lib/thumb/v7-m\libstdc++_nano.a(string-inst.o)
[...]
Memory Configuration

Name             Origin             Length             Attributes
RAM              0x0000000020000000 0x0000000000005000 xrw
FLASH            0x0000000008000000 0x0000000000010000 xr
*default*        0x0000000000000000 0xffffffffffffffff

Linker script and memory map

LOAD c:/st/stm32cubeide_1.0.0/stm32cubeide/plugins/com.st.stm32cube.ide.mcu.externaltools.gnu-tools-for-stm32.7-2018-q2-update.win32_1.0.0.201904181610/tools/bin/../lib/gcc/arm-none-eabi/7.3.1/thumb/v7-m/crti.o
LOAD c:/st/stm32cubeide_1.0.0/stm32cubeide/plugins/com.st.stm32cube.ide.mcu.externaltools.gnu-tools-for-stm32.7-2018-q2-update.win32_1.0.0.201904181610/tools/bin/../lib/gcc/arm-none-eabi/7.3.1/thumb/v7-m/crtbegin.o
LOAD c:/st/stm32cubeide_1.0.0/stm32cubeide/plugins/com.st.stm32cube.ide.mcu.externaltools.gnu-tools-for-stm32.7-2018-q2-update.win32_1.0.0.201904181610/tools/bin/../lib/gcc/arm-none-eabi/7.3.1/../../../../arm-none-eabi/lib/thumb/v7-m/crt0.o
LOAD Drivers/STM32F1xx_HAL_Driver/Src/stm32f1xx_hal.o
LOAD Drivers/STM32F1xx_HAL_Driver/Src/stm32f1xx_hal_cortex.o
LOAD Drivers/STM32F1xx_HAL_Driver/Src/stm32f1xx_hal_dma.o
LOAD Drivers/STM32F1xx_HAL_Driver/Src/stm32f1xx_hal_exti.o
LOAD Drivers/STM32F1xx_HAL_Driver/Src/stm32f1xx_hal_flash.o
LOAD Drivers/STM32F1xx_HAL_Driver/Src/stm32f1xx_hal_flash_ex.o
LOAD Drivers/STM32F1xx_HAL_Driver/Src/stm32f1xx_hal_gpio.o
LOAD Drivers/STM32F1xx_HAL_Driver/Src/stm32f1xx_hal_gpio_ex.o
LOAD Drivers/STM32F1xx_HAL_Driver/Src/stm32f1xx_hal_pwr.o
LOAD Drivers/STM32F1xx_HAL_Driver/Src/stm32f1xx_hal_rcc.o
LOAD Drivers/STM32F1xx_HAL_Driver/Src/stm32f1xx_hal_rcc_ex.o
LOAD Drivers/STM32F1xx_HAL_Driver/Src/stm32f1xx_hal_tim.o
LOAD Drivers/STM32F1xx_HAL_Driver/Src/stm32f1xx_hal_tim_ex.o
LOAD Drivers/STM32F1xx_HAL_Driver/Src/stm32f1xx_hal_uart.o
LOAD Middlewares/Third_Party/FreeRTOS/Source/CMSIS_RTOS/cmsis_os.o
LOAD Middlewares/Third_Party/FreeRTOS/Source/croutine.o
LOAD Middlewares/Third_Party/FreeRTOS/Source/event_groups.o
LOAD Middlewares/Third_Party/FreeRTOS/Source/list.o
LOAD Middlewares/Third_Party/FreeRTOS/Source/queue.o
LOAD Middlewares/Third_Party/FreeRTOS/Source/stream_buffer.o
LOAD Middlewares/Third_Party/FreeRTOS/Source/tasks.o
LOAD Middlewares/Third_Party/FreeRTOS/Source/timers.o
LOAD Middlewares/Third_Party/FreeRTOS/Source/portable/GCC/ARM_CM3/port.o
LOAD Middlewares/Third_Party/FreeRTOS/Source/portable/MemMang/heap_4.o
LOAD Src/Cfile/Printf.o
LOAD Src/Class/CAnalysisOfFrame.o
LOAD Src/Class/CDevice.o
LOAD Src/Class/CDeviceDecorator.o
LOAD Src/Class/CGPSModule.o
LOAD Src/Class/CObserver.o
LOAD Src/Class/CStrategy.o
LOAD Src/Class/CSubject.o
LOAD Src/Class/CTimerMeter.o
LOAD Src/Class/CUart.o
LOAD Src/Class/CKeyboard/CKeyboard.o
LOAD Src/freertos.o
LOAD Src/main.o
LOAD Src/stm32f1xx_hal_msp.o
LOAD Src/stm32f1xx_hal_timebase_tim.o
LOAD Src/stm32f1xx_it.o
LOAD Src/syscalls.o
LOAD Src/sysmem.o
LOAD Src/system_stm32f1xx.o
LOAD Startup/startup_stm32f103c8tx.o
START GROUP
LOAD c:/st/stm32cubeide_1.0.0/stm32cubeide/plugins/com.st.stm32cube.ide.mcu.externaltools.gnu-tools-for-stm32.7-2018-q2-update.win32_1.0.0.201904181610/tools/bin/../lib/gcc/arm-none-eabi/7.3.1/../../../../arm-none-eabi/lib/thumb/v7-m\libstdc++_nano.a
LOAD c:/st/stm32cubeide_1.0.0/stm32cubeide/plugins/com.st.stm32cube.ide.mcu.externaltools.gnu-tools-for-stm32.7-2018-q2-update.win32_1.0.0.201904181610/tools/bin/../lib/gcc/arm-none-eabi/7.3.1/../../../../arm-none-eabi/lib/thumb/v7-m\libsupc++_nano.a
END GROUP
LOAD c:/st/stm32cubeide_1.0.0/stm32cubeide/plugins/com.st.stm32cube.ide.mcu.externaltools.gnu-tools-for-stm32.7-2018-q2-update.win32_1.0.0.201904181610/tools/bin/../lib/gcc/arm-none-eabi/7.3.1/../../../../arm-none-eabi/lib/thumb/v7-m\libstdc++_nano.a
LOAD c:/st/stm32cubeide_1.0.0/stm32cubeide/plugins/com.st.stm32cube.ide.mcu.externaltools.gnu-tools-for-stm32.7-2018-q2-update.win32_1.0.0.201904181610/tools/bin/../lib/gcc/arm-none-eabi/7.3.1/../../../../arm-none-eabi/lib/thumb/v7-m\libm.a
LOAD c:/st/stm32cubeide_1.0.0/stm32cubeide/plugins/com.st.stm32cube.ide.mcu.externaltools.gnu-tools-for-stm32.7-2018-q2-update.win32_1.0.0.201904181610/tools/bin/../lib/gcc/arm-none-eabi/7.3.1/../../../../arm-none-eabi/lib/thumb/v7-m\libc_nano.a
START GROUP
LOAD c:/st/stm32cubeide_1.0.0/stm32cubeide/plugins/com.st.stm32cube.ide.mcu.externaltools.gnu-tools-for-stm32.7-2018-q2-update.win32_1.0.0.201904181610/tools/bin/../lib/gcc/arm-none-eabi/7.3.1/thumb/v7-m\libgcc.a
LOAD c:/st/stm32cubeide_1.0.0/stm32cubeide/plugins/com.st.stm32cube.ide.mcu.externaltools.gnu-tools-for-stm32.7-2018-q2-update.win32_1.0.0.201904181610/tools/bin/../lib/gcc/arm-none-eabi/7.3.1/../../../../arm-none-eabi/lib/thumb/v7-m\libc_nano.a
END GROUP
START GROUP
LOAD c:/st/stm32cubeide_1.0.0/stm32cubeide/plugins/com.st.stm32cube.ide.mcu.externaltools.gnu-tools-for-stm32.7-2018-q2-update.win32_1.0.0.201904181610/tools/bin/../lib/gcc/arm-none-eabi/7.3.1/thumb/v7-m\libgcc.a
LOAD c:/st/stm32cubeide_1.0.0/stm32cubeide/plugins/com.st.stm32cube.ide.mcu.externaltools.gnu-tools-for-stm32.7-2018-q2-update.win32_1.0.0.201904181610/tools/bin/../lib/gcc/arm-none-eabi/7.3.1/../../../../arm-none-eabi/lib/thumb/v7-m\libc_nano.a
END GROUP
LOAD c:/st/stm32cubeide_1.0.0/stm32cubeide/plugins/com.st.stm32cube.ide.mcu.externaltools.gnu-tools-for-stm32.7-2018-q2-update.win32_1.0.0.201904181610/tools/bin/../lib/gcc/arm-none-eabi/7.3.1/thumb/v7-m/crtend.o
LOAD c:/st/stm32cubeide_1.0.0/stm32cubeide/plugins/com.st.stm32cube.ide.mcu.externaltools.gnu-tools-for-stm32.7-2018-q2-update.win32_1.0.0.201904181610/tools/bin/../lib/gcc/arm-none-eabi/7.3.1/thumb/v7-m/crtn.o
                0x0000000020005000                _estack = 0x20005000
                0x0000000000000200                _Min_Heap_Size = 0x200
                0x0000000000000400                _Min_Stack_Size = 0x400

.isr_vector     0x0000000008000000      0x10c
                0x0000000008000000                . = ALIGN (0x4)
 *(.isr_vector)
 .isr_vector    0x0000000008000000      0x10c Startup/startup_stm32f103c8tx.o
                0x0000000008000000                g_pfnVectors
                0x000000000800010c                . = ALIGN (0x4)

.text           0x0000000008000110     0x7a20
                0x0000000008000110                . = ALIGN (0x4)
 *(.text)
 .text          0x0000000008000110       0x40 c:/st/stm32cubeide_1.0.0/stm32cubeide/plugins/com.st.stm32cube.ide.mcu.externaltools.gnu-tools-for-stm32.7-2018-q2-update.win32_1.0.0.201904181610/tools/bin/../lib/gcc/arm-none-eabi/7.3.1/thumb/v7-m/crtbegin.o
 .text          0x0000000008000150       0x10 c:/st/stm32cubeide_1.0.0/stm32cubeide/plugins/com.st.stm32cube.ide.mcu.externaltools.gnu-tools-for-stm32.7-2018-q2-update.win32_1.0.0.201904181610/tools/bin/../lib/gcc/arm-none-eabi/7.3.1/../../../../arm-none-eabi/lib/thumb/v7-m\libc_nano.a(lib_a-strlen.o)
                0x0000000008000150                strlen
 .text          0x0000000008000160      0x378 c:/st/stm32cubeide_1.0.0/stm32cubeide/plugins/com.st.stm32cube.ide.mcu.externaltools.gnu-tools-for-stm32.7-2018-q2-update.win32_1.0.0.201904181610/tools/bin/../lib/gcc/arm-none-eabi/7.3.1/thumb/v7-m\libgcc.a(_arm_addsubdf3.o)
                0x0000000008000160                __aeabi_drsub
                0x0000000008000168                __aeabi_dsub
                0x0000000008000168                __subdf3
                0x000000000800016c                __aeabi_dadd
                0x000000000800016c                __adddf3
                0x00000000080003e4                __floatunsidf
                0x00000000080003e4                __aeabi_ui2d
                0x0000000008000404                __floatsidf
                0x0000000008000404                __aeabi_i2d
                0x0000000008000428                __aeabi_f2d
                0x0000000008000428                __extendsfdf2
                0x000000000800046c                __floatundidf
                0x000000000800046c                __aeabi_ul2d
                0x000000000800047c                __floatdidf
                0x000000000800047c                __aeabi_l2d
 *(.text*)
 .text.HAL_Init
                0x00000000080004d8       0x2c Drivers/STM32F1xx_HAL_Driver/Src/stm32f1xx_hal.o
                0x00000000080004d8                HAL_Init
 .text.HAL_IncTick
                0x0000000008000504       0x24 Drivers/STM32F1xx_HAL_Driver/Src/stm32f1xx_hal.o
                0x0000000008000504                HAL_IncTick
 .text.HAL_GetTick
                0x0000000008000528       0x14 Drivers/STM32F1xx_HAL_Driver/Src/stm32f1xx_hal.o
                0x0000000008000528                HAL_GetTick
 .text.__NVIC_SetPriorityGrouping
                0x000000000800053c       0x48 Drivers/STM32F1xx_HAL_Driver/Src/stm32f1xx_hal_cortex.o
 .text.__NVIC_GetPriorityGrouping
                0x0000000008000584       0x1c Drivers/STM32F1xx_HAL_Driver/Src/stm32f1xx_hal_cortex.o
 .text.__NVIC_EnableIRQ
                0x00000000080005a0       0x38 Drivers/STM32F1xx_HAL_Driver/Src/stm32f1xx_hal_cortex.o
 .text.__NVIC_SetPriority
                0x00000000080005d8       0x54 Drivers/STM32F1xx_HAL_Driver/Src/stm32f1xx_hal_cortex.o
 .text.NVIC_EncodePriority
                0x000000000800062c       0x64 Drivers/STM32F1xx_HAL_Driver/Src/stm32f1xx_hal_cortex.o
 .text.HAL_NVIC_SetPriorityGrouping
                0x0000000008000690       0x16 Drivers/STM32F1xx_HAL_Driver/Src/stm32f1xx_hal_cortex.o
                0x0000000008000690                HAL_NVIC_SetPriorityGrouping
 .text.HAL_NVIC_SetPriority
                0x00000000080006a6       0x38 Drivers/STM32F1xx_HAL_Driver/Src/stm32f1xx_hal_cortex.o
                0x00000000080006a6                HAL_NVIC_SetPriority
 .text.HAL_NVIC_EnableIRQ
                0x00000000080006de       0x1c Drivers/STM32F1xx_HAL_Driver/Src/stm32f1xx_hal_cortex.o
                0x00000000080006de                HAL_NVIC_EnableIRQ
 *fill*         0x00000000080006fa        0x2 
 .text.HAL_DMA_Init
                0x00000000080006fc       0xb4 Drivers/STM32F1xx_HAL_Driver/Src/stm32f1xx_hal_dma.o
                0x00000000080006fc                HAL_DMA_Init
 .text.HAL_DMA_Start_IT
                0x00000000080007b0       0xbe Drivers/STM32F1xx_HAL_Driver/Src/stm32f1xx_hal_dma.o
                0x00000000080007b0                HAL_DMA_Start_IT
 *fill*         0x000000000800086e        0x2 
 .text.HAL_DMA_Abort_IT
                0x0000000008000870       0xec Drivers/STM32F1xx_HAL_Driver/Src/stm32f1xx_hal_dma.o
                0x0000000008000870                HAL_DMA_Abort_IT
 .text.HAL_DMA_IRQHandler
                0x000000000800095c      0x20c Drivers/STM32F1xx_HAL_Driver/Src/stm32f1xx_hal_dma.o
                0x000000000800095c                HAL_DMA_IRQHandler
 .text.DMA_SetConfig
                0x0000000008000b68       0x5a Drivers/STM32F1xx_HAL_Driver/Src/stm32f1xx_hal_dma.o
 *fill*         0x0000000008000bc2        0x2 
 .text.HAL_GPIO_Init
                0x0000000008000bc4      0x2b4 Drivers/STM32F1xx_HAL_Driver/Src/stm32f1xx_hal_gpio.o
                0x0000000008000bc4                HAL_GPIO_Init
 .text.HAL_GPIO_WritePin
                0x0000000008000e78       0x30 Drivers/STM32F1xx_HAL_Driver/Src/stm32f1xx_hal_gpio.o
                0x0000000008000e78                HAL_GPIO_WritePin
 .text.HAL_RCC_OscConfig
                0x0000000008000ea8      0x500 Drivers/STM32F1xx_HAL_Driver/Src/stm32f1xx_hal_rcc.o
                0x0000000008000ea8                HAL_RCC_OscConfig
 .text.HAL_RCC_ClockConfig
                0x00000000080013a8      0x1d4 Drivers/STM32F1xx_HAL_Driver/Src/stm32f1xx_hal_rcc.o
                0x00000000080013a8                HAL_RCC_ClockConfig
 .text.HAL_RCC_GetSysClockFreq
                0x000000000800157c       0xc4 Drivers/STM32F1xx_HAL_Driver/Src/stm32f1xx_hal_rcc.o
                0x000000000800157c                HAL_RCC_GetSysClockFreq
 .text.HAL_RCC_GetHCLKFreq
                0x0000000008001640       0x14 Drivers/STM32F1xx_HAL_Driver/Src/stm32f1xx_hal_rcc.o
                0x0000000008001640                HAL_RCC_GetHCLKFreq
 .text.HAL_RCC_GetPCLK1Freq
                0x0000000008001654       0x28 Drivers/STM32F1xx_HAL_Driver/Src/stm32f1xx_hal_rcc.o
                0x0000000008001654                HAL_RCC_GetPCLK1Freq
 .text.HAL_RCC_GetPCLK2Freq
                0x000000000800167c       0x28 Drivers/STM32F1xx_HAL_Driver/Src/stm32f1xx_hal_rcc.o
                0x000000000800167c                HAL_RCC_GetPCLK2Freq
 .text.HAL_RCC_GetClockConfig
                0x00000000080016a4       0x60 Drivers/STM32F1xx_HAL_Driver/Src/stm32f1xx_hal_rcc.o
                0x00000000080016a4                HAL_RCC_GetClockConfig
 .text.RCC_Delay
                0x0000000008001704       0x3c Drivers/STM32F1xx_HAL_Driver/Src/stm32f1xx_hal_rcc.o
 .text.HAL_TIM_Base_Init
                0x0000000008001740       0x56 Drivers/STM32F1xx_HAL_Driver/Src/stm32f1xx_hal_tim.o
                0x0000000008001740                HAL_TIM_Base_Init
 .text.HAL_TIM_Base_Start_IT
                0x0000000008001796       0x46 Drivers/STM32F1xx_HAL_Driver/Src/stm32f1xx_hal_tim.o
                0x0000000008001796                HAL_TIM_Base_Start_IT
 .text.HAL_TIM_IRQHandler
                0x00000000080017dc      0x210 Drivers/STM32F1xx_HAL_Driver/Src/stm32f1xx_hal_tim.o
                0x00000000080017dc                HAL_TIM_IRQHandler
 .text.HAL_TIM_ConfigClockSource
                0x00000000080019ec      0x16e Drivers/STM32F1xx_HAL_Driver/Src/stm32f1xx_hal_tim.o
                0x00000000080019ec                HAL_TIM_ConfigClockSource
 .text.HAL_TIM_OC_DelayElapsedCallback
                0x0000000008001b5a       0x12 Drivers/STM32F1xx_HAL_Driver/Src/stm32f1xx_hal_tim.o
                0x0000000008001b5a                HAL_TIM_OC_DelayElapsedCallback
 .text.HAL_TIM_IC_CaptureCallback
                0x0000000008001b6c       0x12 Drivers/STM32F1xx_HAL_Driver/Src/stm32f1xx_hal_tim.o
                0x0000000008001b6c                HAL_TIM_IC_CaptureCallback
 .text.HAL_TIM_PWM_PulseFinishedCallback
                0x0000000008001b7e       0x12 Drivers/STM32F1xx_HAL_Driver/Src/stm32f1xx_hal_tim.o
                0x0000000008001b7e                HAL_TIM_PWM_PulseFinishedCallback
 .text.HAL_TIM_TriggerCallback
                0x0000000008001b90       0x12 Drivers/STM32F1xx_HAL_Driver/Src/stm32f1xx_hal_tim.o
                0x0000000008001b90                HAL_TIM_TriggerCallback
 *fill*         0x0000000008001ba2        0x2 
 .text.TIM_Base_SetConfig
                0x0000000008001ba4       0xc4 Drivers/STM32F1xx_HAL_Driver/Src/stm32f1xx_hal_tim.o
                0x0000000008001ba4                TIM_Base_SetConfig
 .text.TIM_TI1_ConfigInputStage
                0x0000000008001c68       0x5c Drivers/STM32F1xx_HAL_Driver/Src/stm32f1xx_hal_tim.o
 .text.TIM_TI2_ConfigInputStage
                0x0000000008001cc4       0x5e Drivers/STM32F1xx_HAL_Driver/Src/stm32f1xx_hal_tim.o
 .text.TIM_ITRx_SetConfig
                0x0000000008001d22       0x34 Drivers/STM32F1xx_HAL_Driver/Src/stm32f1xx_hal_tim.o
 .text.TIM_ETR_SetConfig
                0x0000000008001d56       0x3e Drivers/STM32F1xx_HAL_Driver/Src/stm32f1xx_hal_tim.o
                0x0000000008001d56                TIM_ETR_SetConfig
 .text.HAL_TIMEx_MasterConfigSynchronization
                0x0000000008001d94       0x88 Drivers/STM32F1xx_HAL_Driver/Src/stm32f1xx_hal_tim_ex.o
                0x0000000008001d94                HAL_TIMEx_MasterConfigSynchronization
 .text.HAL_TIMEx_CommutCallback
                0x0000000008001e1c       0x12 Drivers/STM32F1xx_HAL_Driver/Src/stm32f1xx_hal_tim_ex.o
                0x0000000008001e1c                HAL_TIMEx_CommutCallback
 .text.HAL_TIMEx_BreakCallback
                0x0000000008001e2e       0x12 Drivers/STM32F1xx_HAL_Driver/Src/stm32f1xx_hal_tim_ex.o
                0x0000000008001e2e                HAL_TIMEx_BreakCallback
 .text.HAL_UART_Init
                0x0000000008001e40       0x9a Drivers/STM32F1xx_HAL_Driver/Src/stm32f1xx_hal_uart.o
                0x0000000008001e40                HAL_UART_Init
 .text.HAL_UART_Transmit
                0x0000000008001eda      0x132 Drivers/STM32F1xx_HAL_Driver/Src/stm32f1xx_hal_uart.o
                0x0000000008001eda                HAL_UART_Transmit
 .text.HAL_UART_Receive
                0x000000000800200c      0x14c Drivers/STM32F1xx_HAL_Driver/Src/stm32f1xx_hal_uart.o
                0x000000000800200c                HAL_UART_Receive
 .text.HAL_UART_Transmit_IT
                0x0000000008002158       0x88 Drivers/STM32F1xx_HAL_Driver/Src/stm32f1xx_hal_uart.o
                0x0000000008002158                HAL_UART_Transmit_IT
 .text.HAL_UART_Receive_IT
                0x00000000080021e0       0xa8 Drivers/STM32F1xx_HAL_Driver/Src/stm32f1xx_hal_uart.o
                0x00000000080021e0                HAL_UART_Receive_IT
 .text.HAL_UART_Transmit_DMA
                0x0000000008002288       0xd8 Drivers/STM32F1xx_HAL_Driver/Src/stm32f1xx_hal_uart.o
                0x0000000008002288                HAL_UART_Transmit_DMA
 .text.HAL_UART_Receive_DMA
                0x0000000008002360      0x100 Drivers/STM32F1xx_HAL_Driver/Src/stm32f1xx_hal_uart.o
                0x0000000008002360                HAL_UART_Receive_DMA
 .text.HAL_UART_IRQHandler
                0x0000000008002460      0x1f8 Drivers/STM32F1xx_HAL_Driver/Src/stm32f1xx_hal_uart.o
                0x0000000008002460                HAL_UART_IRQHandler
 .text.HAL_UART_TxCpltCallback
                0x0000000008002658       0x12 Drivers/STM32F1xx_HAL_Driver/Src/stm32f1xx_hal_uart.o
                0x0000000008002658                HAL_UART_TxCpltCallback
 .text.HAL_UART_TxHalfCpltCallback
                0x000000000800266a       0x12 Drivers/STM32F1xx_HAL_Driver/Src/stm32f1xx_hal_uart.o
                0x000000000800266a                HAL_UART_TxHalfCpltCallback
 .text.HAL_UART_ErrorCallback
                0x000000000800267c       0x12 Drivers/STM32F1xx_HAL_Driver/Src/stm32f1xx_hal_uart.o
                0x000000000800267c                HAL_UART_ErrorCallback
 .text.UART_DMATransmitCplt
                0x000000000800268e       0x52 Drivers/STM32F1xx_HAL_Driver/Src/stm32f1xx_hal_uart.o
 .text.UART_DMATxHalfCplt
                0x00000000080026e0       0x1c Drivers/STM32F1xx_HAL_Driver/Src/stm32f1xx_hal_uart.o
 .text.UART_DMAReceiveCplt
                0x00000000080026fc       0x68 Drivers/STM32F1xx_HAL_Driver/Src/stm32f1xx_hal_uart.o
 .text.UART_DMARxHalfCplt
                0x0000000008002764       0x1c Drivers/STM32F1xx_HAL_Driver/Src/stm32f1xx_hal_uart.o
 .text.UART_DMAError
                0x0000000008002780       0x94 Drivers/STM32F1xx_HAL_Driver/Src/stm32f1xx_hal_uart.o
 .text.UART_WaitOnFlagUntilTimeout
                0x0000000008002814       0x94 Drivers/STM32F1xx_HAL_Driver/Src/stm32f1xx_hal_uart.o
 .text.UART_EndTxTransfer
                0x00000000080028a8       0x2a Drivers/STM32F1xx_HAL_Driver/Src/stm32f1xx_hal_uart.o
 .text.UART_EndRxTransfer
                0x00000000080028d2       0x3a Drivers/STM32F1xx_HAL_Driver/Src/stm32f1xx_hal_uart.o
 .text.UART_DMAAbortOnError
                0x000000000800290c       0x28 Drivers/STM32F1xx_HAL_Driver/Src/stm32f1xx_hal_uart.o
 .text.UART_Transmit_IT
                0x0000000008002934       0xaa Drivers/STM32F1xx_HAL_Driver/Src/stm32f1xx_hal_uart.o
 .text.UART_EndTransmit_IT
                0x00000000080029de       0x30 Drivers/STM32F1xx_HAL_Driver/Src/stm32f1xx_hal_uart.o
 .text.UART_Receive_IT
                0x0000000008002a0e      0x102 Drivers/STM32F1xx_HAL_Driver/Src/stm32f1xx_hal_uart.o
 .text.UART_SetConfig
                0x0000000008002b10      0x1b4 Drivers/STM32F1xx_HAL_Driver/Src/stm32f1xx_hal_uart.o
 .text.makeFreeRtosPriority
                0x0000000008002cc4       0x2e Middlewares/Third_Party/FreeRTOS/Source/CMSIS_RTOS/cmsis_os.o
 .text.osKernelStart
                0x0000000008002cf2        0xe Middlewares/Third_Party/FreeRTOS/Source/CMSIS_RTOS/cmsis_os.o
                0x0000000008002cf2                osKernelStart
 .text.osThreadCreate
                0x0000000008002d00       0x4e Middlewares/Third_Party/FreeRTOS/Source/CMSIS_RTOS/cmsis_os.o
                0x0000000008002d00                osThreadCreate
 .text.osDelay  0x0000000008002d4e       0x28 Middlewares/Third_Party/FreeRTOS/Source/CMSIS_RTOS/cmsis_os.o
                0x0000000008002d4e                osDelay
 .text.vListInitialise
                0x0000000008002d76       0x3e Middlewares/Third_Party/FreeRTOS/Source/list.o
                0x0000000008002d76                vListInitialise
 .text.vListInitialiseItem
                0x0000000008002db4       0x18 Middlewares/Third_Party/FreeRTOS/Source/list.o
                0x0000000008002db4                vListInitialiseItem
 .text.vListInsertEnd
                0x0000000008002dcc       0x46 Middlewares/Third_Party/FreeRTOS/Source/list.o
                0x0000000008002dcc                vListInsertEnd
 .text.vListInsert
                0x0000000008002e12       0x70 Middlewares/Third_Party/FreeRTOS/Source/list.o
                0x0000000008002e12                vListInsert
 .text.uxListRemove
                0x0000000008002e82       0x52 Middlewares/Third_Party/FreeRTOS/Source/list.o
                0x0000000008002e82                uxListRemove
 .text.xQueueGenericReset
                0x0000000008002ed4       0xd0 Middlewares/Third_Party/FreeRTOS/Source/queue.o
                0x0000000008002ed4                xQueueGenericReset
 .text.xQueueGenericCreate
                0x0000000008002fa4       0x72 Middlewares/Third_Party/FreeRTOS/Source/queue.o
                0x0000000008002fa4                xQueueGenericCreate
 .text.prvInitialiseNewQueue
                0x0000000008003016       0x3e Middlewares/Third_Party/FreeRTOS/Source/queue.o
 .text.xQueueGenericSend
                0x0000000008003054      0x1f4 Middlewares/Third_Party/FreeRTOS/Source/queue.o
                0x0000000008003054                xQueueGenericSend
 .text.xQueueGenericSendFromISR
                0x0000000008003248      0x128 Middlewares/Third_Party/FreeRTOS/Source/queue.o
                0x0000000008003248                xQueueGenericSendFromISR
 .text.xQueueReceive
                0x0000000008003370      0x1b8 Middlewares/Third_Party/FreeRTOS/Source/queue.o
                0x0000000008003370                xQueueReceive
 .text.xQueuePeek
                0x0000000008003528      0x1bc Middlewares/Third_Party/FreeRTOS/Source/queue.o
                0x0000000008003528                xQueuePeek
 .text.xQueueReceiveFromISR
                0x00000000080036e4       0xfa Middlewares/Third_Party/FreeRTOS/Source/queue.o
                0x00000000080036e4                xQueueReceiveFromISR
 .text.xQueuePeekFromISR
                0x00000000080037de       0xca Middlewares/Third_Party/FreeRTOS/Source/queue.o
                0x00000000080037de                xQueuePeekFromISR
 .text.uxQueueMessagesWaiting
                0x00000000080038a8       0x3a Middlewares/Third_Party/FreeRTOS/Source/queue.o
                0x00000000080038a8                uxQueueMessagesWaiting
 .text.uxQueueSpacesAvailable
                0x00000000080038e2       0x44 Middlewares/Third_Party/FreeRTOS/Source/queue.o
                0x00000000080038e2                uxQueueSpacesAvailable
 .text.uxQueueMessagesWaitingFromISR
                0x0000000008003926       0x34 Middlewares/Third_Party/FreeRTOS/Source/queue.o
                0x0000000008003926                uxQueueMessagesWaitingFromISR
 .text.vQueueDelete
                0x000000000800395a       0x3a Middlewares/Third_Party/FreeRTOS/Source/queue.o
                0x000000000800395a                vQueueDelete
 .text.prvCopyDataToQueue
                0x0000000008003994       0xd4 Middlewares/Third_Party/FreeRTOS/Source/queue.o
 .text.prvCopyDataFromQueue
                0x0000000008003a68       0x4c Middlewares/Third_Party/FreeRTOS/Source/queue.o
 .text.prvUnlockQueue
                0x0000000008003ab4       0xa4 Middlewares/Third_Party/FreeRTOS/Source/queue.o
 .text.prvIsQueueEmpty
                0x0000000008003b58       0x2c Middlewares/Third_Party/FreeRTOS/Source/queue.o
 .text.prvIsQueueFull
                0x0000000008003b84       0x30 Middlewares/Third_Party/FreeRTOS/Source/queue.o
 .text.vQueueUnregisterQueue
                0x0000000008003bb4       0x50 Middlewares/Third_Party/FreeRTOS/Source/queue.o
                0x0000000008003bb4                vQueueUnregisterQueue
 .text.xTaskCreate
                0x0000000008003c04       0x82 Middlewares/Third_Party/FreeRTOS/Source/tasks.o
                0x0000000008003c04                xTaskCreate
 .text.prvInitialiseNewTask
                0x0000000008003c86       0xfc Middlewares/Third_Party/FreeRTOS/Source/tasks.o
 *fill*         0x0000000008003d82        0x2 
 .text.prvAddNewTaskToReadyList
                0x0000000008003d84       0xd4 Middlewares/Third_Party/FreeRTOS/Source/tasks.o
 .text.vTaskDelay
                0x0000000008003e58       0x68 Middlewares/Third_Party/FreeRTOS/Source/tasks.o
                0x0000000008003e58                vTaskDelay
 .text.vTaskStartScheduler
                0x0000000008003ec0       0x8c Middlewares/Third_Party/FreeRTOS/Source/tasks.o
                0x0000000008003ec0                vTaskStartScheduler
 .text.vTaskSuspendAll
                0x0000000008003f4c       0x1c Middlewares/Third_Party/FreeRTOS/Source/tasks.o
                0x0000000008003f4c                vTaskSuspendAll
 .text.xTaskResumeAll
                0x0000000008003f68      0x138 Middlewares/Third_Party/FreeRTOS/Source/tasks.o
                0x0000000008003f68                xTaskResumeAll
 .text.xTaskIncrementTick
                0x00000000080040a0      0x178 Middlewares/Third_Party/FreeRTOS/Source/tasks.o
                0x00000000080040a0                xTaskIncrementTick
 .text.vTaskSwitchContext
                0x0000000008004218       0xb4 Middlewares/Third_Party/FreeRTOS/Source/tasks.o
                0x0000000008004218                vTaskSwitchContext
 .text.vTaskPlaceOnEventList
                0x00000000080042cc       0x48 Middlewares/Third_Party/FreeRTOS/Source/tasks.o
                0x00000000080042cc                vTaskPlaceOnEventList
 .text.xTaskRemoveFromEventList
                0x0000000008004314       0xc4 Middlewares/Third_Party/FreeRTOS/Source/tasks.o
                0x0000000008004314                xTaskRemoveFromEventList
 .text.vTaskInternalSetTimeOutState
                0x00000000080043d8       0x2c Middlewares/Third_Party/FreeRTOS/Source/tasks.o
                0x00000000080043d8                vTaskInternalSetTimeOutState
 .text.xTaskCheckForTimeOut
                0x0000000008004404       0xc0 Middlewares/Third_Party/FreeRTOS/Source/tasks.o
                0x0000000008004404                xTaskCheckForTimeOut
 .text.vTaskMissedYield
                0x00000000080044c4       0x18 Middlewares/Third_Party/FreeRTOS/Source/tasks.o
                0x00000000080044c4                vTaskMissedYield
 .text.prvIdleTask
                0x00000000080044dc       0x30 Middlewares/Third_Party/FreeRTOS/Source/tasks.o
 .text.prvInitialiseTaskLists
                0x000000000800450c       0x80 Middlewares/Third_Party/FreeRTOS/Source/tasks.o
 .text.prvCheckTasksWaitingTermination
                0x000000000800458c       0x58 Middlewares/Third_Party/FreeRTOS/Source/tasks.o
 .text.prvDeleteTCB
                0x00000000080045e4       0x20 Middlewares/Third_Party/FreeRTOS/Source/tasks.o
 .text.prvResetNextTaskUnblockTime
                0x0000000008004604       0x48 Middlewares/Third_Party/FreeRTOS/Source/tasks.o
 .text.xTaskGetSchedulerState
                0x000000000800464c       0x3c Middlewares/Third_Party/FreeRTOS/Source/tasks.o
                0x000000000800464c                xTaskGetSchedulerState
 .text.xTaskPriorityDisinherit
                0x0000000008004688      0x108 Middlewares/Third_Party/FreeRTOS/Source/tasks.o
                0x0000000008004688                xTaskPriorityDisinherit
 .text.prvAddCurrentTaskToDelayedList
                0x0000000008004790       0xcc Middlewares/Third_Party/FreeRTOS/Source/tasks.o
 .text.pxPortInitialiseStack
                0x000000000800485c       0x58 Middlewares/Third_Party/FreeRTOS/Source/portable/GCC/ARM_CM3/port.o
                0x000000000800485c                pxPortInitialiseStack
 .text.prvTaskExitError
                0x00000000080048b4       0x50 Middlewares/Third_Party/FreeRTOS/Source/portable/GCC/ARM_CM3/port.o
 *fill*         0x0000000008004904        0xc 
 .text.SVC_Handler
                0x0000000008004910       0x28 Middlewares/Third_Party/FreeRTOS/Source/portable/GCC/ARM_CM3/port.o
                0x0000000008004910                SVC_Handler
 .text.prvPortStartFirstTask
                0x0000000008004938       0x20 Middlewares/Third_Party/FreeRTOS/Source/portable/GCC/ARM_CM3/port.o
 .text.xPortStartScheduler
                0x0000000008004958       0xe0 Middlewares/Third_Party/FreeRTOS/Source/portable/GCC/ARM_CM3/port.o
                0x0000000008004958                xPortStartScheduler
 .text.vPortEnterCritical
                0x0000000008004a38       0x5c Middlewares/Third_Party/FreeRTOS/Source/portable/GCC/ARM_CM3/port.o
                0x0000000008004a38                vPortEnterCritical
 .text.vPortExitCritical
                0x0000000008004a94       0x4c Middlewares/Third_Party/FreeRTOS/Source/portable/GCC/ARM_CM3/port.o
                0x0000000008004a94                vPortExitCritical
 .text.PendSV_Handler
                0x0000000008004ae0       0x48 Middlewares/Third_Party/FreeRTOS/Source/portable/GCC/ARM_CM3/port.o
                0x0000000008004ae0                PendSV_Handler
 .text.SysTick_Handler
                0x0000000008004b28       0x40 Middlewares/Third_Party/FreeRTOS/Source/portable/GCC/ARM_CM3/port.o
                0x0000000008004b28                SysTick_Handler
 .text.vPortSetupTimerInterrupt
                0x0000000008004b68       0x44 Middlewares/Third_Party/FreeRTOS/Source/portable/GCC/ARM_CM3/port.o
                0x0000000008004b68                vPortSetupTimerInterrupt
 .text.vPortValidateInterruptPriority
                0x0000000008004bac       0x78 Middlewares/Third_Party/FreeRTOS/Source/portable/GCC/ARM_CM3/port.o
                0x0000000008004bac                vPortValidateInterruptPriority
 .text.pvPortMalloc
                0x0000000008004c24      0x184 Middlewares/Third_Party/FreeRTOS/Source/portable/MemMang/heap_4.o
                0x0000000008004c24                pvPortMalloc
 .text.vPortFree
                0x0000000008004da8       0xb0 Middlewares/Third_Party/FreeRTOS/Source/portable/MemMang/heap_4.o
                0x0000000008004da8                vPortFree
 .text.prvHeapInit
                0x0000000008004e58       0xc4 Middlewares/Third_Party/FreeRTOS/Source/portable/MemMang/heap_4.o
 .text.prvInsertBlockIntoFreeList
                0x0000000008004f1c       0xb0 Middlewares/Third_Party/FreeRTOS/Source/portable/MemMang/heap_4.o
 .text._ZN3wyz9CStrategyC2Ev
                0x0000000008004fcc       0x20 Src/Class/CAnalysisOfFrame.o
                0x0000000008004fcc                wyz::CStrategy::CStrategy()
                0x0000000008004fcc                wyz::CStrategy::CStrategy()
 .text._ZN3wyz16CAnalysisOfFrameC2EmNSt7__cxx1112basic_stringIcSt11char_traitsIcESaIcEEES6_
                0x0000000008004fec       0x8c Src/Class/CAnalysisOfFrame.o
                0x0000000008004fec                wyz::CAnalysisOfFrame::CAnalysisOfFrame(unsigned long, std::__cxx11::basic_string<char, std::char_traits<char>, std::allocator<char> >, std::__cxx11::basic_string<char, std::char_traits<char>, std::allocator<char> >)
                0x0000000008004fec                wyz::CAnalysisOfFrame::CAnalysisOfFrame(unsigned long, std::__cxx11::basic_string<char, std::char_traits<char>, std::allocator<char> >, std::__cxx11::basic_string<char, std::char_traits<char>, std::allocator<char> >)
 .text._ZN3wyz16CAnalysisOfFrame16ConcreteStrategyENSt7__cxx1112basic_stringIcSt11char_traitsIcESaIcEEE
                0x0000000008005078      0x1dc Src/Class/CAnalysisOfFrame.o
                0x0000000008005078                wyz::CAnalysisOfFrame::ConcreteStrategy(std::__cxx11::basic_string<char, std::char_traits<char>, std::allocator<char> >)
 .text._ZnwjPv  0x0000000008005254       0x16 Src/Class/CGPSModule.o
                0x0000000008005254                operator new(unsigned int, void*)
 *fill*         0x000000000800526a        0x2 
 .text._ZN3wyz11CTimerMeter21GetTimerMeterInstanceEv
                0x000000000800526c       0x2c Src/Class/CGPSModule.o
                0x000000000800526c                wyz::CTimerMeter::GetTimerMeterInstance()
 .text._ZN3wyz9CObserverC2Ev
                0x0000000008005298       0x20 Src/Class/CGPSModule.o
                0x0000000008005298                wyz::CObserver::CObserver()
                0x0000000008005298                wyz::CObserver::CObserver()
 .text._ZN3wyz10CGPSModuleC2EPNS_9CStrategyE
                0x00000000080052b8       0x4c Src/Class/CGPSModule.o
                0x00000000080052b8                wyz::CGPSModule::CGPSModule(wyz::CStrategy*)
                0x00000000080052b8                wyz::CGPSModule::CGPSModule(wyz::CStrategy*)
 .text._ZN3wyz10CGPSModule6UpdateEPNS_8CSubjectE
                0x0000000008005304       0xd0 Src/Class/CGPSModule.o
                0x0000000008005304                wyz::CGPSModule::Update(wyz::CSubject*)
 .text._ZNSt7__cxx114listINS_12basic_stringIcSt11char_traitsIcESaIcEEESaIS5_EEC2Ev
                0x00000000080053d4       0x1a Src/Class/CGPSModule.o
                0x00000000080053d4                std::__cxx11::list<std::__cxx11::basic_string<char, std::char_traits<char>, std::allocator<char> >, std::allocator<std::__cxx11::basic_string<char, std::char_traits<char>, std::allocator<char> > > >::list()
                0x00000000080053d4                std::__cxx11::list<std::__cxx11::basic_string<char, std::char_traits<char>, std::allocator<char> >, std::allocator<std::__cxx11::basic_string<char, std::char_traits<char>, std::allocator<char> > > >::list()
 .text._ZNSt7__cxx114listINS_12basic_stringIcSt11char_traitsIcESaIcEEESaIS5_EE10push_frontERKS5_
                0x00000000080053ee       0x24 Src/Class/CGPSModule.o
                0x00000000080053ee                std::__cxx11::list<std::__cxx11::basic_string<char, std::char_traits<char>, std::allocator<char> >, std::allocator<std::__cxx11::basic_string<char, std::char_traits<char>, std::allocator<char> > > >::push_front(std::__cxx11::basic_string<char, std::char_traits<char>, std::allocator<char> > const&)
 .text._ZNSt7__cxx1110_List_baseINS_12basic_stringIcSt11char_traitsIcESaIcEEESaIS5_EEC2Ev
                0x0000000008005412       0x20 Src/Class/CGPSModule.o
                0x0000000008005412                std::__cxx11::_List_base<std::__cxx11::basic_string<char, std::char_traits<char>, std::allocator<char> >, std::allocator<std::__cxx11::basic_string<char, std::char_traits<char>, std::allocator<char> > > >::_List_base()
                0x0000000008005412                std::__cxx11::_List_base<std::__cxx11::basic_string<char, std::char_traits<char>, std::allocator<char> >, std::allocator<std::__cxx11::basic_string<char, std::char_traits<char>, std::allocator<char> > > >::_List_base()
 .text._ZNSt7__cxx114listINS_12basic_stringIcSt11char_traitsIcESaIcEEESaIS5_EE5beginEv
                0x0000000008005432       0x22 Src/Class/CGPSModule.o
                0x0000000008005432                std::__cxx11::list<std::__cxx11::basic_string<char, std::char_traits<char>, std::allocator<char> >, std::allocator<std::__cxx11::basic_string<char, std::char_traits<char>, std::allocator<char> > > >::begin()
 .text._ZSt7forwardIRKNSt7__cxx1112basic_stringIcSt11char_traitsIcESaIcEEEEOT_RNSt16remove_referenceIS8_E4typeE
                0x0000000008005454       0x14 Src/Class/CGPSModule.o
                0x0000000008005454                std::__cxx11::basic_string<char, std::char_traits<char>, std::allocator<char> > const& std::forward<std::__cxx11::basic_string<char, std::char_traits<char>, std::allocator<char> > const&>(std::remove_reference<std::__cxx11::basic_string<char, std::char_traits<char>, std::allocator<char> > const&>::type&)
 .text._ZNSt7__cxx114listINS_12basic_stringIcSt11char_traitsIcESaIcEEESaIS5_EE9_M_insertIJRKS5_EEEvSt14_List_iteratorIS5_EDpOT_
                0x0000000008005468       0x3c Src/Class/CGPSModule.o
                0x0000000008005468                void std::__cxx11::list<std::__cxx11::basic_string<char, std::char_traits<char>, std::allocator<char> >, std::allocator<std::__cxx11::basic_string<char, std::char_traits<char>, std::allocator<char> > > >::_M_insert<std::__cxx11::basic_string<char, std::char_traits<char>, std::allocator<char> > const&>(std::_List_iterator<std::__cxx11::basic_string<char, std::char_traits<char>, std::allocator<char> > >, std::__cxx11::basic_string<char, std::char_traits<char>, std::allocator<char> > const&)
 .text._ZNSt14_List_iteratorINSt7__cxx1112basic_stringIcSt11char_traitsIcESaIcEEEEC2EPNSt8__detail15_List_node_baseE
                0x00000000080054a4       0x1c Src/Class/CGPSModule.o
                0x00000000080054a4                std::_List_iterator<std::__cxx11::basic_string<char, std::char_traits<char>, std::allocator<char> > >::_List_iterator(std::__detail::_List_node_base*)
                0x00000000080054a4                std::_List_iterator<std::__cxx11::basic_string<char, std::char_traits<char>, std::allocator<char> > >::_List_iterator(std::__detail::_List_node_base*)
 .text._ZNSt7__cxx1110_List_baseINS_12basic_stringIcSt11char_traitsIcESaIcEEESaIS5_EE10_List_implC2Ev
                0x00000000080054c0       0x24 Src/Class/CGPSModule.o
                0x00000000080054c0                std::__cxx11::_List_base<std::__cxx11::basic_string<char, std::char_traits<char>, std::allocator<char> >, std::allocator<std::__cxx11::basic_string<char, std::char_traits<char>, std::allocator<char> > > >::_List_impl::_List_impl()
                0x00000000080054c0                std::__cxx11::_List_base<std::__cxx11::basic_string<char, std::char_traits<char>, std::allocator<char> >, std::allocator<std::__cxx11::basic_string<char, std::char_traits<char>, std::allocator<char> > > >::_List_impl::_List_impl()
 .text._ZNSt7__cxx1110_List_baseINS_12basic_stringIcSt11char_traitsIcESaIcEEESaIS5_EE7_M_initEv
                0x00000000080054e4       0x24 Src/Class/CGPSModule.o
                0x00000000080054e4                std::__cxx11::_List_base<std::__cxx11::basic_string<char, std::char_traits<char>, std::allocator<char> >, std::allocator<std::__cxx11::basic_string<char, std::char_traits<char>, std::allocator<char> > > >::_M_init()
 .text._ZNSt10_List_nodeINSt7__cxx1112basic_stringIcSt11char_traitsIcESaIcEEEE9_M_valptrEv
                0x0000000008005508       0x1c Src/Class/CGPSModule.o
                0x0000000008005508                std::_List_node<std::__cxx11::basic_string<char, std::char_traits<char>, std::allocator<char> > >::_M_valptr()
 .text._ZNSt7__cxx1110_List_baseINS_12basic_stringIcSt11char_traitsIcESaIcEEESaIS5_EE21_M_get_Node_allocatorEv
                0x0000000008005524       0x14 Src/Class/CGPSModule.o
                0x0000000008005524                std::__cxx11::_List_base<std::__cxx11::basic_string<char, std::char_traits<char>, std::allocator<char> >, std::allocator<std::__cxx11::basic_string<char, std::char_traits<char>, std::allocator<char> > > >::_M_get_Node_allocator()
 .text._ZNSt7__cxx114listINS_12basic_stringIcSt11char_traitsIcESaIcEEESaIS5_EE14_M_create_nodeIJRKS5_EEEPSt10_List_nodeIS5_EDpOT_
                0x0000000008005538       0x68 Src/Class/CGPSModule.o
                0x0000000008005538                std::_List_node<std::__cxx11::basic_string<char, std::char_traits<char>, std::allocator<char> > >* std::__cxx11::list<std::__cxx11::basic_string<char, std::char_traits<char>, std::allocator<char> >, std::allocator<std::__cxx11::basic_string<char, std::char_traits<char>, std::allocator<char> > > >::_M_create_node<std::__cxx11::basic_string<char, std::char_traits<char>, std::allocator<char> > const&>(std::__cxx11::basic_string<char, std::char_traits<char>, std::allocator<char> > const&)
 .text._ZNSt7__cxx1110_List_baseINS_12basic_stringIcSt11char_traitsIcESaIcEEESaIS5_EE11_M_inc_sizeEj
                0x00000000080055a0       0x24 Src/Class/CGPSModule.o
                0x00000000080055a0                std::__cxx11::_List_base<std::__cxx11::basic_string<char, std::char_traits<char>, std::allocator<char> >, std::allocator<std::__cxx11::basic_string<char, std::char_traits<char>, std::allocator<char> > > >::_M_inc_size(unsigned int)
 .text._ZNSaISt10_List_nodeINSt7__cxx1112basic_stringIcSt11char_traitsIcESaIcEEEEEC2Ev
                0x00000000080055c4       0x18 Src/Class/CGPSModule.o
                0x00000000080055c4                std::allocator<std::_List_node<std::__cxx11::basic_string<char, std::char_traits<char>, std::allocator<char> > > >::allocator()
                0x00000000080055c4                std::allocator<std::_List_node<std::__cxx11::basic_string<char, std::char_traits<char>, std::allocator<char> > > >::allocator()
 .text._ZNSt7__cxx1110_List_baseINS_12basic_stringIcSt11char_traitsIcESaIcEEESaIS5_EE11_M_set_sizeEj
                0x00000000080055dc       0x20 Src/Class/CGPSModule.o
                0x00000000080055dc                std::__cxx11::_List_base<std::__cxx11::basic_string<char, std::char_traits<char>, std::allocator<char> >, std::allocator<std::__cxx11::basic_string<char, std::char_traits<char>, std::allocator<char> > > >::_M_set_size(unsigned int)
 .text._ZN9__gnu_cxx16__aligned_membufINSt7__cxx1112basic_stringIcSt11char_traitsIcESaIcEEEE6_M_ptrEv
                0x00000000080055fc       0x18 Src/Class/CGPSModule.o
                0x00000000080055fc                __gnu_cxx::__aligned_membuf<std::__cxx11::basic_string<char, std::char_traits<char>, std::allocator<char> > >::_M_ptr()
 .text._ZNSt16allocator_traitsISaISt10_List_nodeINSt7__cxx1112basic_stringIcSt11char_traitsIcESaIcEEEEEE10deallocateERS8_PS7_j
                0x0000000008005614       0x1e Src/Class/CGPSModule.o
                0x0000000008005614                std::allocator_traits<std::allocator<std::_List_node<std::__cxx11::basic_string<char, std::char_traits<char>, std::allocator<char> > > > >::deallocate(std::allocator<std::_List_node<std::__cxx11::basic_string<char, std::char_traits<char>, std::allocator<char> > > >&, std::_List_node<std::__cxx11::basic_string<char, std::char_traits<char>, std::allocator<char> > >*, unsigned int)
 .text._ZNSt7__cxx1110_List_baseINS_12basic_stringIcSt11char_traitsIcESaIcEEESaIS5_EE11_M_get_nodeEv
                0x0000000008005632       0x1c Src/Class/CGPSModule.o
                0x0000000008005632                std::__cxx11::_List_base<std::__cxx11::basic_string<char, std::char_traits<char>, std::allocator<char> >, std::allocator<std::__cxx11::basic_string<char, std::char_traits<char>, std::allocator<char> > > >::_M_get_node()
 .text._ZNSt15__allocated_ptrISaISt10_List_nodeINSt7__cxx1112basic_stringIcSt11char_traitsIcESaIcEEEEEEC2ERS8_PS7_
                0x000000000800564e       0x28 Src/Class/CGPSModule.o
                0x000000000800564e                std::__allocated_ptr<std::allocator<std::_List_node<std::__cxx11::basic_string<char, std::char_traits<char>, std::allocator<char> > > > >::__allocated_ptr(std::allocator<std::_List_node<std::__cxx11::basic_string<char, std::char_traits<char>, std::allocator<char> > > >&, std::_List_node<std::__cxx11::basic_string<char, std::char_traits<char>, std::allocator<char> > >*)
                0x000000000800564e                std::__allocated_ptr<std::allocator<std::_List_node<std::__cxx11::basic_string<char, std::char_traits<char>, std::allocator<char> > > > >::__allocated_ptr(std::allocator<std::_List_node<std::__cxx11::basic_string<char, std::char_traits<char>, std::allocator<char> > > >&, std::_List_node<std::__cxx11::basic_string<char, std::char_traits<char>, std::allocator<char> > >*)
 .text._ZNSt15__allocated_ptrISaISt10_List_nodeINSt7__cxx1112basic_stringIcSt11char_traitsIcESaIcEEEEEED2Ev
                0x0000000008005676       0x2a Src/Class/CGPSModule.o
                0x0000000008005676                std::__allocated_ptr<std::allocator<std::_List_node<std::__cxx11::basic_string<char, std::char_traits<char>, std::allocator<char> > > > >::~__allocated_ptr()
                0x0000000008005676                std::__allocated_ptr<std::allocator<std::_List_node<std::__cxx11::basic_string<char, std::char_traits<char>, std::allocator<char> > > > >::~__allocated_ptr()
 .text._ZNSt16allocator_traitsISaISt10_List_nodeINSt7__cxx1112basic_stringIcSt11char_traitsIcESaIcEEEEEE9constructIS6_JRKS6_EEEvRS8_PT_DpOT0_
                0x00000000080056a0       0x26 Src/Class/CGPSModule.o
                0x00000000080056a0                void std::allocator_traits<std::allocator<std::_List_node<std::__cxx11::basic_string<char, std::char_traits<char>, std::allocator<char> > > > >::construct<std::__cxx11::basic_string<char, std::char_traits<char>, std::allocator<char> >, std::__cxx11::basic_string<char, std::char_traits<char>, std::allocator<char> > const&>(std::allocator<std::_List_node<std::__cxx11::basic_string<char, std::char_traits<char>, std::allocator<char> > > >&, std::__cxx11::basic_string<char, std::char_traits<char>, std::allocator<char> >*, std::__cxx11::basic_string<char, std::char_traits<char>, std::allocator<char> > const&)
 .text._ZNSt15__allocated_ptrISaISt10_List_nodeINSt7__cxx1112basic_stringIcSt11char_traitsIcESaIcEEEEEEaSEDn
                0x00000000080056c6       0x1c Src/Class/CGPSModule.o
                0x00000000080056c6                std::__allocated_ptr<std::allocator<std::_List_node<std::__cxx11::basic_string<char, std::char_traits<char>, std::allocator<char> > > > >::operator=(decltype(nullptr))
 .text._ZNSt10_List_nodeIjE9_M_valptrEv
                0x00000000080056e2       0x1c Src/Class/CGPSModule.o
                0x00000000080056e2                std::_List_node<unsigned int>::_M_valptr()
 .text._ZN9__gnu_cxx13new_allocatorISt10_List_nodeINSt7__cxx1112basic_stringIcSt11char_traitsIcESaIcEEEEEC2Ev
                0x00000000080056fe       0x14 Src/Class/CGPSModule.o
                0x00000000080056fe                __gnu_cxx::new_allocator<std::_List_node<std::__cxx11::basic_string<char, std::char_traits<char>, std::allocator<char> > > >::new_allocator()
                0x00000000080056fe                __gnu_cxx::new_allocator<std::_List_node<std::__cxx11::basic_string<char, std::char_traits<char>, std::allocator<char> > > >::new_allocator()
 .text._ZN9__gnu_cxx16__aligned_membufINSt7__cxx1112basic_stringIcSt11char_traitsIcESaIcEEEE7_M_addrEv
                0x0000000008005712       0x14 Src/Class/CGPSModule.o
                0x0000000008005712                __gnu_cxx::__aligned_membuf<std::__cxx11::basic_string<char, std::char_traits<char>, std::allocator<char> > >::_M_addr()
 .text._ZN9__gnu_cxx13new_allocatorISt10_List_nodeINSt7__cxx1112basic_stringIcSt11char_traitsIcESaIcEEEEE10deallocateEPS8_j
                0x0000000008005726       0x1a Src/Class/CGPSModule.o
                0x0000000008005726                __gnu_cxx::new_allocator<std::_List_node<std::__cxx11::basic_string<char, std::char_traits<char>, std::allocator<char> > > >::deallocate(std::_List_node<std::__cxx11::basic_string<char, std::char_traits<char>, std::allocator<char> > >*, unsigned int)
 .text._ZNSt16allocator_traitsISaISt10_List_nodeINSt7__cxx1112basic_stringIcSt11char_traitsIcESaIcEEEEEE8allocateERS8_j
                0x0000000008005740       0x1e Src/Class/CGPSModule.o
                0x0000000008005740                std::allocator_traits<std::allocator<std::_List_node<std::__cxx11::basic_string<char, std::char_traits<char>, std::allocator<char> > > > >::allocate(std::allocator<std::_List_node<std::__cxx11::basic_string<char, std::char_traits<char>, std::allocator<char> > > >&, unsigned int)
 .text._ZSt11__addressofISaISt10_List_nodeINSt7__cxx1112basic_stringIcSt11char_traitsIcESaIcEEEEEEPT_RS9_
                0x000000000800575e       0x14 Src/Class/CGPSModule.o
                0x000000000800575e                std::allocator<std::_List_node<std::__cxx11::basic_string<char, std::char_traits<char>, std::allocator<char> > > >* std::__addressof<std::allocator<std::_List_node<std::__cxx11::basic_string<char, std::char_traits<char>, std::allocator<char> > > > >(std::allocator<std::_List_node<std::__cxx11::basic_string<char, std::char_traits<char>, std::allocator<char> > > >&)
 .text._ZN9__gnu_cxx13new_allocatorISt10_List_nodeINSt7__cxx1112basic_stringIcSt11char_traitsIcESaIcEEEEE9constructIS7_JRKS7_EEEvPT_DpOT0_
                0x0000000008005772       0x34 Src/Class/CGPSModule.o
                0x0000000008005772                void __gnu_cxx::new_allocator<std::_List_node<std::__cxx11::basic_string<char, std::char_traits<char>, std::allocator<char> > > >::construct<std::__cxx11::basic_string<char, std::char_traits<char>, std::allocator<char> >, std::__cxx11::basic_string<char, std::char_traits<char>, std::allocator<char> > const&>(std::__cxx11::basic_string<char, std::char_traits<char>, std::allocator<char> >*, std::__cxx11::basic_string<char, std::char_traits<char>, std::allocator<char> > const&)
 .text._ZN9__gnu_cxx16__aligned_membufIjE6_M_ptrEv
                0x00000000080057a6       0x18 Src/Class/CGPSModule.o
                0x00000000080057a6                __gnu_cxx::__aligned_membuf<unsigned int>::_M_ptr()
 .text._ZN9__gnu_cxx13new_allocatorISt10_List_nodeINSt7__cxx1112basic_stringIcSt11char_traitsIcESaIcEEEEE8allocateEjPKv
                0x00000000080057be       0x3c Src/Class/CGPSModule.o
                0x00000000080057be                __gnu_cxx::new_allocator<std::_List_node<std::__cxx11::basic_string<char, std::char_traits<char>, std::allocator<char> > > >::allocate(unsigned int, void const*)
 .text._ZN9__gnu_cxx16__aligned_membufIjE7_M_addrEv
                0x00000000080057fa       0x14 Src/Class/CGPSModule.o
                0x00000000080057fa                __gnu_cxx::__aligned_membuf<unsigned int>::_M_addr()
 .text._ZNK9__gnu_cxx13new_allocatorISt10_List_nodeINSt7__cxx1112basic_stringIcSt11char_traitsIcESaIcEEEEE8max_sizeEv
                0x000000000800580e       0x16 Src/Class/CGPSModule.o
                0x000000000800580e                __gnu_cxx::new_allocator<std::_List_node<std::__cxx11::basic_string<char, std::char_traits<char>, std::allocator<char> > > >::max_size() const
 .text._Z41__static_initialization_and_destruction_0ii
                0x0000000008005824       0x30 Src/Class/CGPSModule.o
 .text._GLOBAL__sub_I__ZN3wyz11pTimerMeterE
                0x0000000008005854       0x10 Src/Class/CGPSModule.o
 .text._ZN3wyz11CTimerMeterC2Ev
                0x0000000008005864       0x28 Src/Class/CTimerMeter.o
                0x0000000008005864                wyz::CTimerMeter::CTimerMeter()
                0x0000000008005864                wyz::CTimerMeter::CTimerMeter()
 .text._ZN3wyz7CDeviceC2Ev
                0x000000000800588c       0x20 Src/Class/CUart.o
                0x000000000800588c                wyz::CDevice::CDevice()
                0x000000000800588c                wyz::CDevice::CDevice()
 .text._ZN3wyz8CSubjectC2Ev
                0x00000000080058ac       0x20 Src/Class/CUart.o
                0x00000000080058ac                wyz::CSubject::CSubject()
                0x00000000080058ac                wyz::CSubject::CSubject()
 .text._ZN3wyz5CUartC2EP20__UART_HandleTypeDefmmh
                0x00000000080058cc       0x8c Src/Class/CUart.o
                0x00000000080058cc                wyz::CUart::CUart(__UART_HandleTypeDef*, unsigned long, unsigned long, unsigned char)
                0x00000000080058cc                wyz::CUart::CUart(__UART_HandleTypeDef*, unsigned long, unsigned long, unsigned char)
 .text._ZN3wyz5CUart4OpenEv
                0x0000000008005958       0x14 Src/Class/CUart.o
                0x0000000008005958                wyz::CUart::Open()
 .text._ZN3wyz5CUart5CloseEv
                0x000000000800596c       0x14 Src/Class/CUart.o
                0x000000000800596c                wyz::CUart::Close()
 .text._ZN3wyz5CUart14GetSizeOfRxBufEv
                0x0000000008005980       0x16 Src/Class/CUart.o
                0x0000000008005980                wyz::CUart::GetSizeOfRxBuf()
 .text._ZN3wyz5CUart15GetPointOfRxBufEv
                0x0000000008005996       0x2c Src/Class/CUart.o
                0x0000000008005996                wyz::CUart::GetPointOfRxBuf()
 .text._ZN3wyz5CUart9BlockReadEPhmm
                0x00000000080059c2       0x26 Src/Class/CUart.o
                0x00000000080059c2                wyz::CUart::BlockRead(unsigned char*, unsigned long, unsigned long)
 .text._ZN3wyz5CUart10BlockwriteEPhmm
                0x00000000080059e8       0x26 Src/Class/CUart.o
                0x00000000080059e8                wyz::CUart::Blockwrite(unsigned char*, unsigned long, unsigned long)
 .text._ZN3wyz5CUart12NonBlockReadEPhmm
                0x0000000008005a0e       0x48 Src/Class/CUart.o
                0x0000000008005a0e                wyz::CUart::NonBlockRead(unsigned char*, unsigned long, unsigned long)
 .text._ZN3wyz5CUart13NonBlockWriteEPhmm
                0x0000000008005a56       0x48 Src/Class/CUart.o
                0x0000000008005a56                wyz::CUart::NonBlockWrite(unsigned char*, unsigned long, unsigned long)
 .text._ZN3wyz5CUart6AttachEPNS_9CObserverE
                0x0000000008005a9e       0x26 Src/Class/CUart.o
                0x0000000008005a9e                wyz::CUart::Attach(wyz::CObserver*)
 .text._ZThn4_N3wyz5CUart6AttachEPNS_9CObserverE
                0x0000000008005ac4        0x8 Src/Class/CUart.o
                0x0000000008005ac4                non-virtual thunk to wyz::CUart::Attach(wyz::CObserver*)
 .text._ZN3wyz5CUart6DetachEPNS_9CObserverE
                0x0000000008005acc       0x20 Src/Class/CUart.o
                0x0000000008005acc                wyz::CUart::Detach(wyz::CObserver*)
 .text._ZThn4_N3wyz5CUart6DetachEPNS_9CObserverE
                0x0000000008005aec        0x8 Src/Class/CUart.o
                0x0000000008005aec                non-virtual thunk to wyz::CUart::Detach(wyz::CObserver*)
 .text._ZN3wyz5CUart6NotifyEv
                0x0000000008005af4       0x68 Src/Class/CUart.o
                0x0000000008005af4                wyz::CUart::Notify()
 .text._ZThn4_N3wyz5CUart6NotifyEv
                0x0000000008005b5c        0x8 Src/Class/CUart.o
                0x0000000008005b5c                non-virtual thunk to wyz::CUart::Notify()
 .text._ZN3wyz5CUart17StartObserverModeEv
                0x0000000008005b64       0x28 Src/Class/CUart.o
                0x0000000008005b64                wyz::CUart::StartObserverMode()
 .text._ZN3wyz5CUart13HardInterruptEP20__UART_HandleTypeDefh
                0x0000000008005b8c       0x38 Src/Class/CUart.o
                0x0000000008005b8c                wyz::CUart::HardInterrupt(__UART_HandleTypeDef*, unsigned char)
 .text._ZNSt7__cxx114listIPN3wyz9CObserverESaIS3_EEC2Ev
                0x0000000008005bc4       0x1a Src/Class/CUart.o
                0x0000000008005bc4                std::__cxx11::list<wyz::CObserver*, std::allocator<wyz::CObserver*> >::list()
                0x0000000008005bc4                std::__cxx11::list<wyz::CObserver*, std::allocator<wyz::CObserver*> >::list()
 .text._ZNSt7__cxx114listIPN3wyz9CObserverESaIS3_EE9push_backERKS3_
                0x0000000008005bde       0x24 Src/Class/CUart.o
                0x0000000008005bde                std::__cxx11::list<wyz::CObserver*, std::allocator<wyz::CObserver*> >::push_back(wyz::CObserver* const&)
 .text._ZNSt7__cxx114listIPN3wyz9CObserverESaIS3_EE6removeERKS3_
                0x0000000008005c02       0xca Src/Class/CUart.o
                0x0000000008005c02                std::__cxx11::list<wyz::CObserver*, std::allocator<wyz::CObserver*> >::remove(wyz::CObserver* const&)
 .text._ZNSt7__cxx114listIPN3wyz9CObserverESaIS3_EE5beginEv
                0x0000000008005ccc       0x22 Src/Class/CUart.o
                0x0000000008005ccc                std::__cxx11::list<wyz::CObserver*, std::allocator<wyz::CObserver*> >::begin()
 .text._ZNSt7__cxx114listIPN3wyz9CObserverESaIS3_EE3endEv
                0x0000000008005cee       0x20 Src/Class/CUart.o
                0x0000000008005cee                std::__cxx11::list<wyz::CObserver*, std::allocator<wyz::CObserver*> >::end()
 .text._ZNKSt14_List_iteratorIPN3wyz9CObserverEEneERKS3_
                0x0000000008005d0e       0x26 Src/Class/CUart.o
                0x0000000008005d0e                std::_List_iterator<wyz::CObserver*>::operator!=(std::_List_iterator<wyz::CObserver*> const&) const
 .text._ZNKSt14_List_iteratorIPN3wyz9CObserverEEdeEv
                0x0000000008005d34       0x1c Src/Class/CUart.o
                0x0000000008005d34                std::_List_iterator<wyz::CObserver*>::operator*() const
 .text._ZNSt14_List_iteratorIPN3wyz9CObserverEEppEv
                0x0000000008005d50       0x1e Src/Class/CUart.o
                0x0000000008005d50                std::_List_iterator<wyz::CObserver*>::operator++()
 .text._ZNSt7__cxx1110_List_baseIPN3wyz9CObserverESaIS3_EEC2Ev
                0x0000000008005d6e       0x20 Src/Class/CUart.o
                0x0000000008005d6e                std::__cxx11::_List_base<wyz::CObserver*, std::allocator<wyz::CObserver*> >::_List_base()
                0x0000000008005d6e                std::__cxx11::_List_base<wyz::CObserver*, std::allocator<wyz::CObserver*> >::_List_base()
 .text._ZSt7forwardIRKPN3wyz9CObserverEEOT_RNSt16remove_referenceIS5_E4typeE
                0x0000000008005d8e       0x14 Src/Class/CUart.o
                0x0000000008005d8e                wyz::CObserver* const& std::forward<wyz::CObserver* const&>(std::remove_reference<wyz::CObserver* const&>::type&)
 .text._ZNSt7__cxx114listIPN3wyz9CObserverESaIS3_EE9_M_insertIJRKS3_EEEvSt14_List_iteratorIS3_EDpOT_
                0x0000000008005da2       0x3c Src/Class/CUart.o
                0x0000000008005da2                void std::__cxx11::list<wyz::CObserver*, std::allocator<wyz::CObserver*> >::_M_insert<wyz::CObserver* const&>(std::_List_iterator<wyz::CObserver*>, wyz::CObserver* const&)
 .text._ZSt11__addressofIPN3wyz9CObserverEEPT_RS3_
                0x0000000008005dde       0x14 Src/Class/CUart.o
                0x0000000008005dde                wyz::CObserver** std::__addressof<wyz::CObserver*>(wyz::CObserver*&)
 .text._ZSt11__addressofIKPN3wyz9CObserverEEPT_RS4_
                0x0000000008005df2       0x14 Src/Class/CUart.o
                0x0000000008005df2                wyz::CObserver* const* std::__addressof<wyz::CObserver* const>(wyz::CObserver* const&)
 .text._ZNSt7__cxx114listIPN3wyz9CObserverESaIS3_EE8_M_eraseESt14_List_iteratorIS3_E
                0x0000000008005e06       0x4c Src/Class/CUart.o
                0x0000000008005e06                std::__cxx11::list<wyz::CObserver*, std::allocator<wyz::CObserver*> >::_M_erase(std::_List_iterator<wyz::CObserver*>)
 .text._ZNSt14_List_iteratorIPN3wyz9CObserverEEC2EPNSt8__detail15_List_node_baseE
                0x0000000008005e52       0x1c Src/Class/CUart.o
                0x0000000008005e52                std::_List_iterator<wyz::CObserver*>::_List_iterator(std::__detail::_List_node_base*)
                0x0000000008005e52                std::_List_iterator<wyz::CObserver*>::_List_iterator(std::__detail::_List_node_base*)
 .text._ZNSt10_List_nodeIPN3wyz9CObserverEE9_M_valptrEv
                0x0000000008005e6e       0x1c Src/Class/CUart.o
                0x0000000008005e6e                std::_List_node<wyz::CObserver*>::_M_valptr()
 .text._ZNSt7__cxx1110_List_baseIPN3wyz9CObserverESaIS3_EE10_List_implC2Ev
                0x0000000008005e8a       0x24 Src/Class/CUart.o
                0x0000000008005e8a                std::__cxx11::_List_base<wyz::CObserver*, std::allocator<wyz::CObserver*> >::_List_impl::_List_impl()
                0x0000000008005e8a                std::__cxx11::_List_base<wyz::CObserver*, std::allocator<wyz::CObserver*> >::_List_impl::_List_impl()
 .text._ZNSt7__cxx1110_List_baseIPN3wyz9CObserverESaIS3_EE7_M_initEv
                0x0000000008005eae       0x24 Src/Class/CUart.o
                0x0000000008005eae                std::__cxx11::_List_base<wyz::CObserver*, std::allocator<wyz::CObserver*> >::_M_init()
 .text._ZNSt7__cxx1110_List_baseIPN3wyz9CObserverESaIS3_EE21_M_get_Node_allocatorEv
                0x0000000008005ed2       0x14 Src/Class/CUart.o
                0x0000000008005ed2                std::__cxx11::_List_base<wyz::CObserver*, std::allocator<wyz::CObserver*> >::_M_get_Node_allocator()
 .text._ZNSt16allocator_traitsISaISt10_List_nodeIPN3wyz9CObserverEEEE7destroyIS3_EEvRS5_PT_
                0x0000000008005ee6       0x1a Src/Class/CUart.o
                0x0000000008005ee6                void std::allocator_traits<std::allocator<std::_List_node<wyz::CObserver*> > >::destroy<wyz::CObserver*>(std::allocator<std::_List_node<wyz::CObserver*> >&, wyz::CObserver**)
 .text._ZNSt7__cxx1110_List_baseIPN3wyz9CObserverESaIS3_EE11_M_put_nodeEPSt10_List_nodeIS3_E
                0x0000000008005f00       0x1e Src/Class/CUart.o
                0x0000000008005f00                std::__cxx11::_List_base<wyz::CObserver*, std::allocator<wyz::CObserver*> >::_M_put_node(std::_List_node<wyz::CObserver*>*)
 .text._ZNSt7__cxx114listIPN3wyz9CObserverESaIS3_EE14_M_create_nodeIJRKS3_EEEPSt10_List_nodeIS3_EDpOT_
                0x0000000008005f1e       0x68 Src/Class/CUart.o
                0x0000000008005f1e                std::_List_node<wyz::CObserver*>* std::__cxx11::list<wyz::CObserver*, std::allocator<wyz::CObserver*> >::_M_create_node<wyz::CObserver* const&>(wyz::CObserver* const&)
 .text._ZNSt7__cxx1110_List_baseIPN3wyz9CObserverESaIS3_EE11_M_inc_sizeEj
                0x0000000008005f86       0x24 Src/Class/CUart.o
                0x0000000008005f86                std::__cxx11::_List_base<wyz::CObserver*, std::allocator<wyz::CObserver*> >::_M_inc_size(unsigned int)
 .text._ZNSt7__cxx1110_List_baseIPN3wyz9CObserverESaIS3_EE11_M_dec_sizeEj
                0x0000000008005faa       0x24 Src/Class/CUart.o
                0x0000000008005faa                std::__cxx11::_List_base<wyz::CObserver*, std::allocator<wyz::CObserver*> >::_M_dec_size(unsigned int)
 .text._ZN9__gnu_cxx16__aligned_membufIPN3wyz9CObserverEE6_M_ptrEv
                0x0000000008005fce       0x18 Src/Class/CUart.o
                0x0000000008005fce                __gnu_cxx::__aligned_membuf<wyz::CObserver*>::_M_ptr()
 .text._ZNSaISt10_List_nodeIPN3wyz9CObserverEEEC2Ev
                0x0000000008005fe6       0x18 Src/Class/CUart.o
                0x0000000008005fe6                std::allocator<std::_List_node<wyz::CObserver*> >::allocator()
                0x0000000008005fe6                std::allocator<std::_List_node<wyz::CObserver*> >::allocator()
 .text._ZNSt7__cxx1110_List_baseIPN3wyz9CObserverESaIS3_EE11_M_set_sizeEj
                0x0000000008005ffe       0x20 Src/Class/CUart.o
                0x0000000008005ffe                std::__cxx11::_List_base<wyz::CObserver*, std::allocator<wyz::CObserver*> >::_M_set_size(unsigned int)
 .text._ZN9__gnu_cxx13new_allocatorISt10_List_nodeIPN3wyz9CObserverEEE7destroyIS4_EEvPT_
                0x000000000800601e       0x14 Src/Class/CUart.o
                0x000000000800601e                void __gnu_cxx::new_allocator<std::_List_node<wyz::CObserver*> >::destroy<wyz::CObserver*>(wyz::CObserver**)
 .text._ZNSt16allocator_traitsISaISt10_List_nodeIPN3wyz9CObserverEEEE10deallocateERS5_PS4_j
                0x0000000008006032       0x1e Src/Class/CUart.o
                0x0000000008006032                std::allocator_traits<std::allocator<std::_List_node<wyz::CObserver*> > >::deallocate(std::allocator<std::_List_node<wyz::CObserver*> >&, std::_List_node<wyz::CObserver*>*, unsigned int)
 .text._ZNSt7__cxx1110_List_baseIPN3wyz9CObserverESaIS3_EE11_M_get_nodeEv
                0x0000000008006050       0x1c Src/Class/CUart.o
                0x0000000008006050                std::__cxx11::_List_base<wyz::CObserver*, std::allocator<wyz::CObserver*> >::_M_get_node()
 .text._ZNSt15__allocated_ptrISaISt10_List_nodeIPN3wyz9CObserverEEEEC2ERS5_PS4_
                0x000000000800606c       0x28 Src/Class/CUart.o
                0x000000000800606c                std::__allocated_ptr<std::allocator<std::_List_node<wyz::CObserver*> > >::__allocated_ptr(std::allocator<std::_List_node<wyz::CObserver*> >&, std::_List_node<wyz::CObserver*>*)
                0x000000000800606c                std::__allocated_ptr<std::allocator<std::_List_node<wyz::CObserver*> > >::__allocated_ptr(std::allocator<std::_List_node<wyz::CObserver*> >&, std::_List_node<wyz::CObserver*>*)
 .text._ZNSt15__allocated_ptrISaISt10_List_nodeIPN3wyz9CObserverEEEED2Ev
                0x0000000008006094       0x2a Src/Class/CUart.o
                0x0000000008006094                std::__allocated_ptr<std::allocator<std::_List_node<wyz::CObserver*> > >::~__allocated_ptr()
                0x0000000008006094                std::__allocated_ptr<std::allocator<std::_List_node<wyz::CObserver*> > >::~__allocated_ptr()
 .text._ZNSt16allocator_traitsISaISt10_List_nodeIPN3wyz9CObserverEEEE9constructIS3_JRKS3_EEEvRS5_PT_DpOT0_
                0x00000000080060be       0x26 Src/Class/CUart.o
                0x00000000080060be                void std::allocator_traits<std::allocator<std::_List_node<wyz::CObserver*> > >::construct<wyz::CObserver*, wyz::CObserver* const&>(std::allocator<std::_List_node<wyz::CObserver*> >&, wyz::CObserver**, wyz::CObserver* const&)
 .text._ZNSt15__allocated_ptrISaISt10_List_nodeIPN3wyz9CObserverEEEEaSEDn
                0x00000000080060e4       0x1c Src/Class/CUart.o
                0x00000000080060e4                std::__allocated_ptr<std::allocator<std::_List_node<wyz::CObserver*> > >::operator=(decltype(nullptr))
 .text._ZN9__gnu_cxx16__aligned_membufIPN3wyz9CObserverEE7_M_addrEv
                0x0000000008006100       0x14 Src/Class/CUart.o
                0x0000000008006100                __gnu_cxx::__aligned_membuf<wyz::CObserver*>::_M_addr()
 .text._ZN9__gnu_cxx13new_allocatorISt10_List_nodeIPN3wyz9CObserverEEEC2Ev
                0x0000000008006114       0x14 Src/Class/CUart.o
                0x0000000008006114                __gnu_cxx::new_allocator<std::_List_node<wyz::CObserver*> >::new_allocator()
                0x0000000008006114                __gnu_cxx::new_allocator<std::_List_node<wyz::CObserver*> >::new_allocator()
 .text._ZN9__gnu_cxx13new_allocatorISt10_List_nodeIPN3wyz9CObserverEEE10deallocateEPS5_j
                0x0000000008006128       0x1a Src/Class/CUart.o
                0x0000000008006128                __gnu_cxx::new_allocator<std::_List_node<wyz::CObserver*> >::deallocate(std::_List_node<wyz::CObserver*>*, unsigned int)
 .text._ZNSt16allocator_traitsISaISt10_List_nodeIPN3wyz9CObserverEEEE8allocateERS5_j
                0x0000000008006142       0x1e Src/Class/CUart.o
                0x0000000008006142                std::allocator_traits<std::allocator<std::_List_node<wyz::CObserver*> > >::allocate(std::allocator<std::_List_node<wyz::CObserver*> >&, unsigned int)
 .text._ZSt11__addressofISaISt10_List_nodeIPN3wyz9CObserverEEEEPT_RS6_
                0x0000000008006160       0x14 Src/Class/CUart.o
                0x0000000008006160                std::allocator<std::_List_node<wyz::CObserver*> >* std::__addressof<std::allocator<std::_List_node<wyz::CObserver*> > >(std::allocator<std::_List_node<wyz::CObserver*> >&)
 .text._ZN9__gnu_cxx13new_allocatorISt10_List_nodeIPN3wyz9CObserverEEE9constructIS4_JRKS4_EEEvPT_DpOT0_
                0x0000000008006174       0x30 Src/Class/CUart.o
                0x0000000008006174                void __gnu_cxx::new_allocator<std::_List_node<wyz::CObserver*> >::construct<wyz::CObserver*, wyz::CObserver* const&>(wyz::CObserver**, wyz::CObserver* const&)
 .text._ZN9__gnu_cxx13new_allocatorISt10_List_nodeIPN3wyz9CObserverEEE8allocateEjPKv
                0x00000000080061a4       0x42 Src/Class/CUart.o
                0x00000000080061a4                __gnu_cxx::new_allocator<std::_List_node<wyz::CObserver*> >::allocate(unsigned int, void const*)
 *fill*         0x00000000080061e6        0x2 
 .text._ZNK9__gnu_cxx13new_allocatorISt10_List_nodeIPN3wyz9CObserverEEE8max_sizeEv
                0x00000000080061e8       0x18 Src/Class/CUart.o
                0x00000000080061e8                __gnu_cxx::new_allocator<std::_List_node<wyz::CObserver*> >::max_size() const
 .text._ZN3wyz11CTimerMeter20HardInterruptOfTimerEP17TIM_HandleTypeDef
                0x0000000008006200       0x50 Src/main.o
                0x0000000008006200                wyz::CTimerMeter::HardInterruptOfTimer(TIM_HandleTypeDef*)
 .text.main     0x0000000008006250      0x118 Src/main.o
                0x0000000008006250                main
 .text._Z18SystemClock_Configv
                0x0000000008006368       0x9e Src/main.o
                0x0000000008006368                SystemClock_Config()
 *fill*         0x0000000008006406        0x2 
 .text._ZL12MX_TIM4_Initv
                0x0000000008006408       0xb8 Src/main.o
 .text._ZL19MX_USART1_UART_Initv
                0x00000000080064c0       0x5c Src/main.o
 .text._ZL19MX_USART2_UART_Initv
                0x000000000800651c       0x5c Src/main.o
 .text._ZL11MX_DMA_Initv
                0x0000000008006578       0x4c Src/main.o
 .text._ZL12MX_GPIO_Initv
                0x00000000080065c4      0x110 Src/main.o
 .text.HAL_UART_RxCpltCallback
                0x00000000080066d4       0x30 Src/main.o
                0x00000000080066d4                HAL_UART_RxCpltCallback
 .text.HAL_UART_RxHalfCpltCallback
                0x0000000008006704       0x30 Src/main.o
                0x0000000008006704                HAL_UART_RxHalfCpltCallback
 .text._Z16StartDefaultTaskPKv
                0x0000000008006734       0x44 Src/main.o
                0x0000000008006734                StartDefaultTask(void const*)
 .text.HAL_TIM_PeriodElapsedCallback
                0x0000000008006778       0x34 Src/main.o
                0x0000000008006778                HAL_TIM_PeriodElapsedCallback
 .text.Error_Handler
                0x00000000080067ac        0xc Src/main.o
                0x00000000080067ac                Error_Handler
 .text._ZN3wyz16CMyQueueFreertosIPZ16StartDefaultTaskPKvE7Simple2EC2Em
                0x00000000080067b8       0x38 Src/main.o
 .text._ZN3wyz16CMyQueueFreertosIPZ16StartDefaultTaskPKvE7Simple2ED2Ev
                0x00000000080067f0       0x30 Src/main.o
 .text._ZN3wyz16CMyQueueFreertosIPZ16StartDefaultTaskPKvE7Simple2ED0Ev
                0x0000000008006820       0x20 Src/main.o
 .text._ZN3wyz16CMyQueueFreertosIPZ16StartDefaultTaskPKvE7Simple2E17m_QueueSendToBackES4_jb
                0x0000000008006840       0x42 Src/main.o
 .text._ZN3wyz16CMyQueueFreertosIPZ16StartDefaultTaskPKvE7Simple2E14m_QueueReceiveERbjb
                0x0000000008006882       0x7c Src/main.o
 *fill*         0x00000000080068fe        0x2 
 .text._ZN3wyz12CMyQueueBaseIPZ16StartDefaultTaskPKvE7Simple2EC2Ev
                0x0000000008006900       0x20 Src/main.o
 .text._ZN3wyz12CMyQueueBaseIPZ16StartDefaultTaskPKvE7Simple2ED2Ev
                0x0000000008006920       0x20 Src/main.o
 .text._Z41__static_initialization_and_destruction_0ii
                0x0000000008006940       0x88 Src/main.o
 .text._ZN3wyz16CMyQueueFreertosIPZ16StartDefaultTaskPKvE7Simple2E18m_QueueSendToFrontES4_jb
                0x00000000080069c8       0x42 Src/main.o
 .text._ZN3wyz16CMyQueueFreertosIPZ16StartDefaultTaskPKvE7Simple2E11m_QueuePeekERbjb
                0x0000000008006a0a       0x7c Src/main.o
 .text._ZN3wyz16CMyQueueFreertosIPZ16StartDefaultTaskPKvE7Simple2E21m_QueueSpaceAvailableEv
                0x0000000008006a86       0x1c Src/main.o
 .text._ZN3wyz16CMyQueueFreertosIPZ16StartDefaultTaskPKvE7Simple2E22m_QueueMessagesWaitingEb
                0x0000000008006aa2       0x34 Src/main.o
 .text._GLOBAL__sub_I_htim4
                0x0000000008006ad6       0x10 Src/main.o
 *fill*         0x0000000008006ae6        0x2 
 .text.HAL_MspInit
                0x0000000008006ae8       0x70 Src/stm32f1xx_hal_msp.o
                0x0000000008006ae8                HAL_MspInit
 .text.HAL_TIM_Base_MspInit
                0x0000000008006b58       0x4c Src/stm32f1xx_hal_msp.o
                0x0000000008006b58                HAL_TIM_Base_MspInit
 .text.HAL_UART_MspInit
                0x0000000008006ba4      0x1d0 Src/stm32f1xx_hal_msp.o
                0x0000000008006ba4                HAL_UART_MspInit
 .text.HAL_InitTick
                0x0000000008006d74       0xb0 Src/stm32f1xx_hal_timebase_tim.o
                0x0000000008006d74                HAL_InitTick
 .text.NMI_Handler
                0x0000000008006e24        0xc Src/stm32f1xx_it.o
                0x0000000008006e24                NMI_Handler
 .text.HardFault_Handler
                0x0000000008006e30        0x6 Src/stm32f1xx_it.o
                0x0000000008006e30                HardFault_Handler
 .text.MemManage_Handler
                0x0000000008006e36        0x6 Src/stm32f1xx_it.o
                0x0000000008006e36                MemManage_Handler
 .text.BusFault_Handler
                0x0000000008006e3c        0x6 Src/stm32f1xx_it.o
                0x0000000008006e3c                BusFault_Handler
 .text.UsageFault_Handler
                0x0000000008006e42        0x6 Src/stm32f1xx_it.o
                0x0000000008006e42                UsageFault_Handler
 .text.DebugMon_Handler
                0x0000000008006e48        0xc Src/stm32f1xx_it.o
                0x0000000008006e48                DebugMon_Handler
 .text.DMA1_Channel5_IRQHandler
                0x0000000008006e54       0x14 Src/stm32f1xx_it.o
                0x0000000008006e54                DMA1_Channel5_IRQHandler
 .text.DMA1_Channel6_IRQHandler
                0x0000000008006e68       0x14 Src/stm32f1xx_it.o
                0x0000000008006e68                DMA1_Channel6_IRQHandler
 .text.TIM3_IRQHandler
                0x0000000008006e7c       0x14 Src/stm32f1xx_it.o
                0x0000000008006e7c                TIM3_IRQHandler
 .text.TIM4_IRQHandler
                0x0000000008006e90       0x14 Src/stm32f1xx_it.o
                0x0000000008006e90                TIM4_IRQHandler
 .text.USART1_IRQHandler
                0x0000000008006ea4       0x14 Src/stm32f1xx_it.o
                0x0000000008006ea4                USART1_IRQHandler
 .text.USART2_IRQHandler
                0x0000000008006eb8       0x14 Src/stm32f1xx_it.o
                0x0000000008006eb8                USART2_IRQHandler
 .text._getpid  0x0000000008006ecc        0xe Src/syscalls.o
                0x0000000008006ecc                _getpid
 .text._kill    0x0000000008006eda       0x20 Src/syscalls.o
                0x0000000008006eda                _kill
 .text._exit    0x0000000008006efa       0x14 Src/syscalls.o
                0x0000000008006efa                _exit
 *fill*         0x0000000008006f0e        0x2 
 .text._sbrk    0x0000000008006f10       0x58 Src/sysmem.o
                0x0000000008006f10                _sbrk
 .text.SystemInit
                0x0000000008006f68       0x68 Src/system_stm32f1xx.o
                0x0000000008006f68                SystemInit
 .text.Reset_Handler
                0x0000000008006fd0       0x48 Startup/startup_stm32f103c8tx.o
                0x0000000008006fd0                Reset_Handler
 .text.Default_Handler
                0x0000000008007018        0x2 Startup/startup_stm32f103c8tx.o
                0x0000000008007018                RTC_Alarm_IRQHandler
                0x0000000008007018                EXTI2_IRQHandler
                0x0000000008007018                TIM1_CC_IRQHandler
                0x0000000008007018                PVD_IRQHandler
                0x0000000008007018                EXTI3_IRQHandler
                0x0000000008007018                EXTI0_IRQHandler
                0x0000000008007018                I2C2_EV_IRQHandler
                0x0000000008007018                ADC1_2_IRQHandler
                0x0000000008007018                SPI1_IRQHandler
                0x0000000008007018                TAMPER_IRQHandler
                0x0000000008007018                DMA1_Channel4_IRQHandler
                0x0000000008007018                USART3_IRQHandler
                0x0000000008007018                RTC_IRQHandler
                0x0000000008007018                DMA1_Channel7_IRQHandler
                0x0000000008007018                CAN1_RX1_IRQHandler
                0x0000000008007018                I2C1_EV_IRQHandler
                0x0000000008007018                RCC_IRQHandler
                0x0000000008007018                TIM1_TRG_COM_IRQHandler
                0x0000000008007018                DMA1_Channel1_IRQHandler
                0x0000000008007018                Default_Handler
                0x0000000008007018                EXTI15_10_IRQHandler
                0x0000000008007018                EXTI9_5_IRQHandler
                0x0000000008007018                SPI2_IRQHandler
                0x0000000008007018                EXTI4_IRQHandler
                0x0000000008007018                USB_LP_CAN1_RX0_IRQHandler
                0x0000000008007018                USB_HP_CAN1_TX_IRQHandler
                0x0000000008007018                DMA1_Channel3_IRQHandler
                0x0000000008007018                TIM1_UP_IRQHandler
                0x0000000008007018                WWDG_IRQHandler
                0x0000000008007018                TIM2_IRQHandler
                0x0000000008007018                TIM1_BRK_IRQHandler
                0x0000000008007018                EXTI1_IRQHandler
                0x0000000008007018                I2C2_ER_IRQHandler
                0x0000000008007018                DMA1_Channel2_IRQHandler
                0x0000000008007018                CAN1_SCE_IRQHandler
                0x0000000008007018                FLASH_IRQHandler
                0x0000000008007018                I2C1_ER_IRQHandler
                0x0000000008007018                USBWakeUp_IRQHandler
 .text.__cxa_pure_virtual
                0x000000000800701a        0x6 c:/st/stm32cubeide_1.0.0/stm32cubeide/plugins/com.st.stm32cube.ide.mcu.externaltools.gnu-tools-for-stm32.7-2018-q2-update.win32_1.0.0.201904181610/tools/bin/../lib/gcc/arm-none-eabi/7.3.1/../../../../arm-none-eabi/lib/thumb/v7-m\libstdc++_nano.a(pure.o)
                0x000000000800701a                __cxa_pure_virtual
 .text._Znaj    0x0000000008007020        0x4 c:/st/stm32cubeide_1.0.0/stm32cubeide/plugins/com.st.stm32cube.ide.mcu.externaltools.gnu-tools-for-stm32.7-2018-q2-update.win32_1.0.0.201904181610/tools/bin/../lib/gcc/arm-none-eabi/7.3.1/../../../../arm-none-eabi/lib/thumb/v7-m\libstdc++_nano.a(new_opv.o)
                0x0000000008007020                operator new[](unsigned int)
 .text._ZdlPvj  0x0000000008007024        0x4 c:/st/stm32cubeide_1.0.0/stm32cubeide/plugins/com.st.stm32cube.ide.mcu.externaltools.gnu-tools-for-stm32.7-2018-q2-update.win32_1.0.0.201904181610/tools/bin/../lib/gcc/arm-none-eabi/7.3.1/../../../../arm-none-eabi/lib/thumb/v7-m\libstdc++_nano.a(del_ops.o)
                0x0000000008007024                operator delete(void*, unsigned int)
 .text._Znwj    0x0000000008007028       0x22 c:/st/stm32cubeide_1.0.0/stm32cubeide/plugins/com.st.stm32cube.ide.mcu.externaltools.gnu-tools-for-stm32.7-2018-q2-update.win32_1.0.0.201904181610/tools/bin/../lib/gcc/arm-none-eabi/7.3.1/../../../../arm-none-eabi/lib/thumb/v7-m\libstdc++_nano.a(new_op.o)
                0x0000000008007028                operator new(unsigned int)
 *fill*         0x000000000800704a        0x2 
 .text._ZSt15get_new_handlerv
                0x000000000800704c       0x10 c:/st/stm32cubeide_1.0.0/stm32cubeide/plugins/com.st.stm32cube.ide.mcu.externaltools.gnu-tools-for-stm32.7-2018-q2-update.win32_1.0.0.201904181610/tools/bin/../lib/gcc/arm-none-eabi/7.3.1/../../../../arm-none-eabi/lib/thumb/v7-m\libstdc++_nano.a(new_handler.o)
                0x000000000800704c                std::get_new_handler()
 .text._ZdlPv   0x000000000800705c        0x4 c:/st/stm32cubeide_1.0.0/stm32cubeide/plugins/com.st.stm32cube.ide.mcu.externaltools.gnu-tools-for-stm32.7-2018-q2-update.win32_1.0.0.201904181610/tools/bin/../lib/gcc/arm-none-eabi/7.3.1/../../../../arm-none-eabi/lib/thumb/v7-m\libstdc++_nano.a(del_op.o)
                0x000000000800705c                operator delete(void*)
 .text._ZN10__cxxabiv111__terminateEPFvvE
                0x0000000008007060        0x8 c:/st/stm32cubeide_1.0.0/stm32cubeide/plugins/com.st.stm32cube.ide.mcu.externaltools.gnu-tools-for-stm32.7-2018-q2-update.win32_1.0.0.201904181610/tools/bin/../lib/gcc/arm-none-eabi/7.3.1/../../../../arm-none-eabi/lib/thumb/v7-m\libstdc++_nano.a(eh_terminate.o)
                0x0000000008007060                __cxxabiv1::__terminate(void (*)())
 .text._ZSt13get_terminatev
                0x0000000008007068       0x10 c:/st/stm32cubeide_1.0.0/stm32cubeide/plugins/com.st.stm32cube.ide.mcu.externaltools.gnu-tools-for-stm32.7-2018-q2-update.win32_1.0.0.201904181610/tools/bin/../lib/gcc/arm-none-eabi/7.3.1/../../../../arm-none-eabi/lib/thumb/v7-m\libstdc++_nano.a(eh_terminate.o)
                0x0000000008007068                std::get_terminate()
 .text._ZSt9terminatev
                0x0000000008007078        0xa c:/st/stm32cubeide_1.0.0/stm32cubeide/plugins/com.st.stm32cube.ide.mcu.externaltools.gnu-tools-for-stm32.7-2018-q2-update.win32_1.0.0.201904181610/tools/bin/../lib/gcc/arm-none-eabi/7.3.1/../../../../arm-none-eabi/lib/thumb/v7-m\libstdc++_nano.a(eh_terminate.o)
                0x0000000008007078                std::terminate()
 .text._ZNSaIcEC2Ev
                0x0000000008007082        0x2 c:/st/stm32cubeide_1.0.0/stm32cubeide/plugins/com.st.stm32cube.ide.mcu.externaltools.gnu-tools-for-stm32.7-2018-q2-update.win32_1.0.0.201904181610/tools/bin/../lib/gcc/arm-none-eabi/7.3.1/../../../../arm-none-eabi/lib/thumb/v7-m\libstdc++_nano.a(allocator-inst.o)
                0x0000000008007082                std::allocator<char>::allocator()
                0x0000000008007082                std::allocator<char>::allocator()
 .text._ZNSaIcED2Ev
                0x0000000008007084        0x2 c:/st/stm32cubeide_1.0.0/stm32cubeide/plugins/com.st.stm32cube.ide.mcu.externaltools.gnu-tools-for-stm32.7-2018-q2-update.win32_1.0.0.201904181610/tools/bin/../lib/gcc/arm-none-eabi/7.3.1/../../../../arm-none-eabi/lib/thumb/v7-m\libstdc++_nano.a(allocator-inst.o)
                0x0000000008007084                std::allocator<char>::~allocator()
                0x0000000008007084                std::allocator<char>::~allocator()
 .text._ZNSt8__detail15_List_node_base7_M_hookEPS0_
                0x0000000008007086        0xe c:/st/stm32cubeide_1.0.0/stm32cubeide/plugins/com.st.stm32cube.ide.mcu.externaltools.gnu-tools-for-stm32.7-2018-q2-update.win32_1.0.0.201904181610/tools/bin/../lib/gcc/arm-none-eabi/7.3.1/../../../../arm-none-eabi/lib/thumb/v7-m\libstdc++_nano.a(list.o)
                0x0000000008007086                std::__detail::_List_node_base::_M_hook(std::__detail::_List_node_base*)
 .text._ZNSt8__detail15_List_node_base9_M_unhookEv
                0x0000000008007094        0xa c:/st/stm32cubeide_1.0.0/stm32cubeide/plugins/com.st.stm32cube.ide.mcu.externaltools.gnu-tools-for-stm32.7-2018-q2-update.win32_1.0.0.201904181610/tools/bin/../lib/gcc/arm-none-eabi/7.3.1/../../../../arm-none-eabi/lib/thumb/v7-m\libstdc++_nano.a(list.o)
                0x0000000008007094                std::__detail::_List_node_base::_M_unhook()
 .text._ZSt17__throw_bad_allocv
                0x000000000800709e        0x6 c:/st/stm32cubeide_1.0.0/stm32cubeide/plugins/com.st.stm32cube.ide.mcu.externaltools.gnu-tools-for-stm32.7-2018-q2-update.win32_1.0.0.201904181610/tools/bin/../lib/gcc/arm-none-eabi/7.3.1/../../../../arm-none-eabi/lib/thumb/v7-m\libstdc++_nano.a(functexcept.o)
                0x000000000800709e                std::__throw_bad_alloc()
 .text._ZSt19__throw_logic_errorPKc
                0x00000000080070a4        0x6 c:/st/stm32cubeide_1.0.0/stm32cubeide/plugins/com.st.stm32cube.ide.mcu.externaltools.gnu-tools-for-stm32.7-2018-q2-update.win32_1.0.0.201904181610/tools/bin/../lib/gcc/arm-none-eabi/7.3.1/../../../../arm-none-eabi/lib/thumb/v7-m\libstdc++_nano.a(functexcept.o)
                0x00000000080070a4                std::__throw_logic_error(char const*)
 .text._ZSt20__throw_length_errorPKc
                0x00000000080070aa        0x6 c:/st/stm32cubeide_1.0.0/stm32cubeide/plugins/com.st.stm32cube.ide.mcu.externaltools.gnu-tools-for-stm32.7-2018-q2-update.win32_1.0.0.201904181610/tools/bin/../lib/gcc/arm-none-eabi/7.3.1/../../../../arm-none-eabi/lib/thumb/v7-m\libstdc++_nano.a(functexcept.o)
                0x00000000080070aa                std::__throw_length_error(char const*)
 .text._ZSt24__throw_out_of_range_fmtPKcz
                0x00000000080070b0       0x36 c:/st/stm32cubeide_1.0.0/stm32cubeide/plugins/com.st.stm32cube.ide.mcu.externaltools.gnu-tools-for-stm32.7-2018-q2-update.win32_1.0.0.201904181610/tools/bin/../lib/gcc/arm-none-eabi/7.3.1/../../../../arm-none-eabi/lib/thumb/v7-m\libstdc++_nano.a(functexcept.o)
                0x00000000080070b0                std::__throw_out_of_range_fmt(char const*, ...)
 .text._ZNSt11char_traitsIcE7compareEPKcS2_j
                0x00000000080070e6        0xa c:/st/stm32cubeide_1.0.0/stm32cubeide/plugins/com.st.stm32cube.ide.mcu.externaltools.gnu-tools-for-stm32.7-2018-q2-update.win32_1.0.0.201904181610/tools/bin/../lib/gcc/arm-none-eabi/7.3.1/../../../../arm-none-eabi/lib/thumb/v7-m\libstdc++_nano.a(string-inst.o)
                0x00000000080070e6                std::char_traits<char>::compare(char const*, char const*, unsigned int)
 .text._ZNSt11char_traitsIcE4findEPKcjRS1_
                0x00000000080070f0       0x10 c:/st/stm32cubeide_1.0.0/stm32cubeide/plugins/com.st.stm32cube.ide.mcu.externaltools.gnu-tools-for-stm32.7-2018-q2-update.win32_1.0.0.201904181610/tools/bin/../lib/gcc/arm-none-eabi/7.3.1/../../../../arm-none-eabi/lib/thumb/v7-m\libstdc++_nano.a(string-inst.o)
                0x00000000080070f0                std::char_traits<char>::find(char const*, unsigned int, char const&)
 .text._ZNSt11char_traitsIcE4copyEPcPKcj
                0x0000000008007100        0x8 c:/st/stm32cubeide_1.0.0/stm32cubeide/plugins/com.st.stm32cube.ide.mcu.externaltools.gnu-tools-for-stm32.7-2018-q2-update.win32_1.0.0.201904181610/tools/bin/../lib/gcc/arm-none-eabi/7.3.1/../../../../arm-none-eabi/lib/thumb/v7-m\libstdc++_nano.a(string-inst.o)
                0x0000000008007100                std::char_traits<char>::copy(char*, char const*, unsigned int)
 .text._ZNSt7__cxx1112basic_stringIcSt11char_traitsIcESaIcEE9_M_createERjj
                0x0000000008007108       0x34 c:/st/stm32cubeide_1.0.0/stm32cubeide/plugins/com.st.stm32cube.ide.mcu.externaltools.gnu-tools-for-stm32.7-2018-q2-update.win32_1.0.0.201904181610/tools/bin/../lib/gcc/arm-none-eabi/7.3.1/../../../../arm-none-eabi/lib/thumb/v7-m\libstdc++_nano.a(string-inst.o)
                0x0000000008007108                std::__cxx11::basic_string<char, std::char_traits<char>, std::allocator<char> >::_M_create(unsigned int&, unsigned int)
 .text._ZNSt7__cxx1112basic_stringIcSt11char_traitsIcESaIcEE10_M_disposeEv
                0x000000000800713c       0x10 c:/st/stm32cubeide_1.0.0/stm32cubeide/plugins/com.st.stm32cube.ide.mcu.externaltools.gnu-tools-for-stm32.7-2018-q2-update.win32_1.0.0.201904181610/tools/bin/../lib/gcc/arm-none-eabi/7.3.1/../../../../arm-none-eabi/lib/thumb/v7-m\libstdc++_nano.a(string-inst.o)
                0x000000000800713c                std::__cxx11::basic_string<char, std::char_traits<char>, std::allocator<char> >::_M_dispose()
 .text._ZNKSt7__cxx1112basic_stringIcSt11char_traitsIcESaIcEE8_M_checkEjPKc
                0x000000000800714c       0x1c c:/st/stm32cubeide_1.0.0/stm32cubeide/plugins/com.st.stm32cube.ide.mcu.externaltools.gnu-tools-for-stm32.7-2018-q2-update.win32_1.0.0.201904181610/tools/bin/../lib/gcc/arm-none-eabi/7.3.1/../../../../arm-none-eabi/lib/thumb/v7-m\libstdc++_nano.a(string-inst.o)
                0x000000000800714c                std::__cxx11::basic_string<char, std::char_traits<char>, std::allocator<char> >::_M_check(unsigned int, char const*) const
 .text._ZNKSt7__cxx1112basic_stringIcSt11char_traitsIcESaIcEE15_M_check_lengthEjjPKc
                0x0000000008007168       0x18 c:/st/stm32cubeide_1.0.0/stm32cubeide/plugins/com.st.stm32cube.ide.mcu.externaltools.gnu-tools-for-stm32.7-2018-q2-update.win32_1.0.0.201904181610/tools/bin/../lib/gcc/arm-none-eabi/7.3.1/../../../../arm-none-eabi/lib/thumb/v7-m\libstdc++_nano.a(string-inst.o)
                0x0000000008007168                std::__cxx11::basic_string<char, std::char_traits<char>, std::allocator<char> >::_M_check_length(unsigned int, unsigned int, char const*) const
 .text._ZNKSt7__cxx1112basic_stringIcSt11char_traitsIcESaIcEE11_M_disjunctEPKc
                0x0000000008007180       0x18 c:/st/stm32cubeide_1.0.0/stm32cubeide/plugins/com.st.stm32cube.ide.mcu.externaltools.gnu-tools-for-stm32.7-2018-q2-update.win32_1.0.0.201904181610/tools/bin/../lib/gcc/arm-none-eabi/7.3.1/../../../../arm-none-eabi/lib/thumb/v7-m\libstdc++_nano.a(string-inst.o)
                0x0000000008007180                std::__cxx11::basic_string<char, std::char_traits<char>, std::allocator<char> >::_M_disjunct(char const*) const
 .text._ZNSt7__cxx1112basic_stringIcSt11char_traitsIcESaIcEE7_S_copyEPcPKcj
                0x0000000008007198       0x12 c:/st/stm32cubeide_1.0.0/stm32cubeide/plugins/com.st.stm32cube.ide.mcu.externaltools.gnu-tools-for-stm32.7-2018-q2-update.win32_1.0.0.201904181610/tools/bin/../lib/gcc/arm-none-eabi/7.3.1/../../../../arm-none-eabi/lib/thumb/v7-m\libstdc++_nano.a(string-inst.o)
                0x0000000008007198                std::__cxx11::basic_string<char, std::char_traits<char>, std::allocator<char> >::_S_copy(char*, char const*, unsigned int)
 .text._ZNSt7__cxx1112basic_stringIcSt11char_traitsIcESaIcEE7_S_moveEPcPKcj
                0x00000000080071aa       0x18 c:/st/stm32cubeide_1.0.0/stm32cubeide/plugins/com.st.stm32cube.ide.mcu.externaltools.gnu-tools-for-stm32.7-2018-q2-update.win32_1.0.0.201904181610/tools/bin/../lib/gcc/arm-none-eabi/7.3.1/../../../../arm-none-eabi/lib/thumb/v7-m\libstdc++_nano.a(string-inst.o)
                0x00000000080071aa                std::__cxx11::basic_string<char, std::char_traits<char>, std::allocator<char> >::_S_move(char*, char const*, unsigned int)
 .text._ZNSt7__cxx1112basic_stringIcSt11char_traitsIcESaIcEE13_S_copy_charsEPcS5_S5_
                0x00000000080071c2        0xa c:/st/stm32cubeide_1.0.0/stm32cubeide/plugins/com.st.stm32cube.ide.mcu.externaltools.gnu-tools-for-stm32.7-2018-q2-update.win32_1.0.0.201904181610/tools/bin/../lib/gcc/arm-none-eabi/7.3.1/../../../../arm-none-eabi/lib/thumb/v7-m\libstdc++_nano.a(string-inst.o)
                0x00000000080071c2                std::__cxx11::basic_string<char, std::char_traits<char>, std::allocator<char> >::_S_copy_chars(char*, char*, char*)
 .text._ZNSt7__cxx1112basic_stringIcSt11char_traitsIcESaIcEE13_S_copy_charsEPcPKcS7_
                0x00000000080071cc        0xa c:/st/stm32cubeide_1.0.0/stm32cubeide/plugins/com.st.stm32cube.ide.mcu.externaltools.gnu-tools-for-stm32.7-2018-q2-update.win32_1.0.0.201904181610/tools/bin/../lib/gcc/arm-none-eabi/7.3.1/../../../../arm-none-eabi/lib/thumb/v7-m\libstdc++_nano.a(string-inst.o)
                0x00000000080071cc                std::__cxx11::basic_string<char, std::char_traits<char>, std::allocator<char> >::_S_copy_chars(char*, char const*, char const*)
 .text._ZNSt7__cxx1112basic_stringIcSt11char_traitsIcESaIcEE9_M_assignERKS4_
                0x00000000080071d6       0x50 c:/st/stm32cubeide_1.0.0/stm32cubeide/plugins/com.st.stm32cube.ide.mcu.externaltools.gnu-tools-for-stm32.7-2018-q2-update.win32_1.0.0.201904181610/tools/bin/../lib/gcc/arm-none-eabi/7.3.1/../../../../arm-none-eabi/lib/thumb/v7-m\libstdc++_nano.a(string-inst.o)
                0x00000000080071d6                std::__cxx11::basic_string<char, std::char_traits<char>, std::allocator<char> >::_M_assign(std::__cxx11::basic_string<char, std::char_traits<char>, std::allocator<char> > const&)
 .text._ZNSt7__cxx1112basic_stringIcSt11char_traitsIcESaIcEE9_M_mutateEjjPKcj
                0x0000000008007226       0x7e c:/st/stm32cubeide_1.0.0/stm32cubeide/plugins/com.st.stm32cube.ide.mcu.externaltools.gnu-tools-for-stm32.7-2018-q2-update.win32_1.0.0.201904181610/tools/bin/../lib/gcc/arm-none-eabi/7.3.1/../../../../arm-none-eabi/lib/thumb/v7-m\libstdc++_nano.a(string-inst.o)
                0x0000000008007226                std::__cxx11::basic_string<char, std::char_traits<char>, std::allocator<char> >::_M_mutate(unsigned int, unsigned int, char const*, unsigned int)
 .text._ZNSt7__cxx1112basic_stringIcSt11char_traitsIcESaIcEEC2Ev
                0x00000000080072a4        0xe c:/st/stm32cubeide_1.0.0/stm32cubeide/plugins/com.st.stm32cube.ide.mcu.externaltools.gnu-tools-for-stm32.7-2018-q2-update.win32_1.0.0.201904181610/tools/bin/../lib/gcc/arm-none-eabi/7.3.1/../../../../arm-none-eabi/lib/thumb/v7-m\libstdc++_nano.a(string-inst.o)
                0x00000000080072a4                std::__cxx11::basic_string<char, std::char_traits<char>, std::allocator<char> >::basic_string()
                0x00000000080072a4                std::__cxx11::basic_string<char, std::char_traits<char>, std::allocator<char> >::basic_string()
 .text._ZNSt7__cxx1112basic_stringIcSt11char_traitsIcESaIcEED2Ev
                0x00000000080072b2        0xc c:/st/stm32cubeide_1.0.0/stm32cubeide/plugins/com.st.stm32cube.ide.mcu.externaltools.gnu-tools-for-stm32.7-2018-q2-update.win32_1.0.0.201904181610/tools/bin/../lib/gcc/arm-none-eabi/7.3.1/../../../../arm-none-eabi/lib/thumb/v7-m\libstdc++_nano.a(string-inst.o)
                0x00000000080072b2                std::__cxx11::basic_string<char, std::char_traits<char>, std::allocator<char> >::~basic_string()
                0x00000000080072b2                std::__cxx11::basic_string<char, std::char_traits<char>, std::allocator<char> >::~basic_string()