Archive member included to satisfy reference by file (symbol)

c:/st/stm32cubeide_1.0.0/stm32cubeide/plugins/com.st.stm32cube.ide.mcu.externaltools.gnu-tools-for-stm32.7-2018-q2-update.win32_1.0.0.201904181610/tools/bin/../lib/gcc/arm-none-eabi/7.3.1/../../../../arm-none-eabi/lib/thumb/v7-m\libstdc++_nano.a(del_opv.o)
                              Src/Class/CUart.o (operator delete[](void*))
c:/st/stm32cubeide_1.0.0/stm32cubeide/plugins/com.st.stm32cube.ide.mcu.externaltools.gnu-tools-for-stm32.7-2018-q2-update.win32_1.0.0.201904181610/tools/bin/../lib/gcc/arm-none-eabi/7.3.1/../../../../arm-none-eabi/lib/thumb/v7-m\libstdc++_nano.a(eh_arm.o)
                              Src/Class/CAnalysisOfFrame.o (__cxa_end_cleanup)
c:/st/stm32cubeide_1.0.0/stm32cubeide/plugins/com.st.stm32cube.ide.mcu.externaltools.gnu-tools-for-stm32.7-2018-q2-update.win32_1.0.0.201904181610/tools/bin/../lib/gcc/arm-none-eabi/7.3.1/../../../../arm-none-eabi/lib/thumb/v7-m\libstdc++_nano.a(pure.o)
                              Src/Class/CAnalysisOfFrame.o (__cxa_pure_virtual)
c:/st/stm32cubeide_1.0.0/stm32cubeide/plugins/com.st.stm32cube.ide.mcu.externaltools.gnu-tools-for-stm32.7-2018-q2-update.win32_1.0.0.201904181610/tools/bin/../lib/gcc/arm-none-eabi/7.3.1/../../../../arm-none-eabi/lib/thumb/v7-m\libstdc++_nano.a(eh_globals.o)
                              c:/st/stm32cubeide_1.0.0/stm32cubeide/plugins/com.st.stm32cube.ide.mcu.externaltools.gnu-tools-for-stm32.7-2018-q2-update.win32_1.0.0.201904181610/tools/bin/../lib/gcc/arm-none-eabi/7.3.1/../../../../arm-none-eabi/lib/thumb/v7-m\libstdc++_nano.a(eh_arm.o) (__cxa_get_globals)
c:/st/stm32cubeide_1.0.0/stm32cubeide/plugins/com.st.stm32cube.ide.mcu.externaltools.gnu-tools-for-stm32.7-2018-q2-update.win32_1.0.0.201904181610/tools/bin/../lib/gcc/arm-none-eabi/7.3.1/../../../../arm-none-eabi/lib/thumb/v7-m\libstdc++_nano.a(new_opv.o)
                              Src/Class/CUart.o (operator new[](unsigned int))
c:/st/stm32cubeide_1.0.0/stm32cubeide/plugins/com.st.stm32cube.ide.mcu.externaltools.gnu-tools-for-stm32.7-2018-q2-update.win32_1.0.0.201904181610/tools/bin/../lib/gcc/arm-none-eabi/7.3.1/../../../../arm-none-eabi/lib/thumb/v7-m\libstdc++_nano.a(del_ops.o)
                              Src/Class/CGPSModule.o (operator delete(void*, unsigned int))
c:/st/stm32cubeide_1.0.0/stm32cubeide/plugins/com.st.stm32cube.ide.mcu.externaltools.gnu-tools-for-stm32.7-2018-q2-update.win32_1.0.0.201904181610/tools/bin/../lib/gcc/arm-none-eabi/7.3.1/../../../../arm-none-eabi/lib/thumb/v7-m\libstdc++_nano.a(eh_personality.o)
                              Src/Class/CAnalysisOfFrame.o (__gxx_personality_v0)
c:/st/stm32cubeide_1.0.0/stm32cubeide/plugins/com.st.stm32cube.ide.mcu.externaltools.gnu-tools-for-stm32.7-2018-q2-update.win32_1.0.0.201904181610/tools/bin/../lib/gcc/arm-none-eabi/7.3.1/../../../../arm-none-eabi/lib/thumb/v7-m\libstdc++_nano.a(new_op.o)
                              Src/Class/CGPSModule.o (operator new(unsigned int))
c:/st/stm32cubeide_1.0.0/stm32cubeide/plugins/com.st.stm32cube.ide.mcu.externaltools.gnu-tools-for-stm32.7-2018-q2-update.win32_1.0.0.201904181610/tools/bin/../lib/gcc/arm-none-eabi/7.3.1/../../../../arm-none-eabi/lib/thumb/v7-m\libstdc++_nano.a(new_handler.o)
                              c:/st/stm32cubeide_1.0.0/stm32cubeide/plugins/com.st.stm32cube.ide.mcu.externaltools.gnu-tools-for-stm32.7-2018-q2-update.win32_1.0.0.201904181610/tools/bin/../lib/gcc/arm-none-eabi/7.3.1/../../../../arm-none-eabi/lib/thumb/v7-m\libstdc++_nano.a(new_op.o) (std::get_new_handler())
c:/st/stm32cubeide_1.0.0/stm32cubeide/plugins/com.st.stm32cube.ide.mcu.externaltools.gnu-tools-for-stm32.7-2018-q2-update.win32_1.0.0.201904181610/tools/bin/../lib/gcc/arm-none-eabi/7.3.1/../../../../arm-none-eabi/lib/thumb/v7-m\libstdc++_nano.a(del_op.o)
                              Src/Class/CGPSModule.o (operator delete(void*))
c:/st/stm32cubeide_1.0.0/stm32cubeide/plugins/com.st.stm32cube.ide.mcu.externaltools.gnu-tools-for-stm32.7-2018-q2-update.win32_1.0.0.201904181610/tools/bin/../lib/gcc/arm-none-eabi/7.3.1/../../../../arm-none-eabi/lib/thumb/v7-m\libstdc++_nano.a(eh_terminate.o)
                              c:/st/stm32cubeide_1.0.0/stm32cubeide/plugins/com.st.stm32cube.ide.mcu.externaltools.gnu-tools-for-stm32.7-2018-q2-update.win32_1.0.0.201904181610/tools/bin/../lib/gcc/arm-none-eabi/7.3.1/../../../../arm-none-eabi/lib/thumb/v7-m\libstdc++_nano.a(eh_arm.o) (std::terminate())
c:/st/stm32cubeide_1.0.0/stm32cubeide/plugins/com.st.stm32cube.ide.mcu.externaltools.gnu-tools-for-stm32.7-2018-q2-update.win32_1.0.0.201904181610/tools/bin/../lib/gcc/arm-none-eabi/7.3.1/../../../../arm-none-eabi/lib/thumb/v7-m\libstdc++_nano.a(allocator-inst.o)
                              Src/main.o (std::allocator<char>::allocator())
[...]
Memory Configuration

Name             Origin             Length             Attributes
RAM              0x0000000020000000 0x0000000000005000 xrw
FLASH            0x0000000008000000 0x0000000000010000 xr
*default*        0x0000000000000000 0xffffffffffffffff

Linker script and memory map

LOAD c:/st/stm32cubeide_1.0.0/stm32cubeide/plugins/com.st.stm32cube.ide.mcu.externaltools.gnu-tools-for-stm32.7-2018-q2-update.win32_1.0.0.201904181610/tools/bin/../lib/gcc/arm-none-eabi/7.3.1/thumb/v7-m/crti.o
LOAD c:/st/stm32cubeide_1.0.0/stm32cubeide/plugins/com.st.stm32cube.ide.mcu.externaltools.gnu-tools-for-stm32.7-2018-q2-update.win32_1.0.0.201904181610/tools/bin/../lib/gcc/arm-none-eabi/7.3.1/thumb/v7-m/crtbegin.o
LOAD c:/st/stm32cubeide_1.0.0/stm32cubeide/plugins/com.st.stm32cube.ide.mcu.externaltools.gnu-tools-for-stm32.7-2018-q2-update.win32_1.0.0.201904181610/tools/bin/../lib/gcc/arm-none-eabi/7.3.1/../../../../arm-none-eabi/lib/thumb/v7-m/crt0.o
LOAD Drivers/STM32F1xx_HAL_Driver/Src/stm32f1xx_hal.o
LOAD Drivers/STM32F1xx_HAL_Driver/Src/stm32f1xx_hal_cortex.o
LOAD Drivers/STM32F1xx_HAL_Driver/Src/stm32f1xx_hal_dma.o
LOAD Drivers/STM32F1xx_HAL_Driver/Src/stm32f1xx_hal_exti.o
LOAD Drivers/STM32F1xx_HAL_Driver/Src/stm32f1xx_hal_flash.o
LOAD Drivers/STM32F1xx_HAL_Driver/Src/stm32f1xx_hal_flash_ex.o
LOAD Drivers/STM32F1xx_HAL_Driver/Src/stm32f1xx_hal_gpio.o
LOAD Drivers/STM32F1xx_HAL_Driver/Src/stm32f1xx_hal_gpio_ex.o
LOAD Drivers/STM32F1xx_HAL_Driver/Src/stm32f1xx_hal_pwr.o
LOAD Drivers/STM32F1xx_HAL_Driver/Src/stm32f1xx_hal_rcc.o
LOAD Drivers/STM32F1xx_HAL_Driver/Src/stm32f1xx_hal_rcc_ex.o
LOAD Drivers/STM32F1xx_HAL_Driver/Src/stm32f1xx_hal_tim.o
LOAD Drivers/STM32F1xx_HAL_Driver/Src/stm32f1xx_hal_tim_ex.o
LOAD Drivers/STM32F1xx_HAL_Driver/Src/stm32f1xx_hal_uart.o
LOAD Middlewares/Third_Party/FreeRTOS/Source/CMSIS_RTOS/cmsis_os.o
LOAD Middlewares/Third_Party/FreeRTOS/Source/croutine.o
LOAD Middlewares/Third_Party/FreeRTOS/Source/event_groups.o
LOAD Middlewares/Third_Party/FreeRTOS/Source/list.o
LOAD Middlewares/Third_Party/FreeRTOS/Source/queue.o
LOAD Middlewares/Third_Party/FreeRTOS/Source/stream_buffer.o
LOAD Middlewares/Third_Party/FreeRTOS/Source/tasks.o
LOAD Middlewares/Third_Party/FreeRTOS/Source/timers.o
LOAD Middlewares/Third_Party/FreeRTOS/Source/portable/GCC/ARM_CM3/port.o
LOAD Middlewares/Third_Party/FreeRTOS/Source/portable/MemMang/heap_4.o
LOAD Src/Cfile/Printf.o
LOAD Src/Class/CAnalysisOfFrame.o
LOAD Src/Class/CDevice.o
LOAD Src/Class/CDeviceDecorator.o
LOAD Src/Class/CGPSModule.o
LOAD Src/Class/CObserver.o
LOAD Src/Class/CStrategy.o
LOAD Src/Class/CSubject.o
LOAD Src/Class/CTimerMeter.o
LOAD Src/Class/CUart.o
LOAD Src/freertos.o
LOAD Src/main.o
LOAD Src/stm32f1xx_hal_msp.o
LOAD Src/stm32f1xx_hal_timebase_tim.o
LOAD Src/stm32f1xx_it.o
LOAD Src/syscalls.o
LOAD Src/sysmem.o
LOAD Src/system_stm32f1xx.o
LOAD Startup/startup_stm32f103c8tx.o
START GROUP
LOAD c:/st/stm32cubeide_1.0.0/stm32cubeide/plugins/com.st.stm32cube.ide.mcu.externaltools.gnu-tools-for-stm32.7-2018-q2-update.win32_1.0.0.201904181610/tools/bin/../lib/gcc/arm-none-eabi/7.3.1/../../../../arm-none-eabi/lib/thumb/v7-m\libstdc++_nano.a
LOAD c:/st/stm32cubeide_1.0.0/stm32cubeide/plugins/com.st.stm32cube.ide.mcu.externaltools.gnu-tools-for-stm32.7-2018-q2-update.win32_1.0.0.201904181610/tools/bin/../lib/gcc/arm-none-eabi/7.3.1/../../../../arm-none-eabi/lib/thumb/v7-m\libsupc++_nano.a
END GROUP
LOAD c:/st/stm32cubeide_1.0.0/stm32cubeide/plugins/com.st.stm32cube.ide.mcu.externaltools.gnu-tools-for-stm32.7-2018-q2-update.win32_1.0.0.201904181610/tools/bin/../lib/gcc/arm-none-eabi/7.3.1/../../../../arm-none-eabi/lib/thumb/v7-m\libstdc++_nano.a
LOAD c:/st/stm32cubeide_1.0.0/stm32cubeide/plugins/com.st.stm32cube.ide.mcu.externaltools.gnu-tools-for-stm32.7-2018-q2-update.win32_1.0.0.201904181610/tools/bin/../lib/gcc/arm-none-eabi/7.3.1/../../../../arm-none-eabi/lib/thumb/v7-m\libm.a
LOAD c:/st/stm32cubeide_1.0.0/stm32cubeide/plugins/com.st.stm32cube.ide.mcu.externaltools.gnu-tools-for-stm32.7-2018-q2-update.win32_1.0.0.201904181610/tools/bin/../lib/gcc/arm-none-eabi/7.3.1/../../../../arm-none-eabi/lib/thumb/v7-m\libc_nano.a
START GROUP
LOAD c:/st/stm32cubeide_1.0.0/stm32cubeide/plugins/com.st.stm32cube.ide.mcu.externaltools.gnu-tools-for-stm32.7-2018-q2-update.win32_1.0.0.201904181610/tools/bin/../lib/gcc/arm-none-eabi/7.3.1/thumb/v7-m\libgcc.a
LOAD c:/st/stm32cubeide_1.0.0/stm32cubeide/plugins/com.st.stm32cube.ide.mcu.externaltools.gnu-tools-for-stm32.7-2018-q2-update.win32_1.0.0.201904181610/tools/bin/../lib/gcc/arm-none-eabi/7.3.1/../../../../arm-none-eabi/lib/thumb/v7-m\libc_nano.a
END GROUP
START GROUP
LOAD c:/st/stm32cubeide_1.0.0/stm32cubeide/plugins/com.st.stm32cube.ide.mcu.externaltools.gnu-tools-for-stm32.7-2018-q2-update.win32_1.0.0.201904181610/tools/bin/../lib/gcc/arm-none-eabi/7.3.1/thumb/v7-m\libgcc.a
LOAD c:/st/stm32cubeide_1.0.0/stm32cubeide/plugins/com.st.stm32cube.ide.mcu.externaltools.gnu-tools-for-stm32.7-2018-q2-update.win32_1.0.0.201904181610/tools/bin/../lib/gcc/arm-none-eabi/7.3.1/../../../../arm-none-eabi/lib/thumb/v7-m\libc_nano.a
END GROUP
LOAD c:/st/stm32cubeide_1.0.0/stm32cubeide/plugins/com.st.stm32cube.ide.mcu.externaltools.gnu-tools-for-stm32.7-2018-q2-update.win32_1.0.0.201904181610/tools/bin/../lib/gcc/arm-none-eabi/7.3.1/thumb/v7-m/crtend.o
LOAD c:/st/stm32cubeide_1.0.0/stm32cubeide/plugins/com.st.stm32cube.ide.mcu.externaltools.gnu-tools-for-stm32.7-2018-q2-update.win32_1.0.0.201904181610/tools/bin/../lib/gcc/arm-none-eabi/7.3.1/thumb/v7-m/crtn.o
                0x0000000020005000                _estack = 0x20005000
                0x0000000000000200                _Min_Heap_Size = 0x200
                0x0000000000000400                _Min_Stack_Size = 0x400

.isr_vector     0x0000000008000000      0x10c
                0x0000000008000000                . = ALIGN (0x4)
 *(.isr_vector)
 .isr_vector    0x0000000008000000      0x10c Startup/startup_stm32f103c8tx.o
                0x0000000008000000                g_pfnVectors
                0x000000000800010c                . = ALIGN (0x4)

.text           0x0000000008000110     0xb3a8
                0x0000000008000110                . = ALIGN (0x4)
 *(.text)
 .text          0x0000000008000110       0x40 c:/st/stm32cubeide_1.0.0/stm32cubeide/plugins/com.st.stm32cube.ide.mcu.externaltools.gnu-tools-for-stm32.7-2018-q2-update.win32_1.0.0.201904181610/tools/bin/../lib/gcc/arm-none-eabi/7.3.1/thumb/v7-m/crtbegin.o
 .text          0x0000000008000150       0x14 c:/st/stm32cubeide_1.0.0/stm32cubeide/plugins/com.st.stm32cube.ide.mcu.externaltools.gnu-tools-for-stm32.7-2018-q2-update.win32_1.0.0.201904181610/tools/bin/../lib/gcc/arm-none-eabi/7.3.1/../../../../arm-none-eabi/lib/thumb/v7-m\libc_nano.a(lib_a-strcmp.o)
                0x0000000008000150                strcmp
 .text          0x0000000008000164       0x10 c:/st/stm32cubeide_1.0.0/stm32cubeide/plugins/com.st.stm32cube.ide.mcu.externaltools.gnu-tools-for-stm32.7-2018-q2-update.win32_1.0.0.201904181610/tools/bin/../lib/gcc/arm-none-eabi/7.3.1/../../../../arm-none-eabi/lib/thumb/v7-m\libc_nano.a(lib_a-strlen.o)
                0x0000000008000164                strlen
 .text          0x0000000008000174      0x378 c:/st/stm32cubeide_1.0.0/stm32cubeide/plugins/com.st.stm32cube.ide.mcu.externaltools.gnu-tools-for-stm32.7-2018-q2-update.win32_1.0.0.201904181610/tools/bin/../lib/gcc/arm-none-eabi/7.3.1/thumb/v7-m\libgcc.a(_arm_addsubdf3.o)
                0x0000000008000174                __aeabi_drsub
                0x000000000800017c                __aeabi_dsub
                0x000000000800017c                __subdf3
                0x0000000008000180                __aeabi_dadd
                0x0000000008000180                __adddf3
                0x00000000080003f8                __floatunsidf
                0x00000000080003f8                __aeabi_ui2d
                0x0000000008000418                __floatsidf
                0x0000000008000418                __aeabi_i2d
                0x000000000800043c                __aeabi_f2d
                0x000000000800043c                __extendsfdf2
                0x0000000008000480                __floatundidf
                0x0000000008000480                __aeabi_ul2d
                0x0000000008000490                __floatdidf
                0x0000000008000490                __aeabi_l2d
 .text          0x00000000080004ec      0x424 c:/st/stm32cubeide_1.0.0/stm32cubeide/plugins/com.st.stm32cube.ide.mcu.externaltools.gnu-tools-for-stm32.7-2018-q2-update.win32_1.0.0.201904181610/tools/bin/../lib/gcc/arm-none-eabi/7.3.1/thumb/v7-m\libgcc.a(_arm_muldivdf3.o)
                0x00000000080004ec                __aeabi_dmul
                0x00000000080004ec                __muldf3
                0x0000000008000740                __divdf3
                0x0000000008000740                __aeabi_ddiv
 .text          0x0000000008000910      0x110 c:/st/stm32cubeide_1.0.0/stm32cubeide/plugins/com.st.stm32cube.ide.mcu.externaltools.gnu-tools-for-stm32.7-2018-q2-update.win32_1.0.0.201904181610/tools/bin/../lib/gcc/arm-none-eabi/7.3.1/thumb/v7-m\libgcc.a(_arm_cmpdf2.o)
                0x0000000008000910                __gtdf2
                0x0000000008000910                __gedf2
                0x0000000008000918                __ltdf2
                0x0000000008000918                __ledf2
                0x0000000008000920                __nedf2
                0x0000000008000920                __eqdf2
                0x0000000008000920                __cmpdf2
                0x000000000800099c                __aeabi_cdrcmple
                0x00000000080009ac                __aeabi_cdcmpeq
                0x00000000080009ac                __aeabi_cdcmple
                0x00000000080009bc                __aeabi_dcmpeq
                0x00000000080009d0                __aeabi_dcmplt
                0x00000000080009e4                __aeabi_dcmple
                0x00000000080009f8                __aeabi_dcmpge
                0x0000000008000a0c                __aeabi_dcmpgt
 .text          0x0000000008000a20       0x2c c:/st/stm32cubeide_1.0.0/stm32cubeide/plugins/com.st.stm32cube.ide.mcu.externaltools.gnu-tools-for-stm32.7-2018-q2-update.win32_1.0.0.201904181610/tools/bin/../lib/gcc/arm-none-eabi/7.3.1/thumb/v7-m\libgcc.a(_arm_unorddf2.o)
                0x0000000008000a20                __unorddf2
                0x0000000008000a20                __aeabi_dcmpun
 .text          0x0000000008000a4c       0x50 c:/st/stm32cubeide_1.0.0/stm32cubeide/plugins/com.st.stm32cube.ide.mcu.externaltools.gnu-tools-for-stm32.7-2018-q2-update.win32_1.0.0.201904181610/tools/bin/../lib/gcc/arm-none-eabi/7.3.1/thumb/v7-m\libgcc.a(_arm_fixdfsi.o)
                0x0000000008000a4c                __aeabi_d2iz
                0x0000000008000a4c                __fixdfsi
 .text          0x0000000008000a9c      0xa00 c:/st/stm32cubeide_1.0.0/stm32cubeide/plugins/com.st.stm32cube.ide.mcu.externaltools.gnu-tools-for-stm32.7-2018-q2-update.win32_1.0.0.201904181610/tools/bin/../lib/gcc/arm-none-eabi/7.3.1/thumb/v7-m\libgcc.a(unwind-arm.o)
                0x0000000008000d58                _Unwind_GetCFA
                0x0000000008000d5c                __gnu_Unwind_RaiseException
                0x0000000008000dbc                __gnu_Unwind_ForcedUnwind
                0x0000000008000dd0                __gnu_Unwind_Resume
                0x0000000008000e14                __gnu_Unwind_Resume_or_Rethrow
                0x0000000008000e28                _Unwind_Complete
                0x0000000008000e2c                _Unwind_DeleteException
                0x0000000008000e38                _Unwind_VRS_Get
                0x0000000008000e7c                _Unwind_VRS_Set
                0x0000000008000ec4                __gnu_Unwind_Backtrace
                0x000000000800120c                __aeabi_unwind_cpp_pr0
                0x0000000008001210                __aeabi_unwind_cpp_pr1
                0x0000000008001214                __aeabi_unwind_cpp_pr2
                0x0000000008001218                _Unwind_VRS_Pop
 .text          0x000000000800149c      0x1ac c:/st/stm32cubeide_1.0.0/stm32cubeide/plugins/com.st.stm32cube.ide.mcu.externaltools.gnu-tools-for-stm32.7-2018-q2-update.win32_1.0.0.201904181610/tools/bin/../lib/gcc/arm-none-eabi/7.3.1/thumb/v7-m\libgcc.a(libunwind.o)
                0x000000000800149c                __restore_core_regs
                0x000000000800149c                restore_core_regs
                0x00000000080014b4                __gnu_Unwind_Restore_VFP
                0x00000000080014bc                __gnu_Unwind_Save_VFP
                0x00000000080014c4                __gnu_Unwind_Restore_VFP_D
                0x00000000080014cc                __gnu_Unwind_Save_VFP_D
                0x00000000080014d4                __gnu_Unwind_Restore_VFP_D_16_to_31
                0x00000000080014dc                __gnu_Unwind_Save_VFP_D_16_to_31
                0x00000000080014e4                __gnu_Unwind_Restore_WMMXD
                0x0000000008001528                __gnu_Unwind_Save_WMMXD
                0x000000000800156c                __gnu_Unwind_Restore_WMMXC
                0x0000000008001580                __gnu_Unwind_Save_WMMXC
                0x0000000008001594                ___Unwind_RaiseException
                0x0000000008001594                _Unwind_RaiseException
                0x00000000080015b8                _Unwind_Resume
                0x00000000080015b8                ___Unwind_Resume
                0x00000000080015dc                _Unwind_Resume_or_Rethrow
                0x00000000080015dc                ___Unwind_Resume_or_Rethrow
                0x0000000008001600                _Unwind_ForcedUnwind
                0x0000000008001600                ___Unwind_ForcedUnwind
                0x0000000008001624                ___Unwind_Backtrace
                0x0000000008001624                _Unwind_Backtrace
 .text          0x0000000008001648      0x378 c:/st/stm32cubeide_1.0.0/stm32cubeide/plugins/com.st.stm32cube.ide.mcu.externaltools.gnu-tools-for-stm32.7-2018-q2-update.win32_1.0.0.201904181610/tools/bin/../lib/gcc/arm-none-eabi/7.3.1/thumb/v7-m\libgcc.a(pr-support.o)
                0x00000000080016a0                __gnu_unwind_execute
                0x0000000008001964                __gnu_unwind_frame
                0x0000000008001990                _Unwind_GetRegionStart
                0x000000000800199c                _Unwind_GetLanguageSpecificData
                0x00000000080019b0                _Unwind_GetDataRelBase
                0x00000000080019b8                _Unwind_GetTextRelBase
 *(.text*)
 .text.HAL_Init
                0x00000000080019c0       0x2c Drivers/STM32F1xx_HAL_Driver/Src/stm32f1xx_hal.o
                0x00000000080019c0                HAL_Init
 .text.HAL_IncTick
                0x00000000080019ec       0x24 Drivers/STM32F1xx_HAL_Driver/Src/stm32f1xx_hal.o
                0x00000000080019ec                HAL_IncTick
 .text.HAL_GetTick
                0x0000000008001a10       0x14 Drivers/STM32F1xx_HAL_Driver/Src/stm32f1xx_hal.o
                0x0000000008001a10                HAL_GetTick
 .text.__NVIC_SetPriorityGrouping
                0x0000000008001a24       0x48 Drivers/STM32F1xx_HAL_Driver/Src/stm32f1xx_hal_cortex.o
 .text.__NVIC_GetPriorityGrouping
                0x0000000008001a6c       0x1c Drivers/STM32F1xx_HAL_Driver/Src/stm32f1xx_hal_cortex.o
 .text.__NVIC_EnableIRQ
                0x0000000008001a88       0x38 Drivers/STM32F1xx_HAL_Driver/Src/stm32f1xx_hal_cortex.o
 .text.__NVIC_SetPriority
                0x0000000008001ac0       0x54 Drivers/STM32F1xx_HAL_Driver/Src/stm32f1xx_hal_cortex.o
 .text.NVIC_EncodePriority
                0x0000000008001b14       0x64 Drivers/STM32F1xx_HAL_Driver/Src/stm32f1xx_hal_cortex.o
 .text.HAL_NVIC_SetPriorityGrouping
                0x0000000008001b78       0x16 Drivers/STM32F1xx_HAL_Driver/Src/stm32f1xx_hal_cortex.o
                0x0000000008001b78                HAL_NVIC_SetPriorityGrouping
 .text.HAL_NVIC_SetPriority
                0x0000000008001b8e       0x38 Drivers/STM32F1xx_HAL_Driver/Src/stm32f1xx_hal_cortex.o
                0x0000000008001b8e                HAL_NVIC_SetPriority
 .text.HAL_NVIC_EnableIRQ
                0x0000000008001bc6       0x1c Drivers/STM32F1xx_HAL_Driver/Src/stm32f1xx_hal_cortex.o
                0x0000000008001bc6                HAL_NVIC_EnableIRQ
 *fill*         0x0000000008001be2        0x2 
 .text.HAL_DMA_Init
                0x0000000008001be4       0xb4 Drivers/STM32F1xx_HAL_Driver/Src/stm32f1xx_hal_dma.o
                0x0000000008001be4                HAL_DMA_Init
 .text.HAL_DMA_Start_IT
                0x0000000008001c98       0xbe Drivers/STM32F1xx_HAL_Driver/Src/stm32f1xx_hal_dma.o
                0x0000000008001c98                HAL_DMA_Start_IT
 *fill*         0x0000000008001d56        0x2 
 .text.HAL_DMA_Abort_IT
                0x0000000008001d58       0xec Drivers/STM32F1xx_HAL_Driver/Src/stm32f1xx_hal_dma.o
                0x0000000008001d58                HAL_DMA_Abort_IT
 .text.HAL_DMA_IRQHandler
                0x0000000008001e44      0x20c Drivers/STM32F1xx_HAL_Driver/Src/stm32f1xx_hal_dma.o
                0x0000000008001e44                HAL_DMA_IRQHandler
 .text.DMA_SetConfig
                0x0000000008002050       0x5a Drivers/STM32F1xx_HAL_Driver/Src/stm32f1xx_hal_dma.o
 *fill*         0x00000000080020aa        0x2 
 .text.HAL_GPIO_Init
                0x00000000080020ac      0x2b4 Drivers/STM32F1xx_HAL_Driver/Src/stm32f1xx_hal_gpio.o
                0x00000000080020ac                HAL_GPIO_Init
 .text.HAL_RCC_OscConfig
                0x0000000008002360      0x500 Drivers/STM32F1xx_HAL_Driver/Src/stm32f1xx_hal_rcc.o
                0x0000000008002360                HAL_RCC_OscConfig
 .text.HAL_RCC_ClockConfig
                0x0000000008002860      0x1d4 Drivers/STM32F1xx_HAL_Driver/Src/stm32f1xx_hal_rcc.o
                0x0000000008002860                HAL_RCC_ClockConfig
 .text.HAL_RCC_GetSysClockFreq
                0x0000000008002a34       0xc4 Drivers/STM32F1xx_HAL_Driver/Src/stm32f1xx_hal_rcc.o
                0x0000000008002a34                HAL_RCC_GetSysClockFreq
 .text.HAL_RCC_GetHCLKFreq
                0x0000000008002af8       0x14 Drivers/STM32F1xx_HAL_Driver/Src/stm32f1xx_hal_rcc.o
                0x0000000008002af8                HAL_RCC_GetHCLKFreq
 .text.HAL_RCC_GetPCLK1Freq
                0x0000000008002b0c       0x28 Drivers/STM32F1xx_HAL_Driver/Src/stm32f1xx_hal_rcc.o
                0x0000000008002b0c                HAL_RCC_GetPCLK1Freq
 .text.HAL_RCC_GetPCLK2Freq
                0x0000000008002b34       0x28 Drivers/STM32F1xx_HAL_Driver/Src/stm32f1xx_hal_rcc.o
                0x0000000008002b34                HAL_RCC_GetPCLK2Freq
 .text.HAL_RCC_GetClockConfig
                0x0000000008002b5c       0x60 Drivers/STM32F1xx_HAL_Driver/Src/stm32f1xx_hal_rcc.o
                0x0000000008002b5c                HAL_RCC_GetClockConfig
 .text.RCC_Delay
                0x0000000008002bbc       0x3c Drivers/STM32F1xx_HAL_Driver/Src/stm32f1xx_hal_rcc.o
 .text.HAL_TIM_Base_Init
                0x0000000008002bf8       0x56 Drivers/STM32F1xx_HAL_Driver/Src/stm32f1xx_hal_tim.o
                0x0000000008002bf8                HAL_TIM_Base_Init
 .text.HAL_TIM_Base_Start_IT
                0x0000000008002c4e       0x46 Drivers/STM32F1xx_HAL_Driver/Src/stm32f1xx_hal_tim.o
                0x0000000008002c4e                HAL_TIM_Base_Start_IT
 .text.HAL_TIM_IRQHandler
                0x0000000008002c94      0x210 Drivers/STM32F1xx_HAL_Driver/Src/stm32f1xx_hal_tim.o
                0x0000000008002c94                HAL_TIM_IRQHandler
 .text.HAL_TIM_ConfigClockSource
                0x0000000008002ea4      0x16e Drivers/STM32F1xx_HAL_Driver/Src/stm32f1xx_hal_tim.o
                0x0000000008002ea4                HAL_TIM_ConfigClockSource
 .text.HAL_TIM_OC_DelayElapsedCallback
                0x0000000008003012       0x12 Drivers/STM32F1xx_HAL_Driver/Src/stm32f1xx_hal_tim.o
                0x0000000008003012                HAL_TIM_OC_DelayElapsedCallback
 .text.HAL_TIM_IC_CaptureCallback
                0x0000000008003024       0x12 Drivers/STM32F1xx_HAL_Driver/Src/stm32f1xx_hal_tim.o
                0x0000000008003024                HAL_TIM_IC_CaptureCallback
 .text.HAL_TIM_PWM_PulseFinishedCallback
                0x0000000008003036       0x12 Drivers/STM32F1xx_HAL_Driver/Src/stm32f1xx_hal_tim.o
                0x0000000008003036                HAL_TIM_PWM_PulseFinishedCallback
 .text.HAL_TIM_TriggerCallback
                0x0000000008003048       0x12 Drivers/STM32F1xx_HAL_Driver/Src/stm32f1xx_hal_tim.o
                0x0000000008003048                HAL_TIM_TriggerCallback
 *fill*         0x000000000800305a        0x2 
 .text.TIM_Base_SetConfig
                0x000000000800305c       0xc4 Drivers/STM32F1xx_HAL_Driver/Src/stm32f1xx_hal_tim.o
                0x000000000800305c                TIM_Base_SetConfig
 .text.TIM_TI1_ConfigInputStage
                0x0000000008003120       0x5c Drivers/STM32F1xx_HAL_Driver/Src/stm32f1xx_hal_tim.o
 .text.TIM_TI2_ConfigInputStage
                0x000000000800317c       0x5e Drivers/STM32F1xx_HAL_Driver/Src/stm32f1xx_hal_tim.o
 .text.TIM_ITRx_SetConfig
                0x00000000080031da       0x34 Drivers/STM32F1xx_HAL_Driver/Src/stm32f1xx_hal_tim.o
 .text.TIM_ETR_SetConfig
                0x000000000800320e       0x3e Drivers/STM32F1xx_HAL_Driver/Src/stm32f1xx_hal_tim.o
                0x000000000800320e                TIM_ETR_SetConfig
 .text.HAL_TIMEx_MasterConfigSynchronization
                0x000000000800324c       0x88 Drivers/STM32F1xx_HAL_Driver/Src/stm32f1xx_hal_tim_ex.o
                0x000000000800324c                HAL_TIMEx_MasterConfigSynchronization
 .text.HAL_TIMEx_CommutCallback
                0x00000000080032d4       0x12 Drivers/STM32F1xx_HAL_Driver/Src/stm32f1xx_hal_tim_ex.o
                0x00000000080032d4                HAL_TIMEx_CommutCallback
 .text.HAL_TIMEx_BreakCallback
                0x00000000080032e6       0x12 Drivers/STM32F1xx_HAL_Driver/Src/stm32f1xx_hal_tim_ex.o
                0x00000000080032e6                HAL_TIMEx_BreakCallback
 .text.HAL_UART_Init
                0x00000000080032f8       0x9a Drivers/STM32F1xx_HAL_Driver/Src/stm32f1xx_hal_uart.o
                0x00000000080032f8                HAL_UART_Init
 .text.HAL_UART_Transmit
                0x0000000008003392      0x132 Drivers/STM32F1xx_HAL_Driver/Src/stm32f1xx_hal_uart.o
                0x0000000008003392                HAL_UART_Transmit
 .text.HAL_UART_Receive
                0x00000000080034c4      0x14c Drivers/STM32F1xx_HAL_Driver/Src/stm32f1xx_hal_uart.o
                0x00000000080034c4                HAL_UART_Receive
 .text.HAL_UART_Transmit_IT
                0x0000000008003610       0x88 Drivers/STM32F1xx_HAL_Driver/Src/stm32f1xx_hal_uart.o
                0x0000000008003610                HAL_UART_Transmit_IT
 .text.HAL_UART_Receive_IT
                0x0000000008003698       0xa8 Drivers/STM32F1xx_HAL_Driver/Src/stm32f1xx_hal_uart.o
                0x0000000008003698                HAL_UART_Receive_IT
 .text.HAL_UART_Transmit_DMA
                0x0000000008003740       0xd8 Drivers/STM32F1xx_HAL_Driver/Src/stm32f1xx_hal_uart.o
                0x0000000008003740                HAL_UART_Transmit_DMA
 .text.HAL_UART_Receive_DMA
                0x0000000008003818      0x100 Drivers/STM32F1xx_HAL_Driver/Src/stm32f1xx_hal_uart.o
                0x0000000008003818                HAL_UART_Receive_DMA
 .text.HAL_UART_IRQHandler
                0x0000000008003918      0x1f8 Drivers/STM32F1xx_HAL_Driver/Src/stm32f1xx_hal_uart.o
                0x0000000008003918                HAL_UART_IRQHandler
 .text.HAL_UART_TxCpltCallback
                0x0000000008003b10       0x12 Drivers/STM32F1xx_HAL_Driver/Src/stm32f1xx_hal_uart.o
                0x0000000008003b10                HAL_UART_TxCpltCallback
 .text.HAL_UART_TxHalfCpltCallback
                0x0000000008003b22       0x12 Drivers/STM32F1xx_HAL_Driver/Src/stm32f1xx_hal_uart.o
                0x0000000008003b22                HAL_UART_TxHalfCpltCallback
 .text.HAL_UART_ErrorCallback
                0x0000000008003b34       0x12 Drivers/STM32F1xx_HAL_Driver/Src/stm32f1xx_hal_uart.o
                0x0000000008003b34                HAL_UART_ErrorCallback
 .text.UART_DMATransmitCplt
                0x0000000008003b46       0x52 Drivers/STM32F1xx_HAL_Driver/Src/stm32f1xx_hal_uart.o
 .text.UART_DMATxHalfCplt
                0x0000000008003b98       0x1c Drivers/STM32F1xx_HAL_Driver/Src/stm32f1xx_hal_uart.o
 .text.UART_DMAReceiveCplt
                0x0000000008003bb4       0x68 Drivers/STM32F1xx_HAL_Driver/Src/stm32f1xx_hal_uart.o
 .text.UART_DMARxHalfCplt
                0x0000000008003c1c       0x1c Drivers/STM32F1xx_HAL_Driver/Src/stm32f1xx_hal_uart.o
 .text.UART_DMAError
                0x0000000008003c38       0x94 Drivers/STM32F1xx_HAL_Driver/Src/stm32f1xx_hal_uart.o
 .text.UART_WaitOnFlagUntilTimeout
                0x0000000008003ccc       0x94 Drivers/STM32F1xx_HAL_Driver/Src/stm32f1xx_hal_uart.o
 .text.UART_EndTxTransfer
                0x0000000008003d60       0x2a Drivers/STM32F1xx_HAL_Driver/Src/stm32f1xx_hal_uart.o
 .text.UART_EndRxTransfer
                0x0000000008003d8a       0x3a Drivers/STM32F1xx_HAL_Driver/Src/stm32f1xx_hal_uart.o
 .text.UART_DMAAbortOnError
                0x0000000008003dc4       0x28 Drivers/STM32F1xx_HAL_Driver/Src/stm32f1xx_hal_uart.o
 .text.UART_Transmit_IT
                0x0000000008003dec       0xaa Drivers/STM32F1xx_HAL_Driver/Src/stm32f1xx_hal_uart.o
 .text.UART_EndTransmit_IT
                0x0000000008003e96       0x30 Drivers/STM32F1xx_HAL_Driver/Src/stm32f1xx_hal_uart.o
 .text.UART_Receive_IT
                0x0000000008003ec6      0x102 Drivers/STM32F1xx_HAL_Driver/Src/stm32f1xx_hal_uart.o
 .text.UART_SetConfig
                0x0000000008003fc8      0x1b4 Drivers/STM32F1xx_HAL_Driver/Src/stm32f1xx_hal_uart.o
 .text.makeFreeRtosPriority
                0x000000000800417c       0x2e Middlewares/Third_Party/FreeRTOS/Source/CMSIS_RTOS/cmsis_os.o
 .text.osKernelStart
                0x00000000080041aa        0xe Middlewares/Third_Party/FreeRTOS/Source/CMSIS_RTOS/cmsis_os.o
                0x00000000080041aa                osKernelStart
 .text.osThreadCreate
                0x00000000080041b8       0x4e Middlewares/Third_Party/FreeRTOS/Source/CMSIS_RTOS/cmsis_os.o
                0x00000000080041b8                osThreadCreate
 .text.osDelay  0x0000000008004206       0x28 Middlewares/Third_Party/FreeRTOS/Source/CMSIS_RTOS/cmsis_os.o
                0x0000000008004206                osDelay
 .text.vListInitialise
                0x000000000800422e       0x3e Middlewares/Third_Party/FreeRTOS/Source/list.o
                0x000000000800422e                vListInitialise
 .text.vListInitialiseItem
                0x000000000800426c       0x18 Middlewares/Third_Party/FreeRTOS/Source/list.o
                0x000000000800426c                vListInitialiseItem
 .text.vListInsertEnd
                0x0000000008004284       0x46 Middlewares/Third_Party/FreeRTOS/Source/list.o
                0x0000000008004284                vListInsertEnd
 .text.vListInsert
                0x00000000080042ca       0x70 Middlewares/Third_Party/FreeRTOS/Source/list.o
                0x00000000080042ca                vListInsert
 .text.uxListRemove
                0x000000000800433a       0x52 Middlewares/Third_Party/FreeRTOS/Source/list.o
                0x000000000800433a                uxListRemove
 .text.xQueueGenericReset
                0x000000000800438c       0xd0 Middlewares/Third_Party/FreeRTOS/Source/queue.o
                0x000000000800438c                xQueueGenericReset
 .text.xQueueGenericCreate
                0x000000000800445c       0x72 Middlewares/Third_Party/FreeRTOS/Source/queue.o
                0x000000000800445c                xQueueGenericCreate
 .text.prvInitialiseNewQueue
                0x00000000080044ce       0x3e Middlewares/Third_Party/FreeRTOS/Source/queue.o
 .text.xQueueGenericSend
                0x000000000800450c      0x1f4 Middlewares/Third_Party/FreeRTOS/Source/queue.o
                0x000000000800450c                xQueueGenericSend
 .text.xQueueGenericSendFromISR
                0x0000000008004700      0x128 Middlewares/Third_Party/FreeRTOS/Source/queue.o
                0x0000000008004700                xQueueGenericSendFromISR
 .text.xQueueReceive
                0x0000000008004828      0x1b8 Middlewares/Third_Party/FreeRTOS/Source/queue.o
                0x0000000008004828                xQueueReceive
 .text.xQueuePeek
                0x00000000080049e0      0x1bc Middlewares/Third_Party/FreeRTOS/Source/queue.o
                0x00000000080049e0                xQueuePeek
 .text.xQueueReceiveFromISR
                0x0000000008004b9c       0xfa Middlewares/Third_Party/FreeRTOS/Source/queue.o
                0x0000000008004b9c                xQueueReceiveFromISR
 .text.xQueuePeekFromISR
                0x0000000008004c96       0xca Middlewares/Third_Party/FreeRTOS/Source/queue.o
                0x0000000008004c96                xQueuePeekFromISR
 .text.uxQueueMessagesWaiting
                0x0000000008004d60       0x3a Middlewares/Third_Party/FreeRTOS/Source/queue.o
                0x0000000008004d60                uxQueueMessagesWaiting
 .text.uxQueueSpacesAvailable
                0x0000000008004d9a       0x44 Middlewares/Third_Party/FreeRTOS/Source/queue.o
                0x0000000008004d9a                uxQueueSpacesAvailable
 .text.uxQueueMessagesWaitingFromISR
                0x0000000008004dde       0x34 Middlewares/Third_Party/FreeRTOS/Source/queue.o
                0x0000000008004dde                uxQueueMessagesWaitingFromISR
 .text.vQueueDelete
                0x0000000008004e12       0x3a Middlewares/Third_Party/FreeRTOS/Source/queue.o
                0x0000000008004e12                vQueueDelete
 .text.prvCopyDataToQueue
                0x0000000008004e4c       0xd4 Middlewares/Third_Party/FreeRTOS/Source/queue.o
 .text.prvCopyDataFromQueue
                0x0000000008004f20       0x4c Middlewares/Third_Party/FreeRTOS/Source/queue.o
 .text.prvUnlockQueue
                0x0000000008004f6c       0xa4 Middlewares/Third_Party/FreeRTOS/Source/queue.o
 .text.prvIsQueueEmpty
                0x0000000008005010       0x2c Middlewares/Third_Party/FreeRTOS/Source/queue.o
 .text.prvIsQueueFull
                0x000000000800503c       0x30 Middlewares/Third_Party/FreeRTOS/Source/queue.o
 .text.vQueueUnregisterQueue
                0x000000000800506c       0x50 Middlewares/Third_Party/FreeRTOS/Source/queue.o
                0x000000000800506c                vQueueUnregisterQueue
 .text.xTaskCreate
                0x00000000080050bc       0x82 Middlewares/Third_Party/FreeRTOS/Source/tasks.o
                0x00000000080050bc                xTaskCreate
 .text.prvInitialiseNewTask
                0x000000000800513e       0xfc Middlewares/Third_Party/FreeRTOS/Source/tasks.o
 *fill*         0x000000000800523a        0x2 
 .text.prvAddNewTaskToReadyList
                0x000000000800523c       0xd4 Middlewares/Third_Party/FreeRTOS/Source/tasks.o
 .text.vTaskDelay
                0x0000000008005310       0x68 Middlewares/Third_Party/FreeRTOS/Source/tasks.o
                0x0000000008005310                vTaskDelay
 .text.vTaskStartScheduler
                0x0000000008005378       0x8c Middlewares/Third_Party/FreeRTOS/Source/tasks.o
                0x0000000008005378                vTaskStartScheduler
 .text.vTaskSuspendAll
                0x0000000008005404       0x1c Middlewares/Third_Party/FreeRTOS/Source/tasks.o
                0x0000000008005404                vTaskSuspendAll
 .text.xTaskResumeAll
                0x0000000008005420      0x138 Middlewares/Third_Party/FreeRTOS/Source/tasks.o
                0x0000000008005420                xTaskResumeAll
 .text.xTaskIncrementTick
                0x0000000008005558      0x178 Middlewares/Third_Party/FreeRTOS/Source/tasks.o
                0x0000000008005558                xTaskIncrementTick
 .text.vTaskSwitchContext
                0x00000000080056d0       0xb4 Middlewares/Third_Party/FreeRTOS/Source/tasks.o
                0x00000000080056d0                vTaskSwitchContext
 .text.vTaskPlaceOnEventList
                0x0000000008005784       0x48 Middlewares/Third_Party/FreeRTOS/Source/tasks.o
                0x0000000008005784                vTaskPlaceOnEventList
 .text.xTaskRemoveFromEventList
                0x00000000080057cc       0xc4 Middlewares/Third_Party/FreeRTOS/Source/tasks.o
                0x00000000080057cc                xTaskRemoveFromEventList
 .text.vTaskInternalSetTimeOutState
                0x0000000008005890       0x2c Middlewares/Third_Party/FreeRTOS/Source/tasks.o
                0x0000000008005890                vTaskInternalSetTimeOutState
 .text.xTaskCheckForTimeOut
                0x00000000080058bc       0xc0 Middlewares/Third_Party/FreeRTOS/Source/tasks.o
                0x00000000080058bc                xTaskCheckForTimeOut
 .text.vTaskMissedYield
                0x000000000800597c       0x18 Middlewares/Third_Party/FreeRTOS/Source/tasks.o
                0x000000000800597c                vTaskMissedYield
 .text.prvIdleTask
                0x0000000008005994       0x30 Middlewares/Third_Party/FreeRTOS/Source/tasks.o
 .text.prvInitialiseTaskLists
                0x00000000080059c4       0x80 Middlewares/Third_Party/FreeRTOS/Source/tasks.o
 .text.prvCheckTasksWaitingTermination
                0x0000000008005a44       0x58 Middlewares/Third_Party/FreeRTOS/Source/tasks.o
 .text.prvDeleteTCB
                0x0000000008005a9c       0x20 Middlewares/Third_Party/FreeRTOS/Source/tasks.o
 .text.prvResetNextTaskUnblockTime
                0x0000000008005abc       0x48 Middlewares/Third_Party/FreeRTOS/Source/tasks.o
 .text.xTaskGetSchedulerState
                0x0000000008005b04       0x3c Middlewares/Third_Party/FreeRTOS/Source/tasks.o
                0x0000000008005b04                xTaskGetSchedulerState
 .text.xTaskPriorityDisinherit
                0x0000000008005b40      0x108 Middlewares/Third_Party/FreeRTOS/Source/tasks.o
                0x0000000008005b40                xTaskPriorityDisinherit
 .text.prvAddCurrentTaskToDelayedList
                0x0000000008005c48       0xcc Middlewares/Third_Party/FreeRTOS/Source/tasks.o
 .text.pxPortInitialiseStack
                0x0000000008005d14       0x58 Middlewares/Third_Party/FreeRTOS/Source/portable/GCC/ARM_CM3/port.o
                0x0000000008005d14                pxPortInitialiseStack
 .text.prvTaskExitError
                0x0000000008005d6c       0x50 Middlewares/Third_Party/FreeRTOS/Source/portable/GCC/ARM_CM3/port.o
 *fill*         0x0000000008005dbc        0x4 
 .text.SVC_Handler
                0x0000000008005dc0       0x28 Middlewares/Third_Party/FreeRTOS/Source/portable/GCC/ARM_CM3/port.o
                0x0000000008005dc0                SVC_Handler
 .text.prvPortStartFirstTask
                0x0000000008005de8       0x20 Middlewares/Third_Party/FreeRTOS/Source/portable/GCC/ARM_CM3/port.o
 .text.xPortStartScheduler
                0x0000000008005e08       0xe0 Middlewares/Third_Party/FreeRTOS/Source/portable/GCC/ARM_CM3/port.o
                0x0000000008005e08                xPortStartScheduler
 .text.vPortEnterCritical
                0x0000000008005ee8       0x5c Middlewares/Third_Party/FreeRTOS/Source/portable/GCC/ARM_CM3/port.o
                0x0000000008005ee8                vPortEnterCritical
 .text.vPortExitCritical
                0x0000000008005f44       0x4c Middlewares/Third_Party/FreeRTOS/Source/portable/GCC/ARM_CM3/port.o
                0x0000000008005f44                vPortExitCritical
 .text.PendSV_Handler
                0x0000000008005f90       0x48 Middlewares/Third_Party/FreeRTOS/Source/portable/GCC/ARM_CM3/port.o
                0x0000000008005f90                PendSV_Handler
 .text.SysTick_Handler
                0x0000000008005fd8       0x40 Middlewares/Third_Party/FreeRTOS/Source/portable/GCC/ARM_CM3/port.o
                0x0000000008005fd8                SysTick_Handler
 .text.vPortSetupTimerInterrupt
                0x0000000008006018       0x44 Middlewares/Third_Party/FreeRTOS/Source/portable/GCC/ARM_CM3/port.o
                0x0000000008006018                vPortSetupTimerInterrupt
 .text.vPortValidateInterruptPriority
                0x000000000800605c       0x78 Middlewares/Third_Party/FreeRTOS/Source/portable/GCC/ARM_CM3/port.o
                0x000000000800605c                vPortValidateInterruptPriority
 .text.pvPortMalloc
                0x00000000080060d4      0x184 Middlewares/Third_Party/FreeRTOS/Source/portable/MemMang/heap_4.o
                0x00000000080060d4                pvPortMalloc
 .text.vPortFree
                0x0000000008006258       0xb0 Middlewares/Third_Party/FreeRTOS/Source/portable/MemMang/heap_4.o
                0x0000000008006258                vPortFree
 .text.prvHeapInit
                0x0000000008006308       0xc4 Middlewares/Third_Party/FreeRTOS/Source/portable/MemMang/heap_4.o
 .text.prvInsertBlockIntoFreeList
                0x00000000080063cc       0xb0 Middlewares/Third_Party/FreeRTOS/Source/portable/MemMang/heap_4.o
 .text._ZN3wyz9CStrategyC2Ev
                0x000000000800647c       0x20 Src/Class/CAnalysisOfFrame.o
                0x000000000800647c                wyz::CStrategy::CStrategy()
                0x000000000800647c                wyz::CStrategy::CStrategy()
 .text._ZN3wyz16CAnalysisOfFrameC2EmNSt7__cxx1112basic_stringIcSt11char_traitsIcESaIcEEES6_
                0x000000000800649c       0xbc Src/Class/CAnalysisOfFrame.o
                0x000000000800649c                wyz::CAnalysisOfFrame::CAnalysisOfFrame(unsigned long, std::__cxx11::basic_string<char, std::char_traits<char>, std::allocator<char> >, std::__cxx11::basic_string<char, std::char_traits<char>, std::allocator<char> >)
                0x000000000800649c                wyz::CAnalysisOfFrame::CAnalysisOfFrame(unsigned long, std::__cxx11::basic_string<char, std::char_traits<char>, std::allocator<char> >, std::__cxx11::basic_string<char, std::char_traits<char>, std::allocator<char> >)
 .text._ZN3wyz16CAnalysisOfFrame16ConcreteStrategyENSt7__cxx1112basic_stringIcSt11char_traitsIcESaIcEEE
                0x0000000008006558      0x1dc Src/Class/CAnalysisOfFrame.o
                0x0000000008006558                wyz::CAnalysisOfFrame::ConcreteStrategy(std::__cxx11::basic_string<char, std::char_traits<char>, std::allocator<char> >)
 .text._ZnwjPv  0x0000000008006734       0x16 Src/Class/CGPSModule.o
                0x0000000008006734                operator new(unsigned int, void*)
 .text._ZdlPvS_
                0x000000000800674a       0x14 Src/Class/CGPSModule.o
                0x000000000800674a                operator delete(void*, void*)
 *fill*         0x000000000800675e        0x2 
 .text._ZN3wyz11CTimerMeter21GetTimerMeterInstanceEv
                0x0000000008006760       0x3c Src/Class/CGPSModule.o
                0x0000000008006760                wyz::CTimerMeter::GetTimerMeterInstance()
 .text._ZN3wyz9CObserverC2Ev
                0x000000000800679c       0x20 Src/Class/CGPSModule.o
                0x000000000800679c                wyz::CObserver::CObserver()
                0x000000000800679c                wyz::CObserver::CObserver()
 .text._ZN3wyz10CGPSModuleC2EPNS_9CStrategyE
                0x00000000080067bc       0x4c Src/Class/CGPSModule.o
                0x00000000080067bc                wyz::CGPSModule::CGPSModule(wyz::CStrategy*)
                0x00000000080067bc                wyz::CGPSModule::CGPSModule(wyz::CStrategy*)
 .text._ZN3wyz10CGPSModule6UpdateEPNS_8CSubjectE
                0x0000000008006808       0xe2 Src/Class/CGPSModule.o
                0x0000000008006808                wyz::CGPSModule::Update(wyz::CSubject*)
 .text._ZNSt7__cxx114listINS_12basic_stringIcSt11char_traitsIcESaIcEEESaIS5_EEC2Ev
                0x00000000080068ea       0x1a Src/Class/CGPSModule.o
                0x00000000080068ea                std::__cxx11::list<std::__cxx11::basic_string<char, std::char_traits<char>, std::allocator<char> >, std::allocator<std::__cxx11::basic_string<char, std::char_traits<char>, std::allocator<char> > > >::list()
                0x00000000080068ea                std::__cxx11::list<std::__cxx11::basic_string<char, std::char_traits<char>, std::allocator<char> >, std::allocator<std::__cxx11::basic_string<char, std::char_traits<char>, std::allocator<char> > > >::list()
 .text._ZNSt7__cxx114listINS_12basic_stringIcSt11char_traitsIcESaIcEEESaIS5_EE10push_frontERKS5_
                0x0000000008006904       0x24 Src/Class/CGPSModule.o
                0x0000000008006904                std::__cxx11::list<std::__cxx11::basic_string<char, std::char_traits<char>, std::allocator<char> >, std::allocator<std::__cxx11::basic_string<char, std::char_traits<char>, std::allocator<char> > > >::push_front(std::__cxx11::basic_string<char, std::char_traits<char>, std::allocator<char> > const&)
 .text._ZNSt7__cxx1110_List_baseINS_12basic_stringIcSt11char_traitsIcESaIcEEESaIS5_EEC2Ev
                0x0000000008006928       0x20 Src/Class/CGPSModule.o
                0x0000000008006928                std::__cxx11::_List_base<std::__cxx11::basic_string<char, std::char_traits<char>, std::allocator<char> >, std::allocator<std::__cxx11::basic_string<char, std::char_traits<char>, std::allocator<char> > > >::_List_base()
                0x0000000008006928                std::__cxx11::_List_base<std::__cxx11::basic_string<char, std::char_traits<char>, std::allocator<char> >, std::allocator<std::__cxx11::basic_string<char, std::char_traits<char>, std::allocator<char> > > >::_List_base()
 .text._ZNSt7__cxx114listINS_12basic_stringIcSt11char_traitsIcESaIcEEESaIS5_EE5beginEv
                0x0000000008006948       0x22 Src/Class/CGPSModule.o
                0x0000000008006948                std::__cxx11::list<std::__cxx11::basic_string<char, std::char_traits<char>, std::allocator<char> >, std::allocator<std::__cxx11::basic_string<char, std::char_traits<char>, std::allocator<char> > > >::begin()
 .text._ZSt7forwardIRKNSt7__cxx1112basic_stringIcSt11char_traitsIcESaIcEEEEOT_RNSt16remove_referenceIS8_E4typeE
                0x000000000800696a       0x14 Src/Class/CGPSModule.o
                0x000000000800696a                std::__cxx11::basic_string<char, std::char_traits<char>, std::allocator<char> > const& std::forward<std::__cxx11::basic_string<char, std::char_traits<char>, std::allocator<char> > const&>(std::remove_reference<std::__cxx11::basic_string<char, std::char_traits<char>, std::allocator<char> > const&>::type&)
 .text._ZNSt7__cxx114listINS_12basic_stringIcSt11char_traitsIcESaIcEEESaIS5_EE9_M_insertIJRKS5_EEEvSt14_List_iteratorIS5_EDpOT_
                0x000000000800697e       0x3e Src/Class/CGPSModule.o
                0x000000000800697e                void std::__cxx11::list<std::__cxx11::basic_string<char, std::char_traits<char>, std::allocator<char> >, std::allocator<std::__cxx11::basic_string<char, std::char_traits<char>, std::allocator<char> > > >::_M_insert<std::__cxx11::basic_string<char, std::char_traits<char>, std::allocator<char> > const&>(std::_List_iterator<std::__cxx11::basic_string<char, std::char_traits<char>, std::allocator<char> > >, std::__cxx11::basic_string<char, std::char_traits<char>, std::allocator<char> > const&)
 .text._ZNSt14_List_iteratorINSt7__cxx1112basic_stringIcSt11char_traitsIcESaIcEEEEC2EPNSt8__detail15_List_node_baseE
                0x00000000080069bc       0x1c Src/Class/CGPSModule.o
                0x00000000080069bc                std::_List_iterator<std::__cxx11::basic_string<char, std::char_traits<char>, std::allocator<char> > >::_List_iterator(std::__detail::_List_node_base*)
                0x00000000080069bc                std::_List_iterator<std::__cxx11::basic_string<char, std::char_traits<char>, std::allocator<char> > >::_List_iterator(std::__detail::_List_node_base*)
 .text._ZNSt7__cxx1110_List_baseINS_12basic_stringIcSt11char_traitsIcESaIcEEESaIS5_EE10_List_implC2Ev
                0x00000000080069d8       0x24 Src/Class/CGPSModule.o
                0x00000000080069d8                std::__cxx11::_List_base<std::__cxx11::basic_string<char, std::char_traits<char>, std::allocator<char> >, std::allocator<std::__cxx11::basic_string<char, std::char_traits<char>, std::allocator<char> > > >::_List_impl::_List_impl()
                0x00000000080069d8                std::__cxx11::_List_base<std::__cxx11::basic_string<char, std::char_traits<char>, std::allocator<char> >, std::allocator<std::__cxx11::basic_string<char, std::char_traits<char>, std::allocator<char> > > >::_List_impl::_List_impl()
 .text._ZNSt7__cxx1110_List_baseINS_12basic_stringIcSt11char_traitsIcESaIcEEESaIS5_EE7_M_initEv
                0x00000000080069fc       0x24 Src/Class/CGPSModule.o
                0x00000000080069fc                std::__cxx11::_List_base<std::__cxx11::basic_string<char, std::char_traits<char>, std::allocator<char> >, std::allocator<std::__cxx11::basic_string<char, std::char_traits<char>, std::allocator<char> > > >::_M_init()
 .text._ZNSt10_List_nodeINSt7__cxx1112basic_stringIcSt11char_traitsIcESaIcEEEE9_M_valptrEv
                0x0000000008006a20       0x1c Src/Class/CGPSModule.o
                0x0000000008006a20                std::_List_node<std::__cxx11::basic_string<char, std::char_traits<char>, std::allocator<char> > >::_M_valptr()
 .text._ZNSt7__cxx1110_List_baseINS_12basic_stringIcSt11char_traitsIcESaIcEEESaIS5_EE21_M_get_Node_allocatorEv
                0x0000000008006a3c       0x14 Src/Class/CGPSModule.o
                0x0000000008006a3c                std::__cxx11::_List_base<std::__cxx11::basic_string<char, std::char_traits<char>, std::allocator<char> >, std::allocator<std::__cxx11::basic_string<char, std::char_traits<char>, std::allocator<char> > > >::_M_get_Node_allocator()
 .text._ZNSt7__cxx114listINS_12basic_stringIcSt11char_traitsIcESaIcEEESaIS5_EE14_M_create_nodeIJRKS5_EEEPSt10_List_nodeIS5_EDpOT_
                0x0000000008006a50       0x7a Src/Class/CGPSModule.o
                0x0000000008006a50                std::_List_node<std::__cxx11::basic_string<char, std::char_traits<char>, std::allocator<char> > >* std::__cxx11::list<std::__cxx11::basic_string<char, std::char_traits<char>, std::allocator<char> >, std::allocator<std::__cxx11::basic_string<char, std::char_traits<char>, std::allocator<char> > > >::_M_create_node<std::__cxx11::basic_string<char, std::char_traits<char>, std::allocator<char> > const&>(std::__cxx11::basic_string<char, std::char_traits<char>, std::allocator<char> > const&)
 .text._ZNSt7__cxx1110_List_baseINS_12basic_stringIcSt11char_traitsIcESaIcEEESaIS5_EE11_M_inc_sizeEj
                0x0000000008006aca       0x24 Src/Class/CGPSModule.o
                0x0000000008006aca                std::__cxx11::_List_base<std::__cxx11::basic_string<char, std::char_traits<char>, std::allocator<char> >, std::allocator<std::__cxx11::basic_string<char, std::char_traits<char>, std::allocator<char> > > >::_M_inc_size(unsigned int)
 .text._ZNSaISt10_List_nodeINSt7__cxx1112basic_stringIcSt11char_traitsIcESaIcEEEEEC2Ev
                0x0000000008006aee       0x18 Src/Class/CGPSModule.o
                0x0000000008006aee                std::allocator<std::_List_node<std::__cxx11::basic_string<char, std::char_traits<char>, std::allocator<char> > > >::allocator()
                0x0000000008006aee                std::allocator<std::_List_node<std::__cxx11::basic_string<char, std::char_traits<char>, std::allocator<char> > > >::allocator()
 .text._ZNSt7__cxx1110_List_baseINS_12basic_stringIcSt11char_traitsIcESaIcEEESaIS5_EE11_M_set_sizeEj
                0x0000000008006b06       0x20 Src/Class/CGPSModule.o
                0x0000000008006b06                std::__cxx11::_List_base<std::__cxx11::basic_string<char, std::char_traits<char>, std::allocator<char> >, std::allocator<std::__cxx11::basic_string<char, std::char_traits<char>, std::allocator<char> > > >::_M_set_size(unsigned int)
 .text._ZN9__gnu_cxx16__aligned_membufINSt7__cxx1112basic_stringIcSt11char_traitsIcESaIcEEEE6_M_ptrEv
                0x0000000008006b26       0x18 Src/Class/CGPSModule.o
                0x0000000008006b26                __gnu_cxx::__aligned_membuf<std::__cxx11::basic_string<char, std::char_traits<char>, std::allocator<char> > >::_M_ptr()
 .text._ZNSt16allocator_traitsISaISt10_List_nodeINSt7__cxx1112basic_stringIcSt11char_traitsIcESaIcEEEEEE10deallocateERS8_PS7_j
                0x0000000008006b3e       0x1e Src/Class/CGPSModule.o
                0x0000000008006b3e                std::allocator_traits<std::allocator<std::_List_node<std::__cxx11::basic_string<char, std::char_traits<char>, std::allocator<char> > > > >::deallocate(std::allocator<std::_List_node<std::__cxx11::basic_string<char, std::char_traits<char>, std::allocator<char> > > >&, std::_List_node<std::__cxx11::basic_string<char, std::char_traits<char>, std::allocator<char> > >*, unsigned int)
 .text._ZNSt7__cxx1110_List_baseINS_12basic_stringIcSt11char_traitsIcESaIcEEESaIS5_EE11_M_get_nodeEv
                0x0000000008006b5c       0x1c Src/Class/CGPSModule.o
                0x0000000008006b5c                std::__cxx11::_List_base<std::__cxx11::basic_string<char, std::char_traits<char>, std::allocator<char> >, std::allocator<std::__cxx11::basic_string<char, std::char_traits<char>, std::allocator<char> > > >::_M_get_node()
 .text._ZNSt15__allocated_ptrISaISt10_List_nodeINSt7__cxx1112basic_stringIcSt11char_traitsIcESaIcEEEEEEC2ERS8_PS7_
                0x0000000008006b78       0x28 Src/Class/CGPSModule.o
                0x0000000008006b78                std::__allocated_ptr<std::allocator<std::_List_node<std::__cxx11::basic_string<char, std::char_traits<char>, std::allocator<char> > > > >::__allocated_ptr(std::allocator<std::_List_node<std::__cxx11::basic_string<char, std::char_traits<char>, std::allocator<char> > > >&, std::_List_node<std::__cxx11::basic_string<char, std::char_traits<char>, std::allocator<char> > >*)
                0x0000000008006b78                std::__allocated_ptr<std::allocator<std::_List_node<std::__cxx11::basic_string<char, std::char_traits<char>, std::allocator<char> > > > >::__allocated_ptr(std::allocator<std::_List_node<std::__cxx11::basic_string<char, std::char_traits<char>, std::allocator<char> > > >&, std::_List_node<std::__cxx11::basic_string<char, std::char_traits<char>, std::allocator<char> > >*)
 .text._ZNSt15__allocated_ptrISaISt10_List_nodeINSt7__cxx1112basic_stringIcSt11char_traitsIcESaIcEEEEEED2Ev
                0x0000000008006ba0       0x2a Src/Class/CGPSModule.o
                0x0000000008006ba0                std::__allocated_ptr<std::allocator<std::_List_node<std::__cxx11::basic_string<char, std::char_traits<char>, std::allocator<char> > > > >::~__allocated_ptr()
                0x0000000008006ba0                std::__allocated_ptr<std::allocator<std::_List_node<std::__cxx11::basic_string<char, std::char_traits<char>, std::allocator<char> > > > >::~__allocated_ptr()
 .text._ZNSt16allocator_traitsISaISt10_List_nodeINSt7__cxx1112basic_stringIcSt11char_traitsIcESaIcEEEEEE9constructIS6_JRKS6_EEEvRS8_PT_DpOT0_
                0x0000000008006bca       0x26 Src/Class/CGPSModule.o
                0x0000000008006bca                void std::allocator_traits<std::allocator<std::_List_node<std::__cxx11::basic_string<char, std::char_traits<char>, std::allocator<char> > > > >::construct<std::__cxx11::basic_string<char, std::char_traits<char>, std::allocator<char> >, std::__cxx11::basic_string<char, std::char_traits<char>, std::allocator<char> > const&>(std::allocator<std::_List_node<std::__cxx11::basic_string<char, std::char_traits<char>, std::allocator<char> > > >&, std::__cxx11::basic_string<char, std::char_traits<char>, std::allocator<char> >*, std::__cxx11::basic_string<char, std::char_traits<char>, std::allocator<char> > const&)
 .text._ZNSt15__allocated_ptrISaISt10_List_nodeINSt7__cxx1112basic_stringIcSt11char_traitsIcESaIcEEEEEEaSEDn
                0x0000000008006bf0       0x1c Src/Class/CGPSModule.o
                0x0000000008006bf0                std::__allocated_ptr<std::allocator<std::_List_node<std::__cxx11::basic_string<char, std::char_traits<char>, std::allocator<char> > > > >::operator=(decltype(nullptr))
 .text._ZNSt10_List_nodeIjE9_M_valptrEv
                0x0000000008006c0c       0x1c Src/Class/CGPSModule.o
                0x0000000008006c0c                std::_List_node<unsigned int>::_M_valptr()
 .text._ZN9__gnu_cxx13new_allocatorISt10_List_nodeINSt7__cxx1112basic_stringIcSt11char_traitsIcESaIcEEEEEC2Ev
                0x0000000008006c28       0x14 Src/Class/CGPSModule.o
                0x0000000008006c28                __gnu_cxx::new_allocator<std::_List_node<std::__cxx11::basic_string<char, std::char_traits<char>, std::allocator<char> > > >::new_allocator()
                0x0000000008006c28                __gnu_cxx::new_allocator<std::_List_node<std::__cxx11::basic_string<char, std::char_traits<char>, std::allocator<char> > > >::new_allocator()
 .text._ZN9__gnu_cxx16__aligned_membufINSt7__cxx1112basic_stringIcSt11char_traitsIcESaIcEEEE7_M_addrEv
                0x0000000008006c3c       0x14 Src/Class/CGPSModule.o
                0x0000000008006c3c                __gnu_cxx::__aligned_membuf<std::__cxx11::basic_string<char, std::char_traits<char>, std::allocator<char> > >::_M_addr()
 .text._ZN9__gnu_cxx13new_allocatorISt10_List_nodeINSt7__cxx1112basic_stringIcSt11char_traitsIcESaIcEEEEE10deallocateEPS8_j
                0x0000000008006c50       0x1a Src/Class/CGPSModule.o
                0x0000000008006c50                __gnu_cxx::new_allocator<std::_List_node<std::__cxx11::basic_string<char, std::char_traits<char>, std::allocator<char> > > >::deallocate(std::_List_node<std::__cxx11::basic_string<char, std::char_traits<char>, std::allocator<char> > >*, unsigned int)
 .text._ZNSt16allocator_traitsISaISt10_List_nodeINSt7__cxx1112basic_stringIcSt11char_traitsIcESaIcEEEEEE8allocateERS8_j
                0x0000000008006c6a       0x1e Src/Class/CGPSModule.o
                0x0000000008006c6a                std::allocator_traits<std::allocator<std::_List_node<std::__cxx11::basic_string<char, std::char_traits<char>, std::allocator<char> > > > >::allocate(std::allocator<std::_List_node<std::__cxx11::basic_string<char, std::char_traits<char>, std::allocator<char> > > >&, unsigned int)
 .text._ZSt11__addressofISaISt10_List_nodeINSt7__cxx1112basic_stringIcSt11char_traitsIcESaIcEEEEEEPT_RS9_
                0x0000000008006c88       0x14 Src/Class/CGPSModule.o
                0x0000000008006c88                std::allocator<std::_List_node<std::__cxx11::basic_string<char, std::char_traits<char>, std::allocator<char> > > >* std::__addressof<std::allocator<std::_List_node<std::__cxx11::basic_string<char, std::char_traits<char>, std::allocator<char> > > > >(std::allocator<std::_List_node<std::__cxx11::basic_string<char, std::char_traits<char>, std::allocator<char> > > >&)
 .text._ZN9__gnu_cxx13new_allocatorISt10_List_nodeINSt7__cxx1112basic_stringIcSt11char_traitsIcESaIcEEEEE9constructIS7_JRKS7_EEEvPT_DpOT0_
                0x0000000008006c9c       0x42 Src/Class/CGPSModule.o
                0x0000000008006c9c                void __gnu_cxx::new_allocator<std::_List_node<std::__cxx11::basic_string<char, std::char_traits<char>, std::allocator<char> > > >::construct<std::__cxx11::basic_string<char, std::char_traits<char>, std::allocator<char> >, std::__cxx11::basic_string<char, std::char_traits<char>, std::allocator<char> > const&>(std::__cxx11::basic_string<char, std::char_traits<char>, std::allocator<char> >*, std::__cxx11::basic_string<char, std::char_traits<char>, std::allocator<char> > const&)
 .text._ZN9__gnu_cxx16__aligned_membufIjE6_M_ptrEv
                0x0000000008006cde       0x18 Src/Class/CGPSModule.o
                0x0000000008006cde                __gnu_cxx::__aligned_membuf<unsigned int>::_M_ptr()
 .text._ZN9__gnu_cxx13new_allocatorISt10_List_nodeINSt7__cxx1112basic_stringIcSt11char_traitsIcESaIcEEEEE8allocateEjPKv
                0x0000000008006cf6       0x3c Src/Class/CGPSModule.o
                0x0000000008006cf6                __gnu_cxx::new_allocator<std::_List_node<std::__cxx11::basic_string<char, std::char_traits<char>, std::allocator<char> > > >::allocate(unsigned int, void const*)
 .text._ZN9__gnu_cxx16__aligned_membufIjE7_M_addrEv
                0x0000000008006d32       0x14 Src/Class/CGPSModule.o
                0x0000000008006d32                __gnu_cxx::__aligned_membuf<unsigned int>::_M_addr()
 .text._ZNK9__gnu_cxx13new_allocatorISt10_List_nodeINSt7__cxx1112basic_stringIcSt11char_traitsIcESaIcEEEEE8max_sizeEv
                0x0000000008006d46       0x16 Src/Class/CGPSModule.o
                0x0000000008006d46                __gnu_cxx::new_allocator<std::_List_node<std::__cxx11::basic_string<char, std::char_traits<char>, std::allocator<char> > > >::max_size() const
 .text._Z41__static_initialization_and_destruction_0ii
                0x0000000008006d5c       0x30 Src/Class/CGPSModule.o
 .text._GLOBAL__sub_I__ZN3wyz11pTimerMeterE
                0x0000000008006d8c       0x10 Src/Class/CGPSModule.o
 .text._ZN3wyz11CTimerMeterC2Ev
                0x0000000008006d9c       0x28 Src/Class/CTimerMeter.o
                0x0000000008006d9c                wyz::CTimerMeter::CTimerMeter()
                0x0000000008006d9c                wyz::CTimerMeter::CTimerMeter()
 .text._ZN3wyz7CDeviceC2Ev
                0x0000000008006dc4       0x20 Src/Class/CUart.o
                0x0000000008006dc4                wyz::CDevice::CDevice()
                0x0000000008006dc4                wyz::CDevice::CDevice()
 .text._ZN3wyz8CSubjectC2Ev
                0x0000000008006de4       0x20 Src/Class/CUart.o
                0x0000000008006de4                wyz::CSubject::CSubject()
                0x0000000008006de4                wyz::CSubject::CSubject()
 .text._ZNSt7__cxx114listIPN3wyz9CObserverESaIS3_EED2Ev
                0x0000000008006e04       0x1a Src/Class/CUart.o
                0x0000000008006e04                std::__cxx11::list<wyz::CObserver*, std::allocator<wyz::CObserver*> >::~list()
                0x0000000008006e04                std::__cxx11::list<wyz::CObserver*, std::allocator<wyz::CObserver*> >::~list()
 *fill*         0x0000000008006e1e        0x2 
 .text._ZN3wyz5CUartC2EP20__UART_HandleTypeDefmmh
                0x0000000008006e20       0x9c Src/Class/CUart.o
                0x0000000008006e20                wyz::CUart::CUart(__UART_HandleTypeDef*, unsigned long, unsigned long, unsigned char)
                0x0000000008006e20                wyz::CUart::CUart(__UART_HandleTypeDef*, unsigned long, unsigned long, unsigned char)
 .text._ZN3wyz5CUart4OpenEv
                0x0000000008006ebc       0x14 Src/Class/CUart.o
                0x0000000008006ebc                wyz::CUart::Open()
 .text._ZN3wyz5CUart5CloseEv
                0x0000000008006ed0       0x14 Src/Class/CUart.o
                0x0000000008006ed0                wyz::CUart::Close()
 .text._ZN3wyz5CUart14GetSizeOfRxBufEv
                0x0000000008006ee4       0x16 Src/Class/CUart.o
                0x0000000008006ee4                wyz::CUart::GetSizeOfRxBuf()
 .text._ZN3wyz5CUart15GetPointOfRxBufEv
                0x0000000008006efa       0x2c Src/Class/CUart.o
                0x0000000008006efa                wyz::CUart::GetPointOfRxBuf()
 .text._ZN3wyz5CUart9BlockReadEPhmm
                0x0000000008006f26       0x26 Src/Class/CUart.o
                0x0000000008006f26                wyz::CUart::BlockRead(unsigned char*, unsigned long, unsigned long)
 .text._ZN3wyz5CUart10BlockwriteEPhmm
                0x0000000008006f4c       0x26 Src/Class/CUart.o
                0x0000000008006f4c                wyz::CUart::Blockwrite(unsigned char*, unsigned long, unsigned long)
 .text._ZN3wyz5CUart12NonBlockReadEPhmm
                0x0000000008006f72       0x48 Src/Class/CUart.o
                0x0000000008006f72                wyz::CUart::NonBlockRead(unsigned char*, unsigned long, unsigned long)
 .text._ZN3wyz5CUart13NonBlockWriteEPhmm
                0x0000000008006fba       0x48 Src/Class/CUart.o
                0x0000000008006fba                wyz::CUart::NonBlockWrite(unsigned char*, unsigned long, unsigned long)
 .text._ZN3wyz5CUart6AttachEPNS_9CObserverE
                0x0000000008007002       0x26 Src/Class/CUart.o
                0x0000000008007002                wyz::CUart::Attach(wyz::CObserver*)
 .text._ZThn4_N3wyz5CUart6AttachEPNS_9CObserverE
                0x0000000008007028        0x8 Src/Class/CUart.o
                0x0000000008007028                non-virtual thunk to wyz::CUart::Attach(wyz::CObserver*)
 .text._ZN3wyz5CUart6DetachEPNS_9CObserverE
                0x0000000008007030       0x20 Src/Class/CUart.o
                0x0000000008007030                wyz::CUart::Detach(wyz::CObserver*)
 .text._ZThn4_N3wyz5CUart6DetachEPNS_9CObserverE
                0x0000000008007050        0x8 Src/Class/CUart.o
                0x0000000008007050                non-virtual thunk to wyz::CUart::Detach(wyz::CObserver*)
 .text._ZN3wyz5CUart6NotifyEv
                0x0000000008007058       0x68 Src/Class/CUart.o
                0x0000000008007058                wyz::CUart::Notify()
 .text._ZThn4_N3wyz5CUart6NotifyEv
                0x00000000080070c0        0x8 Src/Class/CUart.o
                0x00000000080070c0                non-virtual thunk to wyz::CUart::Notify()
 .text._ZN3wyz5CUart17StartObserverModeEv
                0x00000000080070c8       0x28 Src/Class/CUart.o
                0x00000000080070c8                wyz::CUart::StartObserverMode()
 .text._ZN3wyz5CUart13HardInterruptEP20__UART_HandleTypeDefh
                0x00000000080070f0       0x38 Src/Class/CUart.o
                0x00000000080070f0                wyz::CUart::HardInterrupt(__UART_HandleTypeDef*, unsigned char)
 .text._ZNSt7__cxx114listIPN3wyz9CObserverESaIS3_EEC2Ev
                0x0000000008007128       0x1a Src/Class/CUart.o
                0x0000000008007128                std::__cxx11::list<wyz::CObserver*, std::allocator<wyz::CObserver*> >::list()
                0x0000000008007128                std::__cxx11::list<wyz::CObserver*, std::allocator<wyz::CObserver*> >::list()
 .text._ZNSt7__cxx1110_List_baseIPN3wyz9CObserverESaIS3_EE10_List_implD2Ev
                0x0000000008007142       0x18 Src/Class/CUart.o
                0x0000000008007142                std::__cxx11::_List_base<wyz::CObserver*, std::allocator<wyz::CObserver*> >::_List_impl::~_List_impl()
                0x0000000008007142                std::__cxx11::_List_base<wyz::CObserver*, std::allocator<wyz::CObserver*> >::_List_impl::~_List_impl()
 .text._ZNSt7__cxx1110_List_baseIPN3wyz9CObserverESaIS3_EED2Ev
                0x000000000800715a       0x20 Src/Class/CUart.o
                0x000000000800715a                std::__cxx11::_List_base<wyz::CObserver*, std::allocator<wyz::CObserver*> >::~_List_base()
                0x000000000800715a                std::__cxx11::_List_base<wyz::CObserver*, std::allocator<wyz::CObserver*> >::~_List_base()
 .text._ZNSt7__cxx114listIPN3wyz9CObserverESaIS3_EE9push_backERKS3_
                0x000000000800717a       0x24 Src/Class/CUart.o
                0x000000000800717a                std::__cxx11::list<wyz::CObserver*, std::allocator<wyz::CObserver*> >::push_back(wyz::CObserver* const&)
 .text._ZNSt7__cxx114listIPN3wyz9CObserverESaIS3_EE6removeERKS3_
                0x000000000800719e       0xca Src/Class/CUart.o
                0x000000000800719e                std::__cxx11::list<wyz::CObserver*, std::allocator<wyz::CObserver*> >::remove(wyz::CObserver* const&)
 .text._ZNSt7__cxx114listIPN3wyz9CObserverESaIS3_EE5beginEv
                0x0000000008007268       0x22 Src/Class/CUart.o
                0x0000000008007268                std::__cxx11::list<wyz::CObserver*, std::allocator<wyz::CObserver*> >::begin()
 .text._ZNSt7__cxx114listIPN3wyz9CObserverESaIS3_EE3endEv
                0x000000000800728a       0x20 Src/Class/CUart.o
                0x000000000800728a                std::__cxx11::list<wyz::CObserver*, std::allocator<wyz::CObserver*> >::end()
 .text._ZNKSt14_List_iteratorIPN3wyz9CObserverEEneERKS3_
                0x00000000080072aa       0x26 Src/Class/CUart.o
                0x00000000080072aa                std::_List_iterator<wyz::CObserver*>::operator!=(std::_List_iterator<wyz::CObserver*> const&) const
 .text._ZNKSt14_List_iteratorIPN3wyz9CObserverEEdeEv
                0x00000000080072d0       0x1c Src/Class/CUart.o
                0x00000000080072d0                std::_List_iterator<wyz::CObserver*>::operator*() const
 .text._ZNSt14_List_iteratorIPN3wyz9CObserverEEppEv
                0x00000000080072ec       0x1e Src/Class/CUart.o
                0x00000000080072ec                std::_List_iterator<wyz::CObserver*>::operator++()
 .text._ZNSt7__cxx1110_List_baseIPN3wyz9CObserverESaIS3_EEC2Ev
                0x000000000800730a       0x20 Src/Class/CUart.o
                0x000000000800730a                std::__cxx11::_List_base<wyz::CObserver*, std::allocator<wyz::CObserver*> >::_List_base()
                0x000000000800730a                std::__cxx11::_List_base<wyz::CObserver*, std::allocator<wyz::CObserver*> >::_List_base()
 .text._ZNSaISt10_List_nodeIPN3wyz9CObserverEEED2Ev
                0x000000000800732a       0x18 Src/Class/CUart.o
                0x000000000800732a                std::allocator<std::_List_node<wyz::CObserver*> >::~allocator()
                0x000000000800732a                std::allocator<std::_List_node<wyz::CObserver*> >::~allocator()
 .text._ZNSt7__cxx1110_List_baseIPN3wyz9CObserverESaIS3_EE8_M_clearEv
                0x0000000008007342       0x4a Src/Class/CUart.o
                0x0000000008007342                std::__cxx11::_List_base<wyz::CObserver*, std::allocator<wyz::CObserver*> >::_M_clear()
 .text._ZSt7forwardIRKPN3wyz9CObserverEEOT_RNSt16remove_referenceIS5_E4typeE
                0x000000000800738c       0x14 Src/Class/CUart.o
                0x000000000800738c                wyz::CObserver* const& std::forward<wyz::CObserver* const&>(std::remove_reference<wyz::CObserver* const&>::type&)
 .text._ZNSt7__cxx114listIPN3wyz9CObserverESaIS3_EE9_M_insertIJRKS3_EEEvSt14_List_iteratorIS3_EDpOT_
                0x00000000080073a0       0x3e Src/Class/CUart.o
                0x00000000080073a0                void std::__cxx11::list<wyz::CObserver*, std::allocator<wyz::CObserver*> >::_M_insert<wyz::CObserver* const&>(std::_List_iterator<wyz::CObserver*>, wyz::CObserver* const&)
 .text._ZSt11__addressofIPN3wyz9CObserverEEPT_RS3_
                0x00000000080073de       0x14 Src/Class/CUart.o
                0x00000000080073de                wyz::CObserver** std::__addressof<wyz::CObserver*>(wyz::CObserver*&)
 .text._ZSt11__addressofIKPN3wyz9CObserverEEPT_RS4_
                0x00000000080073f2       0x14 Src/Class/CUart.o
                0x00000000080073f2                wyz::CObserver* const* std::__addressof<wyz::CObserver* const>(wyz::CObserver* const&)
 .text._ZNSt7__cxx114listIPN3wyz9CObserverESaIS3_EE8_M_eraseESt14_List_iteratorIS3_E
                0x0000000008007406       0x4c Src/Class/CUart.o
                0x0000000008007406                std::__cxx11::list<wyz::CObserver*, std::allocator<wyz::CObserver*> >::_M_erase(std::_List_iterator<wyz::CObserver*>)
 .text._ZNSt14_List_iteratorIPN3wyz9CObserverEEC2EPNSt8__detail15_List_node_baseE
                0x0000000008007452       0x1c Src/Class/CUart.o
                0x0000000008007452                std::_List_iterator<wyz::CObserver*>::_List_iterator(std::__detail::_List_node_base*)
                0x0000000008007452                std::_List_iterator<wyz::CObserver*>::_List_iterator(std::__detail::_List_node_base*)
 .text._ZNSt10_List_nodeIPN3wyz9CObserverEE9_M_valptrEv
                0x000000000800746e       0x1c Src/Class/CUart.o
                0x000000000800746e                std::_List_node<wyz::CObserver*>::_M_valptr()
 .text._ZNSt7__cxx1110_List_baseIPN3wyz9CObserverESaIS3_EE10_List_implC2Ev
                0x000000000800748a       0x24 Src/Class/CUart.o
                0x000000000800748a                std::__cxx11::_List_base<wyz::CObserver*, std::allocator<wyz::CObserver*> >::_List_impl::_List_impl()
                0x000000000800748a                std::__cxx11::_List_base<wyz::CObserver*, std::allocator<wyz::CObserver*> >::_List_impl::_List_impl()
 .text._ZNSt7__cxx1110_List_baseIPN3wyz9CObserverESaIS3_EE7_M_initEv
                0x00000000080074ae       0x24 Src/Class/CUart.o
                0x00000000080074ae                std::__cxx11::_List_base<wyz::CObserver*, std::allocator<wyz::CObserver*> >::_M_init()
 .text._ZN9__gnu_cxx13new_allocatorISt10_List_nodeIPN3wyz9CObserverEEED2Ev
                0x00000000080074d2       0x14 Src/Class/CUart.o
                0x00000000080074d2                __gnu_cxx::new_allocator<std::_List_node<wyz::CObserver*> >::~new_allocator()
                0x00000000080074d2                __gnu_cxx::new_allocator<std::_List_node<wyz::CObserver*> >::~new_allocator()
 .text._ZNSt7__cxx1110_List_baseIPN3wyz9CObserverESaIS3_EE21_M_get_Node_allocatorEv
                0x00000000080074e6       0x14 Src/Class/CUart.o
                0x00000000080074e6                std::__cxx11::_List_base<wyz::CObserver*, std::allocator<wyz::CObserver*> >::_M_get_Node_allocator()
 .text._ZNSt16allocator_traitsISaISt10_List_nodeIPN3wyz9CObserverEEEE7destroyIS3_EEvRS5_PT_
                0x00000000080074fa       0x1a Src/Class/CUart.o
                0x00000000080074fa                void std::allocator_traits<std::allocator<std::_List_node<wyz::CObserver*> > >::destroy<wyz::CObserver*>(std::allocator<std::_List_node<wyz::CObserver*> >&, wyz::CObserver**)
 .text._ZNSt7__cxx1110_List_baseIPN3wyz9CObserverESaIS3_EE11_M_put_nodeEPSt10_List_nodeIS3_E
                0x0000000008007514       0x1e Src/Class/CUart.o
                0x0000000008007514                std::__cxx11::_List_base<wyz::CObserver*, std::allocator<wyz::CObserver*> >::_M_put_node(std::_List_node<wyz::CObserver*>*)
 .text._ZNSt7__cxx114listIPN3wyz9CObserverESaIS3_EE14_M_create_nodeIJRKS3_EEEPSt10_List_nodeIS3_EDpOT_
                0x0000000008007532       0x7a Src/Class/CUart.o
                0x0000000008007532                std::_List_node<wyz::CObserver*>* std::__cxx11::list<wyz::CObserver*, std::allocator<wyz::CObserver*> >::_M_create_node<wyz::CObserver* const&>(wyz::CObserver* const&)
 .text._ZNSt7__cxx1110_List_baseIPN3wyz9CObserverESaIS3_EE11_M_inc_sizeEj
                0x00000000080075ac       0x24 Src/Class/CUart.o
                0x00000000080075ac                std::__cxx11::_List_base<wyz::CObserver*, std::allocator<wyz::CObserver*> >::_M_inc_size(unsigned int)
 .text._ZNSt7__cxx1110_List_baseIPN3wyz9CObserverESaIS3_EE11_M_dec_sizeEj
                0x00000000080075d0       0x24 Src/Class/CUart.o
                0x00000000080075d0                std::__cxx11::_List_base<wyz::CObserver*, std::allocator<wyz::CObserver*> >::_M_dec_size(unsigned int)
 .text._ZN9__gnu_cxx16__aligned_membufIPN3wyz9CObserverEE6_M_ptrEv
                0x00000000080075f4       0x18 Src/Class/CUart.o
                0x00000000080075f4                __gnu_cxx::__aligned_membuf<wyz::CObserver*>::_M_ptr()
 .text._ZNSaISt10_List_nodeIPN3wyz9CObserverEEEC2Ev
                0x000000000800760c       0x18 Src/Class/CUart.o
                0x000000000800760c                std::allocator<std::_List_node<wyz::CObserver*> >::allocator()
                0x000000000800760c                std::allocator<std::_List_node<wyz::CObserver*> >::allocator()
 .text._ZNSt7__cxx1110_List_baseIPN3wyz9CObserverESaIS3_EE11_M_set_sizeEj
                0x0000000008007624       0x20 Src/Class/CUart.o
                0x0000000008007624                std::__cxx11::_List_base<wyz::CObserver*, std::allocator<wyz::CObserver*> >::_M_set_size(unsigned int)
 .text._ZN9__gnu_cxx13new_allocatorISt10_List_nodeIPN3wyz9CObserverEEE7destroyIS4_EEvPT_
                0x0000000008007644       0x14 Src/Class/CUart.o
                0x0000000008007644                void __gnu_cxx::new_allocator<std::_List_node<wyz::CObserver*> >::destroy<wyz::CObserver*>(wyz::CObserver**)
 .text._ZNSt16allocator_traitsISaISt10_List_nodeIPN3wyz9CObserverEEEE10deallocateERS5_PS4_j
                0x0000000008007658       0x1e Src/Class/CUart.o
                0x0000000008007658                std::allocator_traits<std::allocator<std::_List_node<wyz::CObserver*> > >::deallocate(std::allocator<std::_List_node<wyz::CObserver*> >&, std::_List_node<wyz::CObserver*>*, unsigned int)
 .text._ZNSt7__cxx1110_List_baseIPN3wyz9CObserverESaIS3_EE11_M_get_nodeEv
                0x0000000008007676       0x1c Src/Class/CUart.o
                0x0000000008007676                std::__cxx11::_List_base<wyz::CObserver*, std::allocator<wyz::CObserver*> >::_M_get_node()
 .text._ZNSt15__allocated_ptrISaISt10_List_nodeIPN3wyz9CObserverEEEEC2ERS5_PS4_
                0x0000000008007692       0x28 Src/Class/CUart.o
                0x0000000008007692                std::__allocated_ptr<std::allocator<std::_List_node<wyz::CObserver*> > >::__allocated_ptr(std::allocator<std::_List_node<wyz::CObserver*> >&, std::_List_node<wyz::CObserver*>*)
                0x0000000008007692                std::__allocated_ptr<std::allocator<std::_List_node<wyz::CObserver*> > >::__allocated_ptr(std::allocator<std::_List_node<wyz::CObserver*> >&, std::_List_node<wyz::CObserver*>*)
 .text._ZNSt15__allocated_ptrISaISt10_List_nodeIPN3wyz9CObserverEEEED2Ev
                0x00000000080076ba       0x2a Src/Class/CUart.o
                0x00000000080076ba                std::__allocated_ptr<std::allocator<std::_List_node<wyz::CObserver*> > >::~__allocated_ptr()
                0x00000000080076ba                std::__allocated_ptr<std::allocator<std::_List_node<wyz::CObserver*> > >::~__allocated_ptr()
 .text._ZNSt16allocator_traitsISaISt10_List_nodeIPN3wyz9CObserverEEEE9constructIS3_JRKS3_EEEvRS5_PT_DpOT0_
                0x00000000080076e4       0x26 Src/Class/CUart.o
                0x00000000080076e4                void std::allocator_traits<std::allocator<std::_List_node<wyz::CObserver*> > >::construct<wyz::CObserver*, wyz::CObserver* const&>(std::allocator<std::_List_node<wyz::CObserver*> >&, wyz::CObserver**, wyz::CObserver* const&)
 .text._ZNSt15__allocated_ptrISaISt10_List_nodeIPN3wyz9CObserverEEEEaSEDn
                0x000000000800770a       0x1c Src/Class/CUart.o
                0x000000000800770a                std::__allocated_ptr<std::allocator<std::_List_node<wyz::CObserver*> > >::operator=(decltype(nullptr))
 .text._ZN9__gnu_cxx16__aligned_membufIPN3wyz9CObserverEE7_M_addrEv
                0x0000000008007726       0x14 Src/Class/CUart.o
                0x0000000008007726                __gnu_cxx::__aligned_membuf<wyz::CObserver*>::_M_addr()
 .text._ZN9__gnu_cxx13new_allocatorISt10_List_nodeIPN3wyz9CObserverEEEC2Ev
                0x000000000800773a       0x14 Src/Class/CUart.o
                0x000000000800773a                __gnu_cxx::new_allocator<std::_List_node<wyz::CObserver*> >::new_allocator()
                0x000000000800773a                __gnu_cxx::new_allocator<std::_List_node<wyz::CObserver*> >::new_allocator()
 .text._ZN9__gnu_cxx13new_allocatorISt10_List_nodeIPN3wyz9CObserverEEE10deallocateEPS5_j
                0x000000000800774e       0x1a Src/Class/CUart.o
                0x000000000800774e                __gnu_cxx::new_allocator<std::_List_node<wyz::CObserver*> >::deallocate(std::_List_node<wyz::CObserver*>*, unsigned int)
 .text._ZNSt16allocator_traitsISaISt10_List_nodeIPN3wyz9CObserverEEEE8allocateERS5_j
                0x0000000008007768       0x1e Src/Class/CUart.o
                0x0000000008007768                std::allocator_traits<std::allocator<std::_List_node<wyz::CObserver*> > >::allocate(std::allocator<std::_List_node<wyz::CObserver*> >&, unsigned int)
 .text._ZSt11__addressofISaISt10_List_nodeIPN3wyz9CObserverEEEEPT_RS6_
                0x0000000008007786       0x14 Src/Class/CUart.o
                0x0000000008007786                std::allocator<std::_List_node<wyz::CObserver*> >* std::__addressof<std::allocator<std::_List_node<wyz::CObserver*> > >(std::allocator<std::_List_node<wyz::CObserver*> >&)
 .text._ZN9__gnu_cxx13new_allocatorISt10_List_nodeIPN3wyz9CObserverEEE9constructIS4_JRKS4_EEEvPT_DpOT0_
                0x000000000800779a       0x30 Src/Class/CUart.o
                0x000000000800779a                void __gnu_cxx::new_allocator<std::_List_node<wyz::CObserver*> >::construct<wyz::CObserver*, wyz::CObserver* const&>(wyz::CObserver**, wyz::CObserver* const&)
 .text._ZN9__gnu_cxx13new_allocatorISt10_List_nodeIPN3wyz9CObserverEEE8allocateEjPKv
                0x00000000080077ca       0x42 Src/Class/CUart.o
                0x00000000080077ca                __gnu_cxx::new_allocator<std::_List_node<wyz::CObserver*> >::allocate(unsigned int, void const*)
 .text._ZNK9__gnu_cxx13new_allocatorISt10_List_nodeIPN3wyz9CObserverEEE8max_sizeEv
                0x000000000800780c       0x18 Src/Class/CUart.o
                0x000000000800780c                __gnu_cxx::new_allocator<std::_List_node<wyz::CObserver*> >::max_size() const
 .text._ZN3wyz11CTimerMeter20HardInterruptOfTimerEP17TIM_HandleTypeDef
                0x0000000008007824       0x50 Src/main.o
                0x0000000008007824                wyz::CTimerMeter::HardInterruptOfTimer(TIM_HandleTypeDef*)
 .text.main     0x0000000008007874      0x15c Src/main.o
                0x0000000008007874                main
 .text._Z18SystemClock_Configv
                0x00000000080079d0       0x9e Src/main.o
                0x00000000080079d0                SystemClock_Config()
 *fill*         0x0000000008007a6e        0x2 
 .text._ZL12MX_TIM4_Initv
                0x0000000008007a70       0xb8 Src/main.o
 .text._ZL19MX_USART1_UART_Initv
                0x0000000008007b28       0x5c Src/main.o
 .text._ZL19MX_USART2_UART_Initv
                0x0000000008007b84       0x5c Src/main.o
 .text._ZL11MX_DMA_Initv
                0x0000000008007be0       0x4c Src/main.o
 .text._ZL12MX_GPIO_Initv
                0x0000000008007c2c       0xd0 Src/main.o
 .text.HAL_UART_RxCpltCallback
                0x0000000008007cfc       0x30 Src/main.o
                0x0000000008007cfc                HAL_UART_RxCpltCallback
 .text.HAL_UART_RxHalfCpltCallback
                0x0000000008007d2c       0x30 Src/main.o
                0x0000000008007d2c                HAL_UART_RxHalfCpltCallback
 .text._Z16StartDefaultTaskPKv
                0x0000000008007d5c       0x54 Src/main.o
                0x0000000008007d5c                StartDefaultTask(void const*)
 .text.HAL_TIM_PeriodElapsedCallback
                0x0000000008007db0       0x34 Src/main.o
                0x0000000008007db0                HAL_TIM_PeriodElapsedCallback
 .text.Error_Handler
                0x0000000008007de4        0xc Src/main.o
                0x0000000008007de4                Error_Handler
 .text._ZN3wyz16CMyQueueFreertosIPZ16StartDefaultTaskPKvE7Simple2EC2Em
                0x0000000008007df0       0x48 Src/main.o
 .text._ZN3wyz16CMyQueueFreertosIPZ16StartDefaultTaskPKvE7Simple2ED2Ev
                0x0000000008007e38       0x30 Src/main.o
 .text._ZN3wyz16CMyQueueFreertosIPZ16StartDefaultTaskPKvE7Simple2ED0Ev
                0x0000000008007e68       0x20 Src/main.o
 .text._ZN3wyz16CMyQueueFreertosIPZ16StartDefaultTaskPKvE7Simple2E17m_QueueSendToBackES4_jb
                0x0000000008007e88       0x42 Src/main.o
 .text._ZN3wyz16CMyQueueFreertosIPZ16StartDefaultTaskPKvE7Simple2E14m_QueueReceiveERbjb
                0x0000000008007eca       0x7c Src/main.o
 *fill*         0x0000000008007f46        0x2 
 .text._ZN3wyz12CMyQueueBaseIPZ16StartDefaultTaskPKvE7Simple2EC2Ev
                0x0000000008007f48       0x20 Src/main.o
 .text._ZN3wyz12CMyQueueBaseIPZ16StartDefaultTaskPKvE7Simple2ED2Ev
                0x0000000008007f68       0x20 Src/main.o
 .text._Z41__static_initialization_and_destruction_0ii
                0x0000000008007f88       0xa0 Src/main.o
 .text._ZN3wyz16CMyQueueFreertosIPZ16StartDefaultTaskPKvE7Simple2E18m_QueueSendToFrontES4_jb
                0x0000000008008028       0x42 Src/main.o
 .text._ZN3wyz16CMyQueueFreertosIPZ16StartDefaultTaskPKvE7Simple2E11m_QueuePeekERbjb
                0x000000000800806a       0x7c Src/main.o
 .text._ZN3wyz16CMyQueueFreertosIPZ16StartDefaultTaskPKvE7Simple2E21m_QueueSpaceAvailableEv
                0x00000000080080e6       0x1c Src/main.o
 .text._ZN3wyz16CMyQueueFreertosIPZ16StartDefaultTaskPKvE7Simple2E22m_QueueMessagesWaitingEb
                0x0000000008008102       0x34 Src/main.o
 .text._GLOBAL__sub_I_htim4
                0x0000000008008136       0x10 Src/main.o
 *fill*         0x0000000008008146        0x2 
 .text.HAL_MspInit
                0x0000000008008148       0x70 Src/stm32f1xx_hal_msp.o
                0x0000000008008148                HAL_MspInit
 .text.HAL_TIM_Base_MspInit
                0x00000000080081b8       0x4c Src/stm32f1xx_hal_msp.o
                0x00000000080081b8                HAL_TIM_Base_MspInit
 .text.HAL_UART_MspInit
                0x0000000008008204      0x1d0 Src/stm32f1xx_hal_msp.o
                0x0000000008008204                HAL_UART_MspInit
 .text.HAL_InitTick
                0x00000000080083d4       0xb0 Src/stm32f1xx_hal_timebase_tim.o
                0x00000000080083d4                HAL_InitTick
 .text.NMI_Handler
                0x0000000008008484        0xc Src/stm32f1xx_it.o
                0x0000000008008484                NMI_Handler
 .text.HardFault_Handler
                0x0000000008008490        0x6 Src/stm32f1xx_it.o
                0x0000000008008490                HardFault_Handler
 .text.MemManage_Handler
                0x0000000008008496        0x6 Src/stm32f1xx_it.o
                0x0000000008008496                MemManage_Handler
 .text.BusFault_Handler
                0x000000000800849c        0x6 Src/stm32f1xx_it.o
                0x000000000800849c                BusFault_Handler
 .text.UsageFault_Handler
                0x00000000080084a2        0x6 Src/stm32f1xx_it.o
                0x00000000080084a2                UsageFault_Handler
 .text.DebugMon_Handler
                0x00000000080084a8        0xc Src/stm32f1xx_it.o
                0x00000000080084a8                DebugMon_Handler
 .text.DMA1_Channel5_IRQHandler
                0x00000000080084b4       0x14 Src/stm32f1xx_it.o
                0x00000000080084b4                DMA1_Channel5_IRQHandler
 .text.DMA1_Channel6_IRQHandler
                0x00000000080084c8       0x14 Src/stm32f1xx_it.o
                0x00000000080084c8                DMA1_Channel6_IRQHandler
 .text.TIM3_IRQHandler
                0x00000000080084dc       0x14 Src/stm32f1xx_it.o
                0x00000000080084dc                TIM3_IRQHandler
 .text.TIM4_IRQHandler
                0x00000000080084f0       0x14 Src/stm32f1xx_it.o
                0x00000000080084f0                TIM4_IRQHandler
 .text.USART1_IRQHandler
                0x0000000008008504       0x14 Src/stm32f1xx_it.o
                0x0000000008008504                USART1_IRQHandler
 .text.USART2_IRQHandler
                0x0000000008008518       0x14 Src/stm32f1xx_it.o
                0x0000000008008518                USART2_IRQHandler
 .text._getpid  0x000000000800852c        0xe Src/syscalls.o
                0x000000000800852c                _getpid
 .text._kill    0x000000000800853a       0x20 Src/syscalls.o
                0x000000000800853a                _kill
 .text._exit    0x000000000800855a       0x14 Src/syscalls.o
                0x000000000800855a                _exit
 *fill*         0x000000000800856e        0x2 
 .text._sbrk    0x0000000008008570       0x58 Src/sysmem.o
                0x0000000008008570                _sbrk
 .text.SystemInit
                0x00000000080085c8       0x68 Src/system_stm32f1xx.o
                0x00000000080085c8                SystemInit
 .text.Reset_Handler
                0x0000000008008630       0x48 Startup/startup_stm32f103c8tx.o
                0x0000000008008630                Reset_Handler
 .text.Default_Handler
                0x0000000008008678        0x2 Startup/startup_stm32f103c8tx.o
                0x0000000008008678                RTC_Alarm_IRQHandler
                0x0000000008008678                EXTI2_IRQHandler
                0x0000000008008678                TIM1_CC_IRQHandler
                0x0000000008008678                PVD_IRQHandler
                0x0000000008008678                EXTI3_IRQHandler
                0x0000000008008678                EXTI0_IRQHandler
                0x0000000008008678                I2C2_EV_IRQHandler
                0x0000000008008678                ADC1_2_IRQHandler
                0x0000000008008678                SPI1_IRQHandler
                0x0000000008008678                TAMPER_IRQHandler
                0x0000000008008678                DMA1_Channel4_IRQHandler
                0x0000000008008678                USART3_IRQHandler
                0x0000000008008678                RTC_IRQHandler
                0x0000000008008678                DMA1_Channel7_IRQHandler
                0x0000000008008678                CAN1_RX1_IRQHandler
                0x0000000008008678                I2C1_EV_IRQHandler
                0x0000000008008678                RCC_IRQHandler
                0x0000000008008678                TIM1_TRG_COM_IRQHandler
                0x0000000008008678                DMA1_Channel1_IRQHandler
                0x0000000008008678                Default_Handler
                0x0000000008008678                EXTI15_10_IRQHandler
                0x0000000008008678                EXTI9_5_IRQHandler
                0x0000000008008678                SPI2_IRQHandler
                0x0000000008008678                EXTI4_IRQHandler
                0x0000000008008678                USB_LP_CAN1_RX0_IRQHandler
                0x0000000008008678                USB_HP_CAN1_TX_IRQHandler
                0x0000000008008678                DMA1_Channel3_IRQHandler
                0x0000000008008678                TIM1_UP_IRQHandler
                0x0000000008008678                WWDG_IRQHandler
                0x0000000008008678                TIM2_IRQHandler
                0x0000000008008678                TIM1_BRK_IRQHandler
                0x0000000008008678                EXTI1_IRQHandler
                0x0000000008008678                I2C2_ER_IRQHandler
                0x0000000008008678                DMA1_Channel2_IRQHandler
                0x0000000008008678                CAN1_SCE_IRQHandler
                0x0000000008008678                FLASH_IRQHandler
                0x0000000008008678                I2C1_ER_IRQHandler
                0x0000000008008678                USBWakeUp_IRQHandler
 .text.__cxa_end_cleanup
                0x000000000800867a        0xc c:/st/stm32cubeide_1.0.0/stm32cubeide/plugins/com.st.stm32cube.ide.mcu.externaltools.gnu-tools-for-stm32.7-2018-q2-update.win32_1.0.0.201904181610/tools/bin/../lib/gcc/arm-none-eabi/7.3.1/../../../../arm-none-eabi/lib/thumb/v7-m\libstdc++_nano.a(eh_arm.o)
                0x000000000800867a                __cxa_end_cleanup
 .text._ZN10__cxxabiv1L24__is_gxx_exception_classEPc
                0x0000000008008686       0x3a c:/st/stm32cubeide_1.0.0/stm32cubeide/plugins/com.st.stm32cube.ide.mcu.externaltools.gnu-tools-for-stm32.7-2018-q2-update.win32_1.0.0.201904181610/tools/bin/../lib/gcc/arm-none-eabi/7.3.1/../../../../arm-none-eabi/lib/thumb/v7-m\libstdc++_nano.a(eh_arm.o)
 .text.__cxa_type_match
                0x00000000080086c0       0xbc c:/st/stm32cubeide_1.0.0/stm32cubeide/plugins/com.st.stm32cube.ide.mcu.externaltools.gnu-tools-for-stm32.7-2018-q2-update.win32_1.0.0.201904181610/tools/bin/../lib/gcc/arm-none-eabi/7.3.1/../../../../arm-none-eabi/lib/thumb/v7-m\libstdc++_nano.a(eh_arm.o)
                0x00000000080086c0                __cxa_type_match
 .text.__cxa_begin_cleanup
                0x000000000800877c       0x3a c:/st/stm32cubeide_1.0.0/stm32cubeide/plugins/com.st.stm32cube.ide.mcu.externaltools.gnu-tools-for-stm32.7-2018-q2-update.win32_1.0.0.201904181610/tools/bin/../lib/gcc/arm-none-eabi/7.3.1/../../../../arm-none-eabi/lib/thumb/v7-m\libstdc++_nano.a(eh_arm.o)
                0x000000000800877c                __cxa_begin_cleanup
 .text.__gnu_end_cleanup
                0x00000000080087b6       0x32 c:/st/stm32cubeide_1.0.0/stm32cubeide/plugins/com.st.stm32cube.ide.mcu.externaltools.gnu-tools-for-stm32.7-2018-q2-update.win32_1.0.0.201904181610/tools/bin/../lib/gcc/arm-none-eabi/7.3.1/../../../../arm-none-eabi/lib/thumb/v7-m\libstdc++_nano.a(eh_arm.o)
                0x00000000080087b6                __gnu_end_cleanup
 .text.__cxa_pure_virtual
                0x00000000080087e8        0x6 c:/st/stm32cubeide_1.0.0/stm32cubeide/plugins/com.st.stm32cube.ide.mcu.externaltools.gnu-tools-for-stm32.7-2018-q2-update.win32_1.0.0.201904181610/tools/bin/../lib/gcc/arm-none-eabi/7.3.1/../../../../arm-none-eabi/lib/thumb/v7-m\libstdc++_nano.a(pure.o)
                0x00000000080087e8                __cxa_pure_virtual
 *fill*         0x00000000080087ee        0x2 
 .text.__cxa_get_globals
                0x00000000080087f0        0x8 c:/st/stm32cubeide_1.0.0/stm32cubeide/plugins/com.st.stm32cube.ide.mcu.externaltools.gnu-tools-for-stm32.7-2018-q2-update.win32_1.0.0.201904181610/tools/bin/../lib/gcc/arm-none-eabi/7.3.1/../../../../arm-none-eabi/lib/thumb/v7-m\libstdc++_nano.a(eh_globals.o)
                0x00000000080087f0                __cxa_get_globals
 .text._Znaj    0x00000000080087f8        0x4 c:/st/stm32cubeide_1.0.0/stm32cubeide/plugins/com.st.stm32cube.ide.mcu.externaltools.gnu-tools-for-stm32.7-2018-q2-update.win32_1.0.0.201904181610/tools/bin/../lib/gcc/arm-none-eabi/7.3.1/../../../../arm-none-eabi/lib/thumb/v7-m\libstdc++_nano.a(new_opv.o)
                0x00000000080087f8                operator new[](unsigned int)
 .text._ZdlPvj  0x00000000080087fc        0x4 c:/st/stm32cubeide_1.0.0/stm32cubeide/plugins/com.st.stm32cube.ide.mcu.externaltools.gnu-tools-for-stm32.7-2018-q2-update.win32_1.0.0.201904181610/tools/bin/../lib/gcc/arm-none-eabi/7.3.1/../../../../arm-none-eabi/lib/thumb/v7-m\libstdc++_nano.a(del_ops.o)
                0x00000000080087fc                operator delete(void*, unsigned int)
 .text._ZL12read_uleb128PKhPm
                0x0000000008008800       0x22 c:/st/stm32cubeide_1.0.0/stm32cubeide/plugins/com.st.stm32cube.ide.mcu.externaltools.gnu-tools-for-stm32.7-2018-q2-update.win32_1.0.0.201904181610/tools/bin/../lib/gcc/arm-none-eabi/7.3.1/../../../../arm-none-eabi/lib/thumb/v7-m\libstdc++_nano.a(eh_personality.o)
 .text._ZL12read_sleb128PKhPl
                0x0000000008008822       0x30 c:/st/stm32cubeide_1.0.0/stm32cubeide/plugins/com.st.stm32cube.ide.mcu.externaltools.gnu-tools-for-stm32.7-2018-q2-update.win32_1.0.0.201904181610/tools/bin/../lib/gcc/arm-none-eabi/7.3.1/../../../../arm-none-eabi/lib/thumb/v7-m\libstdc++_nano.a(eh_personality.o)
 .text._ZL28read_encoded_value_with_basehjPKhPj
                0x0000000008008852       0x88 c:/st/stm32cubeide_1.0.0/stm32cubeide/plugins/com.st.stm32cube.ide.mcu.externaltools.gnu-tools-for-stm32.7-2018-q2-update.win32_1.0.0.201904181610/tools/bin/../lib/gcc/arm-none-eabi/7.3.1/../../../../arm-none-eabi/lib/thumb/v7-m\libstdc++_nano.a(eh_personality.o)
 .text._Unwind_GetGR
                0x00000000080088da       0x18 c:/st/stm32cubeide_1.0.0/stm32cubeide/plugins/com.st.stm32cube.ide.mcu.externaltools.gnu-tools-for-stm32.7-2018-q2-update.win32_1.0.0.201904181610/tools/bin/../lib/gcc/arm-none-eabi/7.3.1/../../../../arm-none-eabi/lib/thumb/v7-m\libstdc++_nano.a(eh_personality.o)
 .text._ZL21base_of_encoded_valuehP15_Unwind_Context.part.3
                0x00000000080088f2       0x44 c:/st/stm32cubeide_1.0.0/stm32cubeide/plugins/com.st.stm32cube.ide.mcu.externaltools.gnu-tools-for-stm32.7-2018-q2-update.win32_1.0.0.201904181610/tools/bin/../lib/gcc/arm-none-eabi/7.3.1/../../../../arm-none-eabi/lib/thumb/v7-m\libstdc++_nano.a(eh_personality.o)
 .text._ZL18read_encoded_valueP15_Unwind_ContexthPKhPj
                0x0000000008008936       0x28 c:/st/stm32cubeide_1.0.0/stm32cubeide/plugins/com.st.stm32cube.ide.mcu.externaltools.gnu-tools-for-stm32.7-2018-q2-update.win32_1.0.0.201904181610/tools/bin/../lib/gcc/arm-none-eabi/7.3.1/../../../../arm-none-eabi/lib/thumb/v7-m\libstdc++_nano.a(eh_personality.o)
 .text._ZL17parse_lsda_headerP15_Unwind_ContextPKhP16lsda_header_info
                0x000000000800895e       0x5a c:/st/stm32cubeide_1.0.0/stm32cubeide/plugins/com.st.stm32cube.ide.mcu.externaltools.gnu-tools-for-stm32.7-2018-q2-update.win32_1.0.0.201904181610/tools/bin/../lib/gcc/arm-none-eabi/7.3.1/../../../../arm-none-eabi/lib/thumb/v7-m\libstdc++_nano.a(eh_personality.o)
 .text.__gxx_personality_v0
                0x00000000080089b8      0x380 c:/st/stm32cubeide_1.0.0/stm32cubeide/plugins/com.st.stm32cube.ide.mcu.externaltools.gnu-tools-for-stm32.7-2018-q2-update.win32_1.0.0.201904181610/tools/bin/../lib/gcc/arm-none-eabi/7.3.1/../../../../arm-none-eabi/lib/thumb/v7-m\libstdc++_nano.a(eh_personality.o)
                0x00000000080089b8                __gxx_personality_v0
 .text._Znwj    0x0000000008008d38       0x22 c:/st/stm32cubeide_1.0.0/stm32cubeide/plugins/com.st.stm32cube.ide.mcu.externaltools.gnu-tools-for-stm32.7-2018-q2-update.win32_1.0.0.201904181610/tools/bin/../lib/gcc/arm-none-eabi/7.3.1/../../../../arm-none-eabi/lib/thumb/v7-m\libstdc++_nano.a(new_op.o)
                0x0000000008008d38                operator new(unsigned int)
 *fill*         0x0000000008008d5a        0x2 
 .text._ZSt15get_new_handlerv
                0x0000000008008d5c       0x10 c:/st/stm32cubeide_1.0.0/stm32cubeide/plugins/com.st.stm32cube.ide.mcu.externaltools.gnu-tools-for-stm32.7-2018-q2-update.win32_1.0.0.201904181610/tools/bin/../lib/gcc/arm-none-eabi/7.3.1/../../../../arm-none-eabi/lib/thumb/v7-m\libstdc++_nano.a(new_handler.o)
                0x0000000008008d5c                std::get_new_handler()